Info: constrained 'clk_12mhz' to bel 'X12/Y31/io1'
Info: constrained 'ser_rx' to bel 'X13/Y0/io1'
Info: constrained 'ser_tx' to bel 'X15/Y0/io0'
Info: constrained 'flash_clk' to bel 'X24/Y0/io0'
Info: constrained 'flash_csb' to bel 'X24/Y0/io1'
Info: constrained 'flash_io0' to bel 'X23/Y0/io0'
Info: constrained 'flash_io1' to bel 'X23/Y0/io1'
Info: constrained 'flash_io2' to bel 'X18/Y0/io0'
Info: constrained 'flash_io3' to bel 'X19/Y0/io0'
Info: constrained 'P1A1' to bel 'X9/Y0/io0'
Info: constrained 'P1A2' to bel 'X8/Y0/io0'
Info: constrained 'P1A3' to bel 'X6/Y0/io0'
Info: constrained 'P1A4' to bel 'X7/Y0/io1'
Info: constrained 'P1A7' to bel 'X9/Y0/io1'
Info: constrained 'P1A8' to bel 'X7/Y0/io0'
Info: constrained 'P1A9' to bel 'X5/Y0/io0'
Info: constrained 'P1A10' to bel 'X6/Y0/io1'
Info: constrained 'led1' to bel 'X18/Y31/io0'
Info: constrained 'led2' to bel 'X18/Y31/io1'
Info: constrained 'led3' to bel 'X19/Y31/io1'
Info: constrained 'led4' to bel 'X19/Y31/io0'
Info: constrained 'led5' to bel 'X18/Y0/io1'
Info: constrained 'ledr_n' to bel 'X17/Y0/io0'
Info: constrained 'ledg_n' to bel 'X13/Y31/io0'

Info: Packing constants..
Info: Packing IOs..
Info: flash_io3 feeds SB_IO flash_io_buf[3], removing $nextpnr_iobuf flash_io3.
Info: flash_io2 feeds SB_IO flash_io_buf[2], removing $nextpnr_iobuf flash_io2.
Info: flash_io1 feeds SB_IO flash_io_buf[1], removing $nextpnr_iobuf flash_io1.
Info: flash_io0 feeds SB_IO flash_io_buf[0], removing $nextpnr_iobuf flash_io0.
Info: Packing LUT-FFs..
Info:     3374 LCs used as LUT4 only
Info:      984 LCs used as LUT4 and DFF
Info: Packing non-LUT FFs..
Info:      659 LCs used as DFF only
Info: Packing carries..
Info:      188 LCs used as CARRY only
Info: Packing indirect carry+LUT pairs...
Info:       68 LUTs merged into carry LCs
Info: Packing RAMs..
Info: Placing PLLs..
Info:   constrained PLL 'pll' to X12/Y31/pll_3
Info: Packing special functions..
Info: Packing PLLs..
Info:   PLL 'pll' has LOCK output, need to pass all outputs via LUT
Info:   LUT strategy for LOCK: move all users to new LUT
Info:   constrained 'pll_PLL$nextpnr_LOCK_lut_through' to X1/Y30/lc0
Info: Promoting globals..
Info: promoting clk (fanout 1676)
Info: promoting iomem_ready_SB_LUT4_I1_1_O_SB_LUT4_I3_4_O[0] [reset] (fanout 571)
Info: promoting soc.cpu.genblk2.pcpi_div.divisor_SB_DFFE_Q_10_D_SB_LUT4_O_I3[1] [reset] (fanout 95)
Info: promoting ser_tx_SB_DFFESS_Q_E [reset] (fanout 32)
Info: promoting soc.cpu.decoded_imm_SB_DFFESR_Q_20_D_SB_LUT4_O_I3_SB_LUT4_I3_O [reset] (fanout 31)
Info: promoting soc.cpu.genblk2.pcpi_div.pcpi_rd_SB_DFF_Q_D_SB_LUT4_O_I3_SB_LUT4_O_I2_SB_CARRY_I1_CO_SB_CARRY_CI_CO_SB_CARRY_CI_CO_SB_CARRY_CI_CO_SB_CARRY_CI_CO_SB_CARRY_CI_CO_SB_CARRY_CI_CO_SB_CARRY_CI_CO_SB_CARRY_CI_CO_SB_CARRY_CI_CO_SB_CARRY_CI_CO_SB_CARRY_CI_CO_SB_CARRY_CI_CO_SB_CARRY_CI_CO_SB_CARRY_CI_CO_SB_CARRY_CI_CO_SB_CARRY_CI_CO_SB_CARRY_CI_CO_SB_CARRY_CI_CO_SB_CARRY_CI_CO_SB_CARRY_CI_CO_SB_CARRY_CI_CO_SB_CARRY_CI_CO_SB_CARRY_CI_CO_SB_CARRY_CI_CO_SB_CARRY_CI_CO_SB_CARRY_CI_CO_SB_CARRY_CI_CO_SB_CARRY_CI_CO_SB_CARRY_CI_CO_SB_CARRY_CI_CO_SB_CARRY_CI_CO_SB_LUT4_I3_O[0] [cen] (fanout 95)
Info: promoting soc.cpu.decoder_pseudo_trigger_SB_LUT4_I2_O[0] [cen] (fanout 70)
Info: promoting soc.cpu.genblk1.pcpi_mul.active_SB_LUT4_I2_O [cen] (fanout 66)
Info: Constraining chains...
Info:       31 LCs used to legalise carry chains.
Info: Checksum: 0x1de0c4e9

Info: Device utilisation:
Info: 	         ICESTORM_LC:    5171/   5280    97%
Info: 	        ICESTORM_RAM:      13/     30    43%
Info: 	               SB_IO:      24/     96    25%
Info: 	               SB_GB:       8/      8   100%
Info: 	        ICESTORM_PLL:       1/      1   100%
Info: 	         SB_WARMBOOT:       0/      1     0%
Info: 	        ICESTORM_DSP:       4/      8    50%
Info: 	      ICESTORM_HFOSC:       0/      1     0%
Info: 	      ICESTORM_LFOSC:       0/      1     0%
Info: 	              SB_I2C:       0/      2     0%
Info: 	              SB_SPI:       0/      2     0%
Info: 	              IO_I3C:       0/      2     0%
Info: 	         SB_LEDDA_IP:       0/      1     0%
Info: 	         SB_RGBA_DRV:       0/      1     0%
Info: 	      ICESTORM_SPRAM:       4/      4   100%

Info: Placed 26 cells based on constraints.
Info: Creating initial analytic placement for 4147 cells, random placement wirelen = 128469.
Info:     at initial placer iter 0, wirelen = 3166
Info:     at initial placer iter 1, wirelen = 3048
Info:     at initial placer iter 2, wirelen = 3038
Info:     at initial placer iter 3, wirelen = 3024
Info: Running main analytical placer, max placement attempts per cell = 3412578.
Info:     at iteration #1, type ALL: wirelen solved = 3051, spread = 55908, legal = 62919; time = 0.46s
Info:     at iteration #2, type ALL: wirelen solved = 3459, spread = 47627, legal = 57516; time = 0.40s
Info:     at iteration #3, type ALL: wirelen solved = 4522, spread = 44754, legal = 52930; time = 0.31s
Info:     at iteration #4, type ALL: wirelen solved = 5942, spread = 40690, legal = 51592; time = 0.37s
Info:     at iteration #5, type ALL: wirelen solved = 7027, spread = 37705, legal = 51752; time = 0.34s
Info:     at iteration #6, type ALL: wirelen solved = 8211, spread = 35759, legal = 45934; time = 0.35s
Info:     at iteration #7, type ALL: wirelen solved = 9373, spread = 33752, legal = 44665; time = 0.38s
Info:     at iteration #8, type ALL: wirelen solved = 10662, spread = 32702, legal = 42435; time = 0.35s
Info:     at iteration #9, type ALL: wirelen solved = 11255, spread = 31823, legal = 42249; time = 0.34s
Info:     at iteration #10, type ALL: wirelen solved = 12096, spread = 32651, legal = 41380; time = 0.31s
Info:     at iteration #11, type ALL: wirelen solved = 12702, spread = 30538, legal = 40403; time = 0.35s
Info:     at iteration #12, type ALL: wirelen solved = 13019, spread = 31090, legal = 40208; time = 0.35s
Info:     at iteration #13, type ALL: wirelen solved = 14119, spread = 30504, legal = 40529; time = 0.31s
Info:     at iteration #14, type ALL: wirelen solved = 14345, spread = 30729, legal = 42940; time = 0.43s
Info:     at iteration #15, type ALL: wirelen solved = 14885, spread = 30479, legal = 40552; time = 0.42s
Info:     at iteration #16, type ALL: wirelen solved = 15047, spread = 30723, legal = 40483; time = 0.34s
Info:     at iteration #17, type ALL: wirelen solved = 15959, spread = 31003, legal = 38951; time = 0.29s
Info:     at iteration #18, type ALL: wirelen solved = 16599, spread = 30727, legal = 40273; time = 0.36s
Info:     at iteration #19, type ALL: wirelen solved = 16975, spread = 31295, legal = 40859; time = 0.27s
Info:     at iteration #20, type ALL: wirelen solved = 17526, spread = 31266, legal = 39117; time = 0.29s
Info:     at iteration #21, type ALL: wirelen solved = 17857, spread = 31298, legal = 37788; time = 0.27s
Info:     at iteration #22, type ALL: wirelen solved = 18223, spread = 31100, legal = 38725; time = 0.29s
Info:     at iteration #23, type ALL: wirelen solved = 18665, spread = 31135, legal = 39416; time = 0.34s
Info:     at iteration #24, type ALL: wirelen solved = 19078, spread = 30815, legal = 39688; time = 0.30s
Info:     at iteration #25, type ALL: wirelen solved = 19144, spread = 31075, legal = 38983; time = 0.29s
Info:     at iteration #26, type ALL: wirelen solved = 19047, spread = 31157, legal = 38734; time = 0.24s
Info: HeAP Placer Time: 9.64s
Info:   of which solving equations: 1.41s
Info:   of which spreading cells: 0.20s
Info:   of which strict legalisation: 7.31s

Info: Running simulated annealing placer for refinement.
Info:   at iteration #1: temp = 0.000000, timing cost = 1967, wirelen = 37788
Info:   at iteration #5: temp = 0.000000, timing cost = 1649, wirelen = 31321
Info:   at iteration #10: temp = 0.000000, timing cost = 1748, wirelen = 29856
Info:   at iteration #15: temp = 0.000000, timing cost = 1770, wirelen = 29132
Info:   at iteration #20: temp = 0.000000, timing cost = 1750, wirelen = 28545
Info:   at iteration #25: temp = 0.000000, timing cost = 1739, wirelen = 28426
Info:   at iteration #30: temp = 0.000000, timing cost = 1738, wirelen = 28366
Info:   at iteration #35: temp = 0.000000, timing cost = 1738, wirelen = 28342
Info:   at iteration #37: temp = 0.000000, timing cost = 1734, wirelen = 28331 
Info: SA placement time 5.67s

Info: Max frequency for clock     'clk_fast': 251.57 MHz (PASS at 15.00 MHz)
Info: Max frequency for clock 'clk_$glb_clk': 16.73 MHz (PASS at 15.00 MHz)

Info: Max delay <async>              -> posedge clk_$glb_clk: 33.12 ns
Info: Max delay posedge clk_$glb_clk -> <async>             : 18.77 ns
Info: Max delay negedge clk_$glb_clk -> <async>             : 10.79 ns

Info: Slack histogram:
Info:  legend: * represents 18 endpoint(s)
Info:          + represents [1,18) endpoint(s)
Info: [  6910,   9769) |**+
Info: [  9769,  12628) |***+
Info: [ 12628,  15487) |*****+
Info: [ 15487,  18346) |******+
Info: [ 18346,  21205) |****+
Info: [ 21205,  24064) |*+
Info: [ 24064,  26923) |**+
Info: [ 26923,  29782) |******+
Info: [ 29782,  32641) |******************+
Info: [ 32641,  35500) |************+
Info: [ 35500,  38359) |**********+
Info: [ 38359,  41218) |***********+
Info: [ 41218,  44077) |***********************+
Info: [ 44077,  46936) |***************************************************+
Info: [ 46936,  49795) |*******************+
Info: [ 49795,  52654) |*******************+
Info: [ 52654,  55513) |******************+
Info: [ 55513,  58372) |*******************+
Info: [ 58372,  61231) |******************************************+
Info: [ 61231,  64090) |************************************************************ 
Info: Checksum: 0xbf025a79

Info: Routing..
Info: Setting up routing queue.
Info: Routing 17388 arcs.
Info:            |   (re-)routed arcs  |   delta    | remaining|       time spent     |
Info:    IterCnt |  w/ripup   wo/ripup |  w/r  wo/r |      arcs| batch(sec) total(sec)|
Info:       1000 |       88        911 |   88   911 |     16506|       0.55       0.55|
Info:       2000 |      173       1826 |   85   915 |     15626|       0.28       0.83|
Info:       3000 |      376       2623 |  203   797 |     14865|       0.20       1.03|
Info:       4000 |      709       3290 |  333   667 |     14260|       0.16       1.19|
Info:       5000 |      950       4049 |  241   759 |     13557|       0.17       1.36|
Info:       6000 |     1232       4767 |  282   718 |     12914|       0.16       1.52|
Info:       7000 |     1421       5558 |  189   791 |     12206|       0.24       1.76|
Info:       8000 |     1678       6266 |  257   708 |     11611|       0.23       1.99|
Info:       9000 |     2014       6914 |  336   648 |     11190|       0.29       2.28|
Info:      10000 |     2362       7506 |  348   592 |     10759|       0.30       2.57|
Info:      11000 |     2718       8097 |  356   591 |     10346|       0.25       2.82|
Info:      12000 |     3087       8722 |  369   625 |     10011|       0.29       3.11|
Info:      13000 |     3523       9286 |  436   564 |      9710|       0.26       3.38|
Info:      14000 |     3910       9871 |  387   585 |      9466|       0.30       3.67|
Info:      15000 |     4307      10474 |  397   603 |      9192|       0.28       3.96|
Info:      16000 |     4789      10990 |  482   516 |      8958|       0.32       4.27|
Info:      17000 |     5272      11486 |  483   496 |      8749|       0.31       4.59|
Info:      18000 |     5791      11967 |  519   481 |      8638|       0.34       4.93|
Info:      19000 |     6281      12472 |  490   505 |      8450|       0.31       5.24|
Info:      20000 |     6785      12911 |  504   439 |      8205|       0.33       5.57|
Info:      21000 |     7322      13374 |  537   463 |      8084|       0.35       5.91|
Info:      22000 |     7824      13842 |  502   468 |      7925|       0.31       6.22|
Info:      23000 |     8339      14275 |  515   433 |      7705|       0.27       6.49|
Info:      24000 |     8848      14758 |  509   483 |      7597|       0.35       6.84|
Info:      25000 |     9310      15233 |  462   475 |      7411|       0.33       7.17|
Info:      26000 |     9819      15724 |  509   491 |      7346|       0.31       7.48|
Info:      27000 |    10290      16236 |  471   512 |      7199|       0.35       7.83|
Info:      28000 |    10767      16682 |  477   446 |      6959|       0.28       8.10|
Info:      29000 |    11341      17082 |  574   400 |      6862|       0.34       8.44|
Info:      30000 |    11880      17543 |  539   461 |      6809|       0.32       8.76|
Info:      31000 |    12443      17979 |  563   436 |      6686|       0.29       9.05|
Info:      32000 |    12967      18405 |  524   426 |      6557|       0.28       9.33|
Info:      33000 |    13583      18789 |  616   384 |      6545|       0.36       9.70|
Info:      34000 |    14070      19266 |  487   477 |      6278|       0.23       9.93|
Info:      35000 |    14550      19736 |  480   470 |      6101|       0.25      10.18|
Info:      36000 |    15070      20212 |  520   476 |      5980|       0.25      10.43|
Info:      37000 |    15578      20676 |  508   464 |      5727|       0.25      10.69|
Info:      38000 |    16111      21142 |  533   466 |      5640|       0.37      11.05|
Info:      39000 |    16660      21566 |  549   424 |      5519|       0.26      11.31|
Info:      40000 |    17207      22019 |  547   453 |      5359|       0.30      11.61|
Info:      41000 |    17785      22440 |  578   421 |      5314|       0.38      11.99|
Info:      42000 |    18373      22852 |  588   412 |      5301|       0.36      12.35|
Info:      43000 |    18928      23297 |  555   445 |      5217|       0.32      12.67|
Info:      44000 |    19520      23704 |  592   407 |      5181|       0.39      13.06|
Info:      45000 |    20036      24162 |  516   458 |      4916|       0.31      13.37|
Info:      46000 |    20532      24665 |  496   503 |      4716|       0.33      13.70|
Info:      47000 |    20980      25217 |  448   552 |      4452|       0.27      13.97|
Info:      48000 |    21584      25613 |  604   396 |      4380|       0.35      14.32|
Info:      49000 |    22125      26072 |  541   459 |      4253|       0.31      14.63|
Info:      50000 |    22683      26514 |  558   442 |      4137|       0.33      14.95|
Info:      51000 |    23214      26956 |  531   442 |      3968|       0.30      15.26|
Info:      52000 |    23744      27426 |  530   470 |      3756|       0.28      15.54|
Info:      53000 |    24382      27788 |  638   362 |      3668|       0.27      15.81|
Info:      54000 |    24994      28175 |  612   387 |      3581|       0.36      16.17|
Info:      55000 |    25563      28606 |  569   431 |      3536|       0.33      16.50|
Info:      56000 |    26140      29029 |  577   423 |      3465|       0.34      16.84|
Info:      57000 |    26657      29512 |  517   483 |      3451|       0.34      17.18|
Info:      58000 |    27196      29919 |  539   407 |      3337|       0.30      17.48|
Info:      59000 |    27816      30299 |  620   380 |      3308|       0.34      17.82|
Info:      60000 |    28489      30626 |  673   327 |      3276|       0.41      18.23|
Info:      61000 |    29099      31016 |  610   390 |      3194|       0.52      18.74|
Info:      62000 |    29683      31432 |  584   416 |      3180|       0.45      19.19|
Info:      63000 |    30263      31852 |  580   420 |      3083|       0.34      19.53|
Info:      64000 |    30941      32174 |  678   322 |      3055|       0.34      19.87|
Info:      65000 |    31572      32543 |  631   369 |      3028|       0.38      20.24|
Info:      66000 |    32188      32927 |  616   384 |      3020|       0.44      20.68|
Info:      67000 |    32729      33386 |  541   459 |      2873|       0.36      21.05|
Info:      68000 |    33383      33732 |  654   346 |      2877|       0.37      21.41|
Info:      69000 |    34026      34089 |  643   357 |      2871|       0.36      21.78|
Info:      70000 |    34718      34397 |  692   308 |      2897|       0.39      22.16|
Info:      71000 |    35309      34806 |  591   409 |      2865|       0.42      22.58|
Info:      72000 |    35965      35150 |  656   344 |      2802|       0.40      22.98|
Info:      73000 |    36545      35570 |  580   420 |      2732|       0.40      23.38|
Info:      74000 |    37217      35898 |  672   328 |      2771|       0.39      23.77|
Info:      75000 |    37775      36340 |  558   442 |      2684|       0.35      24.12|
Info:      76000 |    38323      36792 |  548   452 |      2583|       0.43      24.56|
Info:      77000 |    38931      37184 |  608   392 |      2511|       0.51      25.06|
Info:      78000 |    39473      37642 |  542   458 |      2447|       0.34      25.41|
Info:      79000 |    40043      38067 |  570   425 |      2388|       0.35      25.75|
Info:      80000 |    40663      38444 |  620   377 |      2298|       0.36      26.11|
Info:      81000 |    41242      38865 |  579   421 |      2222|       0.36      26.48|
Info:      82000 |    41904      39203 |  662   338 |      2188|       0.39      26.86|
Info:      83000 |    42483      39624 |  579   421 |      2140|       0.33      27.19|
Info:      84000 |    43113      39994 |  630   370 |      2049|       0.29      27.49|
Info:      85000 |    43702      40405 |  589   411 |      2007|       0.39      27.87|
Info:      86000 |    44297      40810 |  595   405 |      1993|       0.37      28.24|
Info:      87000 |    44914      41193 |  617   383 |      1941|       0.37      28.62|
Info:      88000 |    45565      41542 |  651   349 |      1889|       0.45      29.06|
Info:      89000 |    46207      41900 |  642   358 |      1897|       0.39      29.46|
Info:      90000 |    46833      42274 |  626   374 |      1840|       0.40      29.86|
Info:      91000 |    47512      42595 |  679   321 |      1818|       0.35      30.21|
Info:      92000 |    48144      42963 |  632   368 |      1781|       0.31      30.52|
Info:      93000 |    48750      43356 |  606   393 |      1758|       0.37      30.89|
Info:      94000 |    49403      43703 |  653   347 |      1725|       0.56      31.45|
Info:      95000 |    49976      44128 |  573   425 |      1565|       0.30      31.75|
Info:      96000 |    50545      44551 |  569   423 |      1348|       0.28      32.03|
Info:      97000 |    51075      45016 |  530   465 |      1094|       0.30      32.34|
Info:      98000 |    51522      45569 |  447   553 |       767|       0.40      32.74|
Info:      99000 |    52043      46048 |  521   479 |       509|       0.34      33.07|
Info:     100000 |    52591      46500 |  548   452 |       341|       0.42      33.49|
Info:     101000 |    53143      46947 |  552   447 |       203|       0.43      33.93|
Info:     102000 |    53699      47391 |  556   444 |        62|       0.42      34.35|
Info:     102501 |    53922      47670 |  223   279 |         0|       0.22      34.56|
Info: Routing complete.
Info: Router1 time 34.56s
Info: Checksum: 0x037e7b2c

Info: Critical path report for clock 'clk_fast' (posedge -> posedge):
Info:       type curr  total name
Info:   clk-to-q  1.39  1.39 Source clk_15mhz_SB_DFF_Q_D_SB_LUT4_O_LC.O
Info:    routing  1.76  3.15 Net clk (13,30) -> (13,30)
Info:                          Sink clk_15mhz_SB_DFF_Q_D_SB_LUT4_O_LC.I3
Info:                          Defined in:
Info:                               spimemio.v:379.8-379.11
Info:      setup  0.82  3.97 Source clk_15mhz_SB_DFF_Q_D_SB_LUT4_O_LC.I3
Info: 2.21 ns logic, 1.76 ns routing

Info: Critical path report for clock 'clk_$glb_clk' (posedge -> posedge):
Info:       type curr  total name
Info:   clk-to-q  1.39  1.39 Source soc.spimem_cache.cache_valid[19]_SB_DFFESS_Q_DFFLC.O
Info:    routing  3.49  4.89 Net soc.spimem_cache.cache_valid[19] (9,25) -> (4,24)
Info:                          Sink soc.spimem_cache.cache_valid[19]_SB_LUT4_I3_LC.I3
Info:      logic  0.87  5.76 Source soc.spimem_cache.cache_valid[19]_SB_LUT4_I3_LC.O
Info:    routing  1.76  7.52 Net soc.spimem_cache.cache_valid[19]_SB_LUT4_I3_O[2] (4,24) -> (3,24)
Info:                          Sink soc.spimem_cache.cache_valid[20]_SB_LUT4_I3_O_SB_LUT4_O_LC.I3
Info:                          Defined in:
Info:                               /homes/cl2033/oss-cad-suite/lib/../share/yosys/ice40/cells_map.v:6.21-6.22
Info:      logic  0.87  8.39 Source soc.spimem_cache.cache_valid[20]_SB_LUT4_I3_O_SB_LUT4_O_LC.O
Info:    routing  1.76  10.15 Net soc.spimem_cache.cache_valid[20]_SB_LUT4_I3_O[3] (3,24) -> (2,24)
Info:                          Sink soc.spimem_cache.cache_valid[20]_SB_LUT4_I3_O_SB_LUT4_I3_LC.I3
Info:                          Defined in:
Info:                               /homes/cl2033/oss-cad-suite/lib/../share/yosys/ice40/cells_map.v:6.21-6.22
Info:      logic  0.87  11.03 Source soc.spimem_cache.cache_valid[20]_SB_LUT4_I3_O_SB_LUT4_I3_LC.O
Info:    routing  1.76  12.79 Net soc.spimem_cache.cache_valid[20]_SB_LUT4_I3_O_SB_LUT4_I3_O[2] (2,24) -> (2,24)
Info:                          Sink soc.spimem_cache.cache_valid[28]_SB_LUT4_I3_O_SB_LUT4_I3_O_SB_LUT4_O_LC.I3
Info:                          Defined in:
Info:                               /homes/cl2033/oss-cad-suite/lib/../share/yosys/ice40/cells_map.v:6.21-6.22
Info:      logic  0.87  13.66 Source soc.spimem_cache.cache_valid[28]_SB_LUT4_I3_O_SB_LUT4_I3_O_SB_LUT4_O_LC.O
Info:    routing  2.30  15.97 Net soc.spimem_cache.cache_valid[28]_SB_LUT4_I3_O_SB_LUT4_I3_O[2] (2,24) -> (3,24)
Info:                          Sink soc.spimem_cache.cache_tag.0.0_RDATA_2_SB_LUT4_I3_O_SB_LUT4_I3_O_SB_LUT4_O_LC.I2
Info:                          Defined in:
Info:                               /homes/cl2033/oss-cad-suite/lib/../share/yosys/ice40/cells_map.v:6.21-6.22
Info:      logic  1.21  17.17 Source soc.spimem_cache.cache_tag.0.0_RDATA_2_SB_LUT4_I3_O_SB_LUT4_I3_O_SB_LUT4_O_LC.O
Info:    routing  4.48  21.65 Net soc.spimem_cache.cache_tag.0.0_RDATA_2_SB_LUT4_I3_O_SB_LUT4_I3_O[1] (3,24) -> (22,24)
Info:                          Sink iomem_ready_SB_LUT4_I1_I3_SB_LUT4_I2_1_O_SB_LUT4_O_I3_SB_LUT4_O_1_LC.I1
Info:                          Defined in:
Info:                               /homes/cl2033/oss-cad-suite/lib/../share/yosys/ice40/cells_map.v:6.21-6.22
Info:      logic  1.23  22.88 Source iomem_ready_SB_LUT4_I1_I3_SB_LUT4_I2_1_O_SB_LUT4_O_I3_SB_LUT4_O_1_LC.O
Info:    routing  3.70  26.58 Net iomem_ready_SB_LUT4_I1_I3_SB_LUT4_I2_1_O_SB_LUT4_O_I3[3] (22,24) -> (22,15)
Info:                          Sink soc.spimem_cache.cache_data.0.7_RDATA_3_SB_LUT4_I3_O_SB_LUT4_O_1_LC.I3
Info:                          Defined in:
Info:                               /homes/cl2033/oss-cad-suite/lib/../share/yosys/ice40/cells_map.v:6.21-6.22
Info:      logic  0.87  27.46 Source soc.spimem_cache.cache_data.0.7_RDATA_3_SB_LUT4_I3_O_SB_LUT4_O_1_LC.O
Info:    routing  3.49  30.95 Net soc.spimem_cache.cache_data.0.0_RDATA_1_SB_LUT4_I3_O[3] (22,15) -> (15,14)
Info:                          Sink soc.spimem_cache.cache_data.0.7_RDATA_3_SB_LUT4_I3_O_SB_LUT4_I3_LC.I3
Info:                          Defined in:
Info:                               /homes/cl2033/oss-cad-suite/lib/../share/yosys/ice40/cells_map.v:6.21-6.22
Info:      logic  0.87  31.83 Source soc.spimem_cache.cache_data.0.7_RDATA_3_SB_LUT4_I3_O_SB_LUT4_I3_LC.O
Info:    routing  3.49  35.32 Net iomem_ready_SB_LUT4_I1_O_SB_LUT4_O_1_I2[2] (15,14) -> (21,16)
Info:                          Sink soc.spimem_cache.cache_data.0.1_RDATA_1_SB_LUT4_I3_O_SB_LUT4_I2_LC.I3
Info:                          Defined in:
Info:                               /homes/cl2033/oss-cad-suite/lib/../share/yosys/ice40/cells_map.v:6.21-6.22
Info:      logic  0.87  36.20 Source soc.spimem_cache.cache_data.0.1_RDATA_1_SB_LUT4_I3_O_SB_LUT4_I2_LC.O
Info:    routing  1.76  37.96 Net soc.spimem_cache.cache_data.0.1_RDATA_1_SB_LUT4_I3_O_SB_LUT4_I2_O[2] (21,16) -> (22,17)
Info:                          Sink soc.spimem_cache.cache_data.0.1_RDATA_1_SB_LUT4_I3_O_SB_LUT4_I2_O_SB_LUT4_I2_LC.I2
Info:                          Defined in:
Info:                               /homes/cl2033/oss-cad-suite/lib/../share/yosys/ice40/cells_map.v:6.21-6.22
Info:      logic  1.21  39.16 Source soc.spimem_cache.cache_data.0.1_RDATA_1_SB_LUT4_I3_O_SB_LUT4_I2_O_SB_LUT4_I2_LC.O
Info:    routing  1.76  40.92 Net soc.spimem_cache.cache_data.0.1_RDATA_1_SB_LUT4_I3_O_SB_LUT4_I2_O_SB_LUT4_I2_O[3] (22,17) -> (23,18)
Info:                          Sink soc.spimem_cache.cache_data.0.1_RDATA_1_SB_LUT4_I3_O_SB_LUT4_I2_O_SB_LUT4_I2_O_SB_LUT4_I3_LC.I3
Info:                          Defined in:
Info:                               /homes/cl2033/oss-cad-suite/lib/../share/yosys/ice40/cells_map.v:6.21-6.22
Info:      logic  0.87  41.80 Source soc.spimem_cache.cache_data.0.1_RDATA_1_SB_LUT4_I3_O_SB_LUT4_I2_O_SB_LUT4_I2_O_SB_LUT4_I3_LC.O
Info:    routing  1.76  43.56 Net soc.cpu.instr_auipc_SB_DFFE_Q_D_SB_LUT4_O_I3_SB_LUT4_O_I3[0] (23,18) -> (24,19)
Info:                          Sink soc.cpu.instr_jal_SB_DFFE_Q_D_SB_LUT4_O_I1_SB_LUT4_I3_O_SB_LUT4_O_LC.I3
Info:                          Defined in:
Info:                               /homes/cl2033/oss-cad-suite/lib/../share/yosys/ice40/cells_map.v:6.21-6.22
Info:      logic  0.87  44.43 Source soc.cpu.instr_jal_SB_DFFE_Q_D_SB_LUT4_O_I1_SB_LUT4_I3_O_SB_LUT4_O_LC.O
Info:    routing  1.76  46.19 Net soc.cpu.instr_jal_SB_DFFE_Q_D_SB_LUT4_O_I1_SB_LUT4_I3_O[3] (24,19) -> (23,20)
Info:                          Sink soc.spimem_cache.cache_data.0.4_RDATA_1_SB_LUT4_I3_O_SB_LUT4_I2_O_SB_LUT4_I2_O_SB_LUT4_I3_O_SB_LUT4_I2_O_SB_LUT4_O_1_LC.I3
Info:                          Defined in:
Info:                               /homes/cl2033/oss-cad-suite/lib/../share/yosys/ice40/cells_map.v:6.21-6.22
Info:      logic  0.87  47.07 Source soc.spimem_cache.cache_data.0.4_RDATA_1_SB_LUT4_I3_O_SB_LUT4_I2_O_SB_LUT4_I2_O_SB_LUT4_I3_O_SB_LUT4_I2_O_SB_LUT4_O_1_LC.O
Info:    routing  2.85  49.92 Net soc.cpu.decoded_imm_j_SB_DFFE_Q_13_D[3] (23,20) -> (20,20)
Info:                          Sink soc.cpu.cpuregs.regs.1.0_RADDR_1_SB_LUT4_O_LC.I3
Info:                          Defined in:
Info:                               /homes/cl2033/oss-cad-suite/lib/../share/yosys/ice40/cells_map.v:6.21-6.22
Info:      logic  0.87  50.79 Source soc.cpu.cpuregs.regs.1.0_RADDR_1_SB_LUT4_O_LC.O
Info:    routing  1.76  52.55 Net soc.cpu.cpuregs.regs.1.0_RADDR_1[2] (20,20) -> (21,21)
Info:                          Sink soc.cpu.cpuregs.regs.1.0_RADDR_SB_LUT4_I3_O_SB_LUT4_O_1_LC.I2
Info:                          Defined in:
Info:                               /homes/cl2033/oss-cad-suite/lib/../share/yosys/ice40/cells_map.v:6.21-6.22
Info:      logic  1.21  53.76 Source soc.cpu.cpuregs.regs.1.0_RADDR_SB_LUT4_I3_O_SB_LUT4_O_1_LC.O
Info:    routing  2.95  56.71 Net soc.cpu.cpuregs.regs.1.0_RADDR_SB_LUT4_I3_O[2] (21,21) -> (17,25)
Info:                          Sink soc.cpu.cpuregs.regs.1.0_RDATA_13_SB_DFF_Q_1_D_SB_LUT4_O_LC.I2
Info:                          Defined in:
Info:                               /homes/cl2033/oss-cad-suite/lib/../share/yosys/ice40/cells_map.v:6.21-6.22
Info:      setup  1.15  57.86 Source soc.cpu.cpuregs.regs.1.0_RDATA_13_SB_DFF_Q_1_D_SB_LUT4_O_LC.I2
Info: 17.00 ns logic, 40.86 ns routing

Info: Critical path report for cross-domain path '<async>' -> 'posedge clk_$glb_clk':
Info:       type curr  total name
Info:     source  0.00  0.00 Source flash_io_buf[1].D_IN_0
Info:    routing  4.25  4.25 Net flash_io1_di (23,0) -> (21,9)
Info:                          Sink flash_io1_di_SB_LUT4_I0_LC.I0
Info:                          Defined in:
Info:                               picosoc.v:140.14-140.32
Info:      logic  1.28  5.53 Source flash_io1_di_SB_LUT4_I0_LC.O
Info:    routing  1.76  7.29 Net flash_io1_di_SB_LUT4_I0_O[3] (21,9) -> (22,10)
Info:                          Sink soc.spimem_cache.cache_data.0.0_RDATA_1_SB_LUT4_I3_O_SB_LUT4_I1_O_SB_LUT4_I2_O_SB_LUT4_O_1_I2_SB_LUT4_O_LC.I3
Info:                          Defined in:
Info:                               /homes/cl2033/oss-cad-suite/lib/../share/yosys/ice40/cells_map.v:6.21-6.22
Info:      logic  0.87  8.17 Source soc.spimem_cache.cache_data.0.0_RDATA_1_SB_LUT4_I3_O_SB_LUT4_I1_O_SB_LUT4_I2_O_SB_LUT4_O_1_I2_SB_LUT4_O_LC.O
Info:    routing  3.06  11.22 Net soc.spimem_cache.cache_data.0.0_RDATA_1_SB_LUT4_I3_O_SB_LUT4_I1_O_SB_LUT4_I2_O_SB_LUT4_O_1_I2[1] (22,10) -> (22,16)
Info:                          Sink soc.spimem_cache.cache_data.0.0_RDATA_1_SB_LUT4_I3_O_SB_LUT4_I1_O_SB_LUT4_I2_O_SB_LUT4_O_1_LC.I2
Info:                          Defined in:
Info:                               /homes/cl2033/oss-cad-suite/lib/../share/yosys/ice40/cells_map.v:6.21-6.22
Info:      logic  1.21  12.43 Source soc.spimem_cache.cache_data.0.0_RDATA_1_SB_LUT4_I3_O_SB_LUT4_I1_O_SB_LUT4_I2_O_SB_LUT4_O_1_LC.O
Info:    routing  1.76  14.19 Net soc.spimem_cache.cache_data.0.0_RDATA_1_SB_LUT4_I3_O_SB_LUT4_I1_O_SB_LUT4_I2_O[2] (22,16) -> (22,17)
Info:                          Sink soc.cpu.instr_jal_SB_DFFE_Q_D_SB_LUT4_O_I1_SB_LUT4_I3_O_SB_LUT4_O_1_I3_SB_LUT4_O_LC.I2
Info:                          Defined in:
Info:                               /homes/cl2033/oss-cad-suite/lib/../share/yosys/ice40/cells_map.v:6.21-6.22
Info:      logic  1.21  15.40 Source soc.cpu.instr_jal_SB_DFFE_Q_D_SB_LUT4_O_I1_SB_LUT4_I3_O_SB_LUT4_O_1_I3_SB_LUT4_O_LC.O
Info:    routing  1.76  17.16 Net soc.cpu.instr_jal_SB_DFFE_Q_D_SB_LUT4_O_I1_SB_LUT4_I3_O_SB_LUT4_O_1_I3[3] (22,17) -> (23,16)
Info:                          Sink soc.cpu.instr_jal_SB_DFFE_Q_D_SB_LUT4_O_I1_SB_LUT4_I3_O_SB_LUT4_O_1_LC.I3
Info:                          Defined in:
Info:                               /homes/cl2033/oss-cad-suite/lib/../share/yosys/ice40/cells_map.v:6.21-6.22
Info:      logic  0.87  18.03 Source soc.cpu.instr_jal_SB_DFFE_Q_D_SB_LUT4_O_I1_SB_LUT4_I3_O_SB_LUT4_O_1_LC.O
Info:    routing  2.99  21.02 Net soc.cpu.instr_jal_SB_DFFE_Q_D_SB_LUT4_O_I1_SB_LUT4_I3_O[0] (23,16) -> (23,20)
Info:                          Sink soc.spimem_cache.cache_data.0.4_RDATA_1_SB_LUT4_I3_O_SB_LUT4_I2_O_SB_LUT4_I2_O_SB_LUT4_I3_O_SB_LUT4_I2_O_SB_LUT4_O_1_LC.I0
Info:                          Defined in:
Info:                               /homes/cl2033/oss-cad-suite/lib/../share/yosys/ice40/cells_map.v:6.21-6.22
Info:      logic  1.28  22.31 Source soc.spimem_cache.cache_data.0.4_RDATA_1_SB_LUT4_I3_O_SB_LUT4_I2_O_SB_LUT4_I2_O_SB_LUT4_I3_O_SB_LUT4_I2_O_SB_LUT4_O_1_LC.O
Info:    routing  2.85  25.15 Net soc.cpu.decoded_imm_j_SB_DFFE_Q_13_D[3] (23,20) -> (20,20)
Info:                          Sink soc.cpu.cpuregs.regs.1.0_RADDR_1_SB_LUT4_O_LC.I3
Info:                          Defined in:
Info:                               /homes/cl2033/oss-cad-suite/lib/../share/yosys/ice40/cells_map.v:6.21-6.22
Info:      logic  0.87  26.03 Source soc.cpu.cpuregs.regs.1.0_RADDR_1_SB_LUT4_O_LC.O
Info:    routing  1.76  27.79 Net soc.cpu.cpuregs.regs.1.0_RADDR_1[2] (20,20) -> (21,21)
Info:                          Sink soc.cpu.cpuregs.regs.1.0_RADDR_SB_LUT4_I3_O_SB_LUT4_O_1_LC.I2
Info:                          Defined in:
Info:                               /homes/cl2033/oss-cad-suite/lib/../share/yosys/ice40/cells_map.v:6.21-6.22
Info:      logic  1.21  28.99 Source soc.cpu.cpuregs.regs.1.0_RADDR_SB_LUT4_I3_O_SB_LUT4_O_1_LC.O
Info:    routing  2.95  31.94 Net soc.cpu.cpuregs.regs.1.0_RADDR_SB_LUT4_I3_O[2] (21,21) -> (17,25)
Info:                          Sink soc.cpu.cpuregs.regs.1.0_RDATA_13_SB_DFF_Q_1_D_SB_LUT4_O_LC.I2
Info:                          Defined in:
Info:                               /homes/cl2033/oss-cad-suite/lib/../share/yosys/ice40/cells_map.v:6.21-6.22
Info:      setup  1.15  33.10 Source soc.cpu.cpuregs.regs.1.0_RDATA_13_SB_DFF_Q_1_D_SB_LUT4_O_LC.I2
Info: 9.96 ns logic, 23.14 ns routing

Info: Critical path report for cross-domain path 'posedge clk_$glb_clk' -> '<async>':
Info:       type curr  total name
Info:   clk-to-q  1.39  1.39 Source soc.spimemio.xfer.dummy_count_SB_DFFESR_Q_D_SB_LUT4_O_LC.O
Info:    routing  1.76  3.15 Net soc.spimemio.xfer.dummy_count[3] (22,2) -> (22,2)
Info:                          Sink soc.spimemio.xfer.xfer_dspi_SB_LUT4_I2_1_O_SB_LUT4_O_LC.I0
Info:                          Defined in:
Info:                               spimemio.v:417.12-417.23
Info:      logic  1.28  4.43 Source soc.spimemio.xfer.xfer_dspi_SB_LUT4_I2_1_O_SB_LUT4_O_LC.O
Info:    routing  1.76  6.20 Net flash_io0_oe_SB_LUT4_O_I3[2] (22,2) -> (21,1)
Info:                          Sink flash_io3_oe_SB_LUT4_O_I3_SB_LUT4_O_LC.I3
Info:                          Defined in:
Info:                               /homes/cl2033/oss-cad-suite/lib/../share/yosys/ice40/cells_map.v:6.21-6.22
Info:      logic  0.87  7.07 Source flash_io3_oe_SB_LUT4_O_I3_SB_LUT4_O_LC.O
Info:    routing  1.76  8.83 Net flash_io3_oe_SB_LUT4_O_I3[2] (21,1) -> (21,1)
Info:                          Sink soc.spimemio.xfer_io3_90_SB_DFFN_Q_D_SB_LUT4_O_LC.I3
Info:                          Defined in:
Info:                               /homes/cl2033/oss-cad-suite/lib/../share/yosys/ice40/cells_map.v:6.21-6.22
Info:      logic  0.87  9.70 Source soc.spimemio.xfer_io3_90_SB_DFFN_Q_D_SB_LUT4_O_LC.O
Info:    routing  1.76  11.47 Net soc.spimemio.xfer_io3_90_SB_DFFN_Q_D[2] (21,1) -> (20,1)
Info:                          Sink soc.spimemio.xfer_io3_90_SB_LUT4_I2_LC.I3
Info:                          Defined in:
Info:                               /homes/cl2033/oss-cad-suite/lib/../share/yosys/ice40/cells_map.v:6.21-6.22
Info:      logic  0.87  12.34 Source soc.spimemio.xfer_io3_90_SB_LUT4_I2_LC.O
Info:    routing  2.95  15.29 Net flash_io3_do_SB_LUT4_O_I3[2] (20,1) -> (17,1)
Info:                          Sink flash_io3_do_SB_LUT4_O_LC.I3
Info:                          Defined in:
Info:                               /homes/cl2033/oss-cad-suite/lib/../share/yosys/ice40/cells_map.v:6.21-6.22
Info:      logic  0.87  16.17 Source flash_io3_do_SB_LUT4_O_LC.O
Info:    routing  3.06  19.22 Net flash_io3_do (17,1) -> (19,0)
Info:                          Sink flash_io_buf[3].D_OUT_0
Info:                          Defined in:
Info:                               spimemio.v:39.9-39.21
Info: 6.17 ns logic, 13.05 ns routing

Info: Critical path report for cross-domain path 'negedge clk_$glb_clk' -> '<async>':
Info:       type curr  total name
Info:   clk-to-q  1.39  1.39 Source soc.spimemio.xfer_io3_90_SB_DFFN_Q_DFFLC.O
Info:    routing  1.76  3.15 Net soc.spimemio.xfer_io3_90 (20,1) -> (20,1)
Info:                          Sink soc.spimemio.xfer_io3_90_SB_LUT4_I2_LC.I2
Info:                          Defined in:
Info:                               /homes/cl2033/oss-cad-suite/lib/../share/yosys/ice40/cells_map.v:6.21-6.22
Info:      logic  1.21  4.36 Source soc.spimemio.xfer_io3_90_SB_LUT4_I2_LC.O
Info:    routing  2.95  7.31 Net flash_io3_do_SB_LUT4_O_I3[2] (20,1) -> (17,1)
Info:                          Sink flash_io3_do_SB_LUT4_O_LC.I3
Info:                          Defined in:
Info:                               /homes/cl2033/oss-cad-suite/lib/../share/yosys/ice40/cells_map.v:6.21-6.22
Info:      logic  0.87  8.18 Source flash_io3_do_SB_LUT4_O_LC.O
Info:    routing  3.06  11.24 Net flash_io3_do (17,1) -> (19,0)
Info:                          Sink flash_io_buf[3].D_OUT_0
Info:                          Defined in:
Info:                               spimemio.v:39.9-39.21
Info: 3.47 ns logic, 7.77 ns routing

Info: Max frequency for clock     'clk_fast': 251.57 MHz (PASS at 15.00 MHz)
Info: Max frequency for clock 'clk_$glb_clk': 17.28 MHz (PASS at 15.00 MHz)

Info: Max delay <async>              -> posedge clk_$glb_clk: 33.10 ns
Info: Max delay posedge clk_$glb_clk -> <async>             : 19.22 ns
Info: Max delay negedge clk_$glb_clk -> <async>             : 11.24 ns

Info: Slack histogram:
Info:  legend: * represents 17 endpoint(s)
Info:          + represents [1,17) endpoint(s)
Info: [  8804,  11567) |**+
Info: [ 11567,  14330) |****+
Info: [ 14330,  17093) |******+
Info: [ 17093,  19856) |******+
Info: [ 19856,  22619) |***+
Info: [ 22619,  25382) |**+
Info: [ 25382,  28145) |***+
Info: [ 28145,  30908) |**********+
Info: [ 30908,  33671) |*************+
Info: [ 33671,  36434) |****************+
Info: [ 36434,  39197) |****************+
Info: [ 39197,  41960) |**********+
Info: [ 41960,  44723) |*******************+
Info: [ 44723,  47486) |********************+
Info: [ 47486,  50249) |*************************+
Info: [ 50249,  53012) |***********************************************+
Info: [ 53012,  55775) |*********************+
Info: [ 55775,  58538) |******************************+
Info: [ 58538,  61301) |************************************************************ 
Info: [ 61301,  64064) |*********************************+

Info: Program finished normally.
