Start of benchmarks

Results for test_empty_loop
rdcycle:   320582
rdinstret: 70019
CPI:       4.5
Hits:      79997
Misses:    37
Total:     80034
Miss rate: 0.04%

Results for test_single_loop
rdcycle:   2140503
rdinstret: 100020
CPI:       21.4
Hits:      49997
Misses:    60038
Total:     110035
Miss rate: 54.56%

Results for test_bubble_sort
rdcycle:   2760886
rdinstret: 142361
CPI:       19.3
Hits:      258
Misses:    149902
Total:     150160
Miss rate: 99.82%

Results for test_transpose_nested
rdcycle:   5116873
rdinstret: 281125
CPI:       18.2
Hits:      198
Misses:    291042
Total:     291240
Miss rate: 99.93%

Results for test_recursive
rdcycle:   4082319
rdinstret: 179774
CPI:       22.7
Hits:      39826
Misses:    144143
Total:     183969
Miss rate: 78.35%

Results for test_large_switch
rdcycle:   5680470
rdinstret: 210020
CPI:       27.0
Hits:      0
Misses:    240035
Total:     240035
Miss rate: 100.00%

