Info: constrained 'clk' to bel 'X12/Y31/io1'
Info: constrained 'ser_rx' to bel 'X13/Y0/io1'
Info: constrained 'ser_tx' to bel 'X15/Y0/io0'
Info: constrained 'flash_clk' to bel 'X24/Y0/io0'
Info: constrained 'flash_csb' to bel 'X24/Y0/io1'
Info: constrained 'flash_io0' to bel 'X23/Y0/io0'
Info: constrained 'flash_io1' to bel 'X23/Y0/io1'
Info: constrained 'flash_io2' to bel 'X18/Y0/io0'
Info: constrained 'flash_io3' to bel 'X19/Y0/io0'
Info: constrained 'P1A1' to bel 'X9/Y0/io0'
Info: constrained 'P1A2' to bel 'X8/Y0/io0'
Info: constrained 'P1A3' to bel 'X6/Y0/io0'
Info: constrained 'P1A4' to bel 'X7/Y0/io1'
Info: constrained 'P1A7' to bel 'X9/Y0/io1'
Info: constrained 'P1A8' to bel 'X7/Y0/io0'
Info: constrained 'P1A9' to bel 'X5/Y0/io0'
Info: constrained 'P1A10' to bel 'X6/Y0/io1'
Info: constrained 'led1' to bel 'X18/Y31/io0'
Info: constrained 'led2' to bel 'X18/Y31/io1'
Info: constrained 'led3' to bel 'X19/Y31/io1'
Info: constrained 'led4' to bel 'X19/Y31/io0'
Info: constrained 'led5' to bel 'X18/Y0/io1'
Info: constrained 'ledr_n' to bel 'X17/Y0/io0'
Info: constrained 'ledg_n' to bel 'X13/Y31/io0'

Info: Packing constants..
Info: Packing IOs..
Info: flash_io3 feeds SB_IO flash_io_buf[3], removing $nextpnr_iobuf flash_io3.
Info: flash_io2 feeds SB_IO flash_io_buf[2], removing $nextpnr_iobuf flash_io2.
Info: flash_io1 feeds SB_IO flash_io_buf[1], removing $nextpnr_iobuf flash_io1.
Info: flash_io0 feeds SB_IO flash_io_buf[0], removing $nextpnr_iobuf flash_io0.
Info: Packing LUT-FFs..
Info:     3109 LCs used as LUT4 only
Info:      845 LCs used as LUT4 and DFF
Info: Packing non-LUT FFs..
Info:      668 LCs used as DFF only
Info: Packing carries..
Info:      120 LCs used as CARRY only
Info: Packing indirect carry+LUT pairs...
Info:       33 LUTs merged into carry LCs
Info: Packing RAMs..
Info: Placing PLLs..
Info: Packing special functions..
Info: Packing PLLs..
Info: Promoting globals..
Info: promoting clk$SB_IO_IN (fanout 1549)
Info: promoting iomem_ready_SB_LUT4_I1_O[1] [reset] (fanout 569)
Info: promoting soc.simpleuart.recv_state_SB_DFFESR_Q_D_SB_LUT4_O_I0_SB_LUT4_I2_I3_SB_LUT4_O_I3_SB_CARRY_CO_I1_SB_CARRY_I1_CO_SB_LUT4_I3_O_SB_LUT4_I3_O [reset] (fanout 32)
Info: promoting soc.cpu.decoded_imm_SB_DFFESR_Q_21_D_SB_LUT4_O_I3_SB_LUT4_I3_O [reset] (fanout 31)
Info: promoting soc.cpu.decoder_pseudo_trigger_SB_LUT4_I3_O[0] [cen] (fanout 70)
Info: promoting soc.cpu.genblk1.pcpi_mul.active_SB_LUT4_I2_1_O [cen] (fanout 66)
Info: promoting soc.cpu.instr_waitirq_SB_LUT4_I2_1_O_SB_LUT4_I3_O [cen] (fanout 65)
Info: promoting soc.cpu.is_sll_srl_sra_SB_LUT4_I0_O_SB_LUT4_I3_O_SB_LUT4_O_I1[1] [cen] (fanout 62)
Info: Constraining chains...
Info:       27 LCs used to legalise carry chains.
Info: Checksum: 0xb1332f37

Info: Device utilisation:
Info: 	         ICESTORM_LC:    4738/   5280    89%
Info: 	        ICESTORM_RAM:      14/     30    46%
Info: 	               SB_IO:      24/     96    25%
Info: 	               SB_GB:       8/      8   100%
Info: 	        ICESTORM_PLL:       0/      1     0%
Info: 	         SB_WARMBOOT:       0/      1     0%
Info: 	        ICESTORM_DSP:       4/      8    50%
Info: 	      ICESTORM_HFOSC:       0/      1     0%
Info: 	      ICESTORM_LFOSC:       0/      1     0%
Info: 	              SB_I2C:       0/      2     0%
Info: 	              SB_SPI:       0/      2     0%
Info: 	              IO_I3C:       0/      2     0%
Info: 	         SB_LEDDA_IP:       0/      1     0%
Info: 	         SB_RGBA_DRV:       0/      1     0%
Info: 	      ICESTORM_SPRAM:       4/      4   100%

Info: Placed 24 cells based on constraints.
Info: Creating initial analytic placement for 3935 cells, random placement wirelen = 118859.
Info:     at initial placer iter 0, wirelen = 2409
Info:     at initial placer iter 1, wirelen = 2327
Info:     at initial placer iter 2, wirelen = 2339
Info:     at initial placer iter 3, wirelen = 2335
Info: Running main analytical placer, max placement attempts per cell = 2870408.
Info:     at iteration #1, type ALL: wirelen solved = 2342, spread = 50827, legal = 53670; time = 0.18s
Info:     at iteration #2, type ALL: wirelen solved = 3063, spread = 40046, legal = 51331; time = 0.48s
Info:     at iteration #3, type ALL: wirelen solved = 4163, spread = 38663, legal = 49273; time = 0.44s
Info:     at iteration #4, type ALL: wirelen solved = 5026, spread = 37726, legal = 43998; time = 0.24s
Info:     at iteration #5, type ALL: wirelen solved = 6217, spread = 36254, legal = 42630; time = 0.28s
Info:     at iteration #6, type ALL: wirelen solved = 7365, spread = 34951, legal = 42988; time = 0.15s
Info:     at iteration #7, type ALL: wirelen solved = 8288, spread = 33154, legal = 40663; time = 0.31s
Info:     at iteration #8, type ALL: wirelen solved = 9111, spread = 32406, legal = 39925; time = 0.31s
Info:     at iteration #9, type ALL: wirelen solved = 9988, spread = 32141, legal = 39968; time = 0.30s
Info:     at iteration #10, type ALL: wirelen solved = 10838, spread = 31655, legal = 39434; time = 0.28s
Info:     at iteration #11, type ALL: wirelen solved = 11601, spread = 31035, legal = 39052; time = 0.30s
Info:     at iteration #12, type ALL: wirelen solved = 12238, spread = 30627, legal = 39167; time = 0.29s
Info:     at iteration #13, type ALL: wirelen solved = 13024, spread = 30476, legal = 38031; time = 0.26s
Info:     at iteration #14, type ALL: wirelen solved = 13998, spread = 30095, legal = 37100; time = 0.25s
Info:     at iteration #15, type ALL: wirelen solved = 14710, spread = 29808, legal = 37608; time = 0.29s
Info:     at iteration #16, type ALL: wirelen solved = 15394, spread = 29940, legal = 37444; time = 0.29s
Info:     at iteration #17, type ALL: wirelen solved = 15686, spread = 29570, legal = 38600; time = 0.33s
Info:     at iteration #18, type ALL: wirelen solved = 16352, spread = 29190, legal = 36507; time = 0.26s
Info:     at iteration #19, type ALL: wirelen solved = 16875, spread = 28971, legal = 37294; time = 0.27s
Info:     at iteration #20, type ALL: wirelen solved = 16939, spread = 29138, legal = 37123; time = 0.24s
Info:     at iteration #21, type ALL: wirelen solved = 17433, spread = 28935, legal = 37459; time = 0.29s
Info:     at iteration #22, type ALL: wirelen solved = 17723, spread = 28903, legal = 36128; time = 0.26s
Info:     at iteration #23, type ALL: wirelen solved = 17760, spread = 29033, legal = 38525; time = 0.18s
Info:     at iteration #24, type ALL: wirelen solved = 17895, spread = 28870, legal = 36663; time = 0.25s
Info:     at iteration #25, type ALL: wirelen solved = 18459, spread = 29033, legal = 36539; time = 0.26s
Info:     at iteration #26, type ALL: wirelen solved = 18471, spread = 28739, legal = 37407; time = 0.30s
Info:     at iteration #27, type ALL: wirelen solved = 18642, spread = 28839, legal = 35634; time = 0.25s
Info:     at iteration #28, type ALL: wirelen solved = 18788, spread = 28661, legal = 35823; time = 0.24s
Info:     at iteration #29, type ALL: wirelen solved = 18872, spread = 28702, legal = 35739; time = 0.26s
Info:     at iteration #30, type ALL: wirelen solved = 18961, spread = 28787, legal = 36596; time = 0.27s
Info:     at iteration #31, type ALL: wirelen solved = 19174, spread = 28795, legal = 36269; time = 0.30s
Info:     at iteration #32, type ALL: wirelen solved = 19133, spread = 28719, legal = 36453; time = 0.29s
Info: HeAP Placer Time: 9.82s
Info:   of which solving equations: 1.54s
Info:   of which spreading cells: 0.22s
Info:   of which strict legalisation: 7.28s

Info: Running simulated annealing placer for refinement.
Info:   at iteration #1: temp = 0.000000, timing cost = 2565, wirelen = 35634
Info:   at iteration #5: temp = 0.000000, timing cost = 2233, wirelen = 28119
Info:   at iteration #10: temp = 0.000000, timing cost = 2248, wirelen = 26439
Info:   at iteration #15: temp = 0.000000, timing cost = 2235, wirelen = 25741
Info:   at iteration #20: temp = 0.000000, timing cost = 2229, wirelen = 25065
Info:   at iteration #25: temp = 0.000000, timing cost = 2169, wirelen = 24870
Info:   at iteration #30: temp = 0.000000, timing cost = 2144, wirelen = 24787
Info:   at iteration #35: temp = 0.000000, timing cost = 2146, wirelen = 24743
Info:   at iteration #40: temp = 0.000000, timing cost = 2144, wirelen = 24723
Info:   at iteration #40: temp = 0.000000, timing cost = 2144, wirelen = 24723 
Info: SA placement time 5.13s

Info: Max frequency for clock 'clk$SB_IO_IN_$glb_clk': 17.10 MHz (PASS at 13.00 MHz)

Info: Max delay <async>                       -> posedge clk$SB_IO_IN_$glb_clk: 37.10 ns
Info: Max delay posedge clk$SB_IO_IN_$glb_clk -> <async>                      : 16.40 ns
Info: Max delay negedge clk$SB_IO_IN_$glb_clk -> <async>                      : 11.05 ns

Info: Slack histogram:
Info:  legend: * represents 13 endpoint(s)
Info:          + represents [1,13) endpoint(s)
Info: [ 18446,  21241) |**+
Info: [ 21241,  24036) |*****+
Info: [ 24036,  26831) |**********+
Info: [ 26831,  29626) |***********+
Info: [ 29626,  32421) |********+
Info: [ 32421,  35216) |**********+
Info: [ 35216,  38011) |***+
Info: [ 38011,  40806) |*********+
Info: [ 40806,  43601) |************+
Info: [ 43601,  46396) |********+
Info: [ 46396,  49191) |****+
Info: [ 49191,  51986) |**********************+
Info: [ 51986,  54781) |**********************+
Info: [ 54781,  57576) |*****************************************+
Info: [ 57576,  60371) |**********************************+
Info: [ 60371,  63166) |***************************************+
Info: [ 63166,  65961) |************************+
Info: [ 65961,  68756) |************************+
Info: [ 68756,  71551) |***************************************************+
Info: [ 71551,  74346) |************************************************************ 
Info: Checksum: 0x2cbde0af

Info: Routing..
Info: Setting up routing queue.
Info: Routing 16156 arcs.
Info:            |   (re-)routed arcs  |   delta    | remaining|       time spent     |
Info:    IterCnt |  w/ripup   wo/ripup |  w/r  wo/r |      arcs| batch(sec) total(sec)|
Info:       1000 |      124        875 |  124   875 |     15310|       0.53       0.53|
Info:       2000 |      351       1648 |  227   773 |     14634|       0.26       0.79|
Info:       3000 |      490       2509 |  139   861 |     13826|       0.36       1.15|
Info:       4000 |      627       3372 |  137   863 |     13043|       0.18       1.33|
Info:       5000 |      910       4089 |  283   717 |     12421|       0.21       1.54|
Info:       6000 |     1203       4796 |  293   707 |     11817|       0.21       1.75|
Info:       7000 |     1538       5461 |  335   665 |     11303|       0.23       1.98|
Info:       8000 |     1914       6078 |  376   617 |     10848|       0.25       2.23|
Info:       9000 |     2305       6687 |  391   609 |     10486|       0.28       2.51|
Info:      10000 |     2625       7329 |  320   642 |     10078|       0.30       2.82|
Info:      11000 |     3051       7865 |  426   536 |      9738|       0.34       3.16|
Info:      12000 |     3480       8428 |  429   563 |      9458|       0.34       3.50|
Info:      13000 |     3916       8963 |  436   535 |      9197|       0.34       3.84|
Info:      14000 |     4360       9519 |  444   556 |      8960|       0.31       4.15|
Info:      15000 |     4781      10097 |  421   578 |      8742|       0.37       4.52|
Info:      16000 |     5256      10622 |  475   525 |      8593|       0.42       4.94|
Info:      17000 |     5743      11111 |  487   489 |      8407|       0.36       5.31|
Info:      18000 |     6179      11648 |  436   537 |      8239|       0.40       5.70|
Info:      19000 |     6713      12113 |  534   465 |      8200|       0.44       6.15|
Info:      20000 |     7195      12631 |  482   518 |      7992|       0.38       6.53|
Info:      21000 |     7692      13131 |  497   500 |      7820|       0.32       6.85|
Info:      22000 |     8207      13588 |  515   457 |      7668|       0.33       7.18|
Info:      23000 |     8634      14146 |  427   558 |      7426|       0.35       7.52|
Info:      24000 |     9115      14625 |  481   479 |      7234|       0.34       7.86|
Info:      25000 |     9613      15127 |  498   502 |      7141|       0.38       8.25|
Info:      26000 |    10067      15673 |  454   546 |      6901|       0.33       8.58|
Info:      27000 |    10573      16167 |  506   494 |      6790|       0.40       8.98|
Info:      28000 |    10947      16658 |  374   491 |      6408|       0.26       9.24|
Info:      29000 |    11482      17110 |  535   452 |      6286|       0.33       9.57|
Info:      30000 |    11999      17589 |  517   479 |      6147|       0.32       9.89|
Info:      31000 |    12472      18012 |  473   423 |      5851|       0.29      10.19|
Info:      32000 |    12972      18512 |  500   500 |      5818|       0.40      10.58|
Info:      33000 |    13483      18976 |  511   464 |      5585|       0.32      10.90|
Info:      34000 |    14002      19441 |  519   465 |      5371|       0.35      11.25|
Info:      35000 |    14513      19914 |  511   473 |      5295|       0.52      11.77|
Info:      36000 |    15007      20419 |  494   505 |      5069|       0.31      12.08|
Info:      37000 |    15538      20887 |  531   468 |      5002|       0.38      12.46|
Info:      38000 |    16141      21284 |  603   397 |      5034|       0.41      12.88|
Info:      39000 |    16729      21696 |  588   412 |      4950|       0.39      13.27|
Info:      40000 |    17257      22168 |  528   472 |      4887|       0.48      13.74|
Info:      41000 |    17840      22585 |  583   417 |      4818|       0.42      14.16|
Info:      42000 |    18382      23042 |  542   457 |      4694|       0.39      14.56|
Info:      43000 |    18903      23521 |  521   479 |      4575|       0.34      14.89|
Info:      44000 |    19399      24015 |  496   494 |      4376|       0.29      15.19|
Info:      45000 |    19943      24445 |  544   430 |      4277|       0.36      15.55|
Info:      46000 |    20549      24838 |  606   393 |      4177|       0.49      16.04|
Info:      47000 |    21153      25234 |  604   396 |      4136|       0.47      16.51|
Info:      48000 |    21717      25670 |  564   436 |      4075|       0.36      16.87|
Info:      49000 |    22234      26153 |  517   483 |      3903|       0.36      17.22|
Info:      50000 |    22786      26601 |  552   448 |      3825|       0.31      17.54|
Info:      51000 |    23294      27065 |  508   464 |      3559|       0.27      17.81|
Info:      52000 |    23854      27505 |  560   440 |      3414|       0.36      18.17|
Info:      53000 |    24480      27879 |  626   374 |      3397|       0.48      18.65|
Info:      54000 |    25049      28310 |  569   431 |      3287|       0.37      19.02|
Info:      55000 |    25570      28734 |  521   424 |      3135|       0.35      19.37|
Info:      56000 |    26085      29219 |  515   485 |      2950|       0.42      19.80|
Info:      57000 |    26679      29625 |  594   406 |      2903|       0.41      20.21|
Info:      58000 |    27322      29982 |  643   357 |      2970|       0.42      20.63|
Info:      59000 |    27895      30409 |  573   427 |      2950|       0.41      21.04|
Info:      60000 |    28467      30837 |  572   428 |      2896|       0.41      21.45|
Info:      61000 |    29010      31294 |  543   457 |      2804|       0.41      21.86|
Info:      62000 |    29562      31742 |  552   448 |      2682|       0.44      22.30|
Info:      63000 |    30167      32137 |  605   395 |      2594|       0.42      22.72|
Info:      64000 |    30809      32495 |  642   358 |      2545|       0.45      23.16|
Info:      65000 |    31331      32973 |  522   478 |      2421|       0.43      23.59|
Info:      66000 |    31929      33371 |  598   398 |      2360|       0.35      23.94|
Info:      67000 |    32449      33847 |  520   476 |      2192|       0.36      24.30|
Info:      68000 |    33017      34279 |  568   432 |      2102|       0.34      24.64|
Info:      69000 |    33603      34693 |  586   414 |      2037|       0.40      25.04|
Info:      70000 |    34143      35153 |  540   460 |      2003|       0.37      25.42|
Info:      71000 |    34756      35540 |  613   387 |      2004|       0.47      25.89|
Info:      72000 |    35297      35999 |  541   459 |      1877|       0.36      26.25|
Info:      73000 |    35943      36353 |  646   354 |      1853|       0.52      26.77|
Info:      74000 |    36533      36763 |  590   410 |      1795|       0.41      27.18|
Info:      75000 |    37143      37153 |  610   390 |      1786|       0.45      27.64|
Info:      76000 |    37715      37581 |  572   428 |      1734|       0.54      28.18|
Info:      77000 |    38335      37961 |  620   380 |      1696|       0.55      28.73|
Info:      78000 |    38906      38388 |  571   427 |      1484|       0.34      29.08|
Info:      79000 |    39493      38794 |  587   406 |      1345|       0.44      29.52|
Info:      80000 |    40022      39265 |  529   471 |      1268|       0.47      29.99|
Info:      81000 |    40343      39939 |  321   674 |       708|       0.35      30.34|
Info:      82000 |    40743      40538 |  400   599 |       378|       0.60      30.94|
Info:      83000 |    41308      40973 |  565   435 |       204|       0.54      31.48|
Info:      84000 |    41787      41494 |  479   521 |        43|       0.54      32.02|
Info:      84640 |    42186      41736 |  399   242 |         0|       0.28      32.30|
Info: Routing complete.
Info: Router1 time 32.30s
Info: Checksum: 0x6d0dbea2

Info: Critical path report for clock 'clk$SB_IO_IN_$glb_clk' (posedge -> posedge):
Info:       type curr  total name
Info:   clk-to-q  1.39  1.39 Source soc.cpu.mem_addr_SB_DFFE_Q_3_D_SB_LUT4_O_LC.O
Info:    routing  3.06  4.45 Net iomem_addr[28] (11,21) -> (12,26)
Info:                          Sink iomem_ready_SB_LUT4_I1_I2_SB_LUT4_O_I3_SB_LUT4_O_LC.I3
Info:                          Defined in:
Info:                               picosoc.v:105.14-105.22
Info:      logic  0.87  5.32 Source iomem_ready_SB_LUT4_I1_I2_SB_LUT4_O_I3_SB_LUT4_O_LC.O
Info:    routing  2.95  8.27 Net iomem_ready_SB_LUT4_I1_I2_SB_LUT4_O_I3[2] (12,26) -> (12,22)
Info:                          Sink iomem_ready_SB_LUT4_I1_I2_SB_LUT4_O_LC.I3
Info:                          Defined in:
Info:                               /homes/cl2033/oss-cad-suite/lib/../share/yosys/ice40/cells_map.v:6.21-6.22
Info:      logic  0.87  9.15 Source iomem_ready_SB_LUT4_I1_I2_SB_LUT4_O_LC.O
Info:    routing  1.76  10.91 Net iomem_ready_SB_LUT4_I1_I2[2] (12,22) -> (13,21)
Info:                          Sink iomem_ready_SB_LUT4_I1_I2_SB_LUT4_I3_LC.I3
Info:                          Defined in:
Info:                               /homes/cl2033/oss-cad-suite/lib/../share/yosys/ice40/cells_map.v:6.21-6.22
Info:      logic  0.87  11.78 Source iomem_ready_SB_LUT4_I1_I2_SB_LUT4_I3_LC.O
Info:    routing  3.60  15.38 Net iomem_ready_SB_LUT4_I1_I2_SB_LUT4_I3_O[3] (13,21) -> (15,15)
Info:                          Sink soc.simpleuart.send_dummy_SB_LUT4_I1_O_SB_LUT4_O_I3_SB_LUT4_O_LC.I3
Info:                          Defined in:
Info:                               /homes/cl2033/oss-cad-suite/lib/../share/yosys/ice40/cells_map.v:6.21-6.22
Info:      logic  0.87  16.26 Source soc.simpleuart.send_dummy_SB_LUT4_I1_O_SB_LUT4_O_I3_SB_LUT4_O_LC.O
Info:    routing  3.70  19.96 Net soc.simpleuart.send_dummy_SB_LUT4_I1_O_SB_LUT4_O_I3[2] (15,15) -> (15,5)
Info:                          Sink soc.simpleuart.send_dummy_SB_LUT4_I1_O_SB_LUT4_O_I3_SB_LUT4_I3_LC.I3
Info:                          Defined in:
Info:                               /homes/cl2033/oss-cad-suite/lib/../share/yosys/ice40/cells_map.v:6.21-6.22
Info:      logic  0.87  20.83 Source soc.simpleuart.send_dummy_SB_LUT4_I1_O_SB_LUT4_O_I3_SB_LUT4_I3_LC.O
Info:    routing  1.76  22.60 Net flash_io1_di_SB_LUT4_I1_O[2] (15,5) -> (15,4)
Info:                          Sink flash_csb_SB_LUT4_I1_I3_SB_LUT4_O_LC.I3
Info:                          Defined in:
Info:                               /homes/cl2033/oss-cad-suite/lib/../share/yosys/ice40/cells_map.v:6.21-6.22
Info:      logic  0.87  23.47 Source flash_csb_SB_LUT4_I1_I3_SB_LUT4_O_LC.O
Info:    routing  1.76  25.23 Net flash_csb_SB_LUT4_I1_I3[2] (15,4) -> (16,3)
Info:                          Sink flash_csb_SB_LUT4_I1_LC.I3
Info:                          Defined in:
Info:                               /homes/cl2033/oss-cad-suite/lib/../share/yosys/ice40/cells_map.v:6.21-6.22
Info:      logic  0.87  26.10 Source flash_csb_SB_LUT4_I1_LC.O
Info:    routing  3.06  29.16 Net flash_csb_SB_LUT4_I1_O[2] (16,3) -> (16,8)
Info:                          Sink flash_csb_SB_LUT4_I1_O_SB_LUT4_I3_LC.I3
Info:                          Defined in:
Info:                               /homes/cl2033/oss-cad-suite/lib/../share/yosys/ice40/cells_map.v:6.21-6.22
Info:      logic  0.87  30.04 Source flash_csb_SB_LUT4_I1_O_SB_LUT4_I3_LC.O
Info:    routing  1.76  31.80 Net flash_csb_SB_LUT4_I1_O_SB_LUT4_I3_O[3] (16,8) -> (15,9)
Info:                          Sink flash_csb_SB_LUT4_I1_O_SB_LUT4_I3_O_SB_LUT4_I3_LC.I3
Info:                          Defined in:
Info:                               /homes/cl2033/oss-cad-suite/lib/../share/yosys/ice40/cells_map.v:6.21-6.22
Info:      logic  0.87  32.67 Source flash_csb_SB_LUT4_I1_O_SB_LUT4_I3_O_SB_LUT4_I3_LC.O
Info:    routing  1.76  34.43 Net flash_csb_SB_LUT4_I1_O_SB_LUT4_I3_O_SB_LUT4_I3_O[1] (15,9) -> (16,10)
Info:                          Sink flash_csb_SB_LUT4_I1_O_SB_LUT4_I3_O_SB_LUT4_I3_O_SB_LUT4_I3_LC.I3
Info:                          Defined in:
Info:                               /homes/cl2033/oss-cad-suite/lib/../share/yosys/ice40/cells_map.v:6.21-6.22
Info:      logic  0.87  35.31 Source flash_csb_SB_LUT4_I1_O_SB_LUT4_I3_O_SB_LUT4_I3_O_SB_LUT4_I3_LC.O
Info:    routing  2.95  38.26 Net flash_csb_SB_LUT4_I1_O_SB_LUT4_I3_O_SB_LUT4_I3_O_SB_LUT4_I3_O[3] (16,10) -> (16,14)
Info:                          Sink soc.spimem_cache.cache_data.0.1_RDATA_1_SB_LUT4_I3_O_SB_LUT4_I2_O_SB_LUT4_I3_O_SB_LUT4_O_LC.I3
Info:                          Defined in:
Info:                               /homes/cl2033/oss-cad-suite/lib/../share/yosys/ice40/cells_map.v:6.21-6.22
Info:      logic  0.87  39.13 Source soc.spimem_cache.cache_data.0.1_RDATA_1_SB_LUT4_I3_O_SB_LUT4_I2_O_SB_LUT4_I3_O_SB_LUT4_O_LC.O
Info:    routing  1.76  40.89 Net soc.spimem_cache.cache_data.0.1_RDATA_1_SB_LUT4_I3_O_SB_LUT4_I2_O_SB_LUT4_I3_O[2] (16,14) -> (16,15)
Info:                          Sink soc.spimem_cache.cache_data.0.1_RDATA_1_SB_LUT4_I3_O_SB_LUT4_I2_O_SB_LUT4_I3_O_SB_LUT4_I3_LC.I2
Info:                          Defined in:
Info:                               /homes/cl2033/oss-cad-suite/lib/../share/yosys/ice40/cells_map.v:6.21-6.22
Info:      logic  1.21  42.10 Source soc.spimem_cache.cache_data.0.1_RDATA_1_SB_LUT4_I3_O_SB_LUT4_I2_O_SB_LUT4_I3_O_SB_LUT4_I3_LC.O
Info:    routing  3.60  45.70 Net soc.spimem_cache.cache_data.0.1_RDATA_1_SB_LUT4_I3_O_SB_LUT4_I2_O_SB_LUT4_I3_O_SB_LUT4_I3_O[2] (16,15) -> (16,23)
Info:                          Sink soc.spimem_cache.cache_data.0.1_RDATA_3_SB_LUT4_I3_O_SB_LUT4_I2_O_SB_LUT4_I2_O_SB_LUT4_I3_O_SB_LUT4_O_2_LC.I2
Info:                          Defined in:
Info:                               /homes/cl2033/oss-cad-suite/lib/../share/yosys/ice40/cells_map.v:6.21-6.22
Info:      logic  1.21  46.90 Source soc.spimem_cache.cache_data.0.1_RDATA_3_SB_LUT4_I3_O_SB_LUT4_I2_O_SB_LUT4_I2_O_SB_LUT4_I3_O_SB_LUT4_O_2_LC.O
Info:    routing  1.76  48.66 Net soc.spimem_cache.cache_data.0.1_RDATA_3_SB_LUT4_I3_O_SB_LUT4_I2_O_SB_LUT4_I2_O_SB_LUT4_I3_O[2] (16,23) -> (15,22)
Info:                          Sink soc.cpu.decoded_imm_j_SB_DFFE_Q_3_D_SB_LUT4_I3_O_SB_LUT4_O_1_LC.I2
Info:                          Defined in:
Info:                               /homes/cl2033/oss-cad-suite/lib/../share/yosys/ice40/cells_map.v:6.21-6.22
Info:      logic  1.21  49.87 Source soc.cpu.decoded_imm_j_SB_DFFE_Q_3_D_SB_LUT4_I3_O_SB_LUT4_O_1_LC.O
Info:    routing  1.76  51.63 Net soc.cpu.decoded_imm_j_SB_DFFE_Q_13_D[3] (15,22) -> (14,23)
Info:                          Sink soc.cpu.decoded_imm_j_SB_DFFE_Q_2_D_SB_LUT4_I3_O_SB_LUT4_O_LC.I3
Info:                          Defined in:
Info:                               /homes/cl2033/oss-cad-suite/lib/../share/yosys/ice40/cells_map.v:6.21-6.22
Info:      logic  0.87  52.50 Source soc.cpu.decoded_imm_j_SB_DFFE_Q_2_D_SB_LUT4_I3_O_SB_LUT4_O_LC.O
Info:    routing  1.76  54.26 Net soc.cpu.decoded_imm_j_SB_DFFE_Q_2_D_SB_LUT4_I3_O[2] (14,23) -> (13,22)
Info:                          Sink soc.cpu.cpuregs.regs.0.0_RADDR_SB_LUT4_O_LC.I3
Info:                          Defined in:
Info:                               /homes/cl2033/oss-cad-suite/lib/../share/yosys/ice40/cells_map.v:6.21-6.22
Info:      logic  0.87  55.14 Source soc.cpu.cpuregs.regs.0.0_RADDR_SB_LUT4_O_LC.O
Info:    routing  4.79  59.93 Net soc.cpu.cpuregs.regs.0.0_RADDR (13,22) -> (6,11)
Info:                          Sink soc.cpu.cpuregs.regs.0.0_RAM.RADDR_3
Info:      setup  0.10  60.03 Source soc.cpu.cpuregs.regs.0.0_RAM.RADDR_3
Info: 16.47 ns logic, 43.56 ns routing

Info: Critical path report for cross-domain path '<async>' -> 'posedge clk$SB_IO_IN_$glb_clk':
Info:       type curr  total name
Info:     source  0.00  0.00 Source flash_io_buf[1].D_IN_0
Info:    routing  4.14  4.14 Net flash_io1_di (23,0) -> (16,8)
Info:                          Sink flash_io1_di_SB_LUT4_I1_LC.I1
Info:                          Defined in:
Info:                               picosoc.v:140.14-140.32
Info:      logic  1.23  5.37 Source flash_io1_di_SB_LUT4_I1_LC.O
Info:    routing  1.76  7.14 Net flash_io1_di_SB_LUT4_I1_O[3] (16,8) -> (15,8)
Info:                          Sink flash_io1_di_SB_LUT4_I1_O_SB_LUT4_I3_LC.I3
Info:                          Defined in:
Info:                               /homes/cl2033/oss-cad-suite/lib/../share/yosys/ice40/cells_map.v:6.21-6.22
Info:      logic  0.87  8.01 Source flash_io1_di_SB_LUT4_I1_O_SB_LUT4_I3_LC.O
Info:    routing  1.76  9.77 Net flash_io1_di_SB_LUT4_I1_O_SB_LUT4_I3_O[3] (15,8) -> (16,8)
Info:                          Sink flash_io1_di_SB_LUT4_I1_O_SB_LUT4_I3_O_SB_LUT4_I3_LC.I3
Info:                          Defined in:
Info:                               /homes/cl2033/oss-cad-suite/lib/../share/yosys/ice40/cells_map.v:6.21-6.22
Info:      logic  0.87  10.64 Source flash_io1_di_SB_LUT4_I1_O_SB_LUT4_I3_O_SB_LUT4_I3_LC.O
Info:    routing  1.76  12.40 Net flash_io1_di_SB_LUT4_I1_O_SB_LUT4_I3_O_SB_LUT4_I3_O[1] (16,8) -> (17,9)
Info:                          Sink flash_io1_di_SB_LUT4_I1_O_SB_LUT4_I3_O_SB_LUT4_I3_O_SB_LUT4_I3_LC.I3
Info:                          Defined in:
Info:                               /homes/cl2033/oss-cad-suite/lib/../share/yosys/ice40/cells_map.v:6.21-6.22
Info:      logic  0.87  13.28 Source flash_io1_di_SB_LUT4_I1_O_SB_LUT4_I3_O_SB_LUT4_I3_O_SB_LUT4_I3_LC.O
Info:    routing  2.99  16.27 Net flash_io1_di_SB_LUT4_I1_O_SB_LUT4_I3_O_SB_LUT4_I3_O_SB_LUT4_I3_O[1] (17,9) -> (17,14)
Info:                          Sink soc.spimem_cache.cache_data.0.0_RDATA_1_SB_LUT4_I3_O_SB_LUT4_I2_O_SB_LUT4_I3_O_SB_LUT4_O_LC.I1
Info:                          Defined in:
Info:                               /homes/cl2033/oss-cad-suite/lib/../share/yosys/ice40/cells_map.v:6.21-6.22
Info:      logic  1.23  17.50 Source soc.spimem_cache.cache_data.0.0_RDATA_1_SB_LUT4_I3_O_SB_LUT4_I2_O_SB_LUT4_I3_O_SB_LUT4_O_LC.O
Info:    routing  1.76  19.26 Net soc.spimem_cache.cache_data.0.0_RDATA_1_SB_LUT4_I3_O_SB_LUT4_I2_O_SB_LUT4_I3_O[2] (17,14) -> (17,15)
Info:                          Sink soc.cpu.instr_fence_SB_DFFESR_Q_D_SB_LUT4_O_I3_SB_LUT4_O_I2_SB_LUT4_I2_O_SB_LUT4_O_2_LC.I2
Info:                          Defined in:
Info:                               /homes/cl2033/oss-cad-suite/lib/../share/yosys/ice40/cells_map.v:6.21-6.22
Info:      logic  1.21  20.47 Source soc.cpu.instr_fence_SB_DFFESR_Q_D_SB_LUT4_O_I3_SB_LUT4_O_I2_SB_LUT4_I2_O_SB_LUT4_O_2_LC.O
Info:    routing  3.06  23.52 Net soc.cpu.instr_fence_SB_DFFESR_Q_D_SB_LUT4_O_I3_SB_LUT4_O_I2_SB_LUT4_I2_O[0] (17,15) -> (16,22)
Info:                          Sink soc.spimem_cache.cache_data.0.1_RDATA_3_SB_LUT4_I3_O_SB_LUT4_I2_O_SB_LUT4_I2_O_SB_LUT4_I3_O_SB_LUT4_O_LC.I0
Info:                          Defined in:
Info:                               /homes/cl2033/oss-cad-suite/lib/../share/yosys/ice40/cells_map.v:6.21-6.22
Info:      logic  1.28  24.81 Source soc.spimem_cache.cache_data.0.1_RDATA_3_SB_LUT4_I3_O_SB_LUT4_I2_O_SB_LUT4_I2_O_SB_LUT4_I3_O_SB_LUT4_O_LC.O
Info:    routing  1.76  26.57 Net soc.spimem_cache.cache_data.0.1_RDATA_3_SB_LUT4_I3_O_SB_LUT4_I2_O_SB_LUT4_I2_O_SB_LUT4_I3_O[1] (16,22) -> (15,22)
Info:                          Sink soc.cpu.decoded_imm_j_SB_DFFE_Q_3_D_SB_LUT4_I3_O_SB_LUT4_O_1_LC.I1
Info:                          Defined in:
Info:                               /homes/cl2033/oss-cad-suite/lib/../share/yosys/ice40/cells_map.v:6.21-6.22
Info:      logic  1.23  27.80 Source soc.cpu.decoded_imm_j_SB_DFFE_Q_3_D_SB_LUT4_I3_O_SB_LUT4_O_1_LC.O
Info:    routing  1.76  29.56 Net soc.cpu.decoded_imm_j_SB_DFFE_Q_13_D[3] (15,22) -> (14,23)
Info:                          Sink soc.cpu.decoded_imm_j_SB_DFFE_Q_2_D_SB_LUT4_I3_O_SB_LUT4_O_LC.I3
Info:                          Defined in:
Info:                               /homes/cl2033/oss-cad-suite/lib/../share/yosys/ice40/cells_map.v:6.21-6.22
Info:      logic  0.87  30.44 Source soc.cpu.decoded_imm_j_SB_DFFE_Q_2_D_SB_LUT4_I3_O_SB_LUT4_O_LC.O
Info:    routing  1.76  32.20 Net soc.cpu.decoded_imm_j_SB_DFFE_Q_2_D_SB_LUT4_I3_O[2] (14,23) -> (13,22)
Info:                          Sink soc.cpu.cpuregs.regs.0.0_RADDR_SB_LUT4_O_LC.I3
Info:                          Defined in:
Info:                               /homes/cl2033/oss-cad-suite/lib/../share/yosys/ice40/cells_map.v:6.21-6.22
Info:      logic  0.87  33.07 Source soc.cpu.cpuregs.regs.0.0_RADDR_SB_LUT4_O_LC.O
Info:    routing  4.79  37.86 Net soc.cpu.cpuregs.regs.0.0_RADDR (13,22) -> (6,11)
Info:                          Sink soc.cpu.cpuregs.regs.0.0_RAM.RADDR_3
Info:      setup  0.10  37.96 Source soc.cpu.cpuregs.regs.0.0_RAM.RADDR_3
Info: 10.65 ns logic, 27.31 ns routing

Info: Critical path report for cross-domain path 'posedge clk$SB_IO_IN_$glb_clk' -> '<async>':
Info:       type curr  total name
Info:   clk-to-q  1.39  1.39 Source soc.spimemio.xfer.dummy_count_SB_DFFESR_Q_D_SB_LUT4_O_LC.O
Info:    routing  1.76  3.15 Net soc.spimemio.xfer.dummy_count[3] (22,4) -> (23,4)
Info:                          Sink soc.spimemio.xfer.xfer_dspi_SB_LUT4_I1_2_O_SB_LUT4_O_LC.I0
Info:                          Defined in:
Info:                               spimemio.v:417.12-417.23
Info:      logic  1.28  4.43 Source soc.spimemio.xfer.xfer_dspi_SB_LUT4_I1_2_O_SB_LUT4_O_LC.O
Info:    routing  1.76  6.20 Net soc.spimemio.din_valid_SB_LUT4_I2_O_SB_LUT4_I3_2_O[0] (23,4) -> (23,4)
Info:                          Sink soc.spimemio.xfer_io2_90_SB_DFFN_Q_D_SB_LUT4_O_LC.I3
Info:                          Defined in:
Info:                               /homes/cl2033/oss-cad-suite/lib/../share/yosys/ice40/cells_map.v:6.21-6.22
Info:      logic  0.87  7.07 Source soc.spimemio.xfer_io2_90_SB_DFFN_Q_D_SB_LUT4_O_LC.O
Info:    routing  1.76  8.83 Net soc.spimemio.xfer_io2_90_SB_DFFN_Q_D[2] (23,4) -> (23,3)
Info:                          Sink soc.spimemio.xfer_io2_90_SB_LUT4_I2_LC.I3
Info:                          Defined in:
Info:                               /homes/cl2033/oss-cad-suite/lib/../share/yosys/ice40/cells_map.v:6.21-6.22
Info:      logic  0.87  9.70 Source soc.spimemio.xfer_io2_90_SB_LUT4_I2_LC.O
Info:    routing  2.95  12.66 Net flash_io2_do_SB_LUT4_O_I3[2] (23,3) -> (21,1)
Info:                          Sink flash_io2_do_SB_LUT4_O_LC.I3
Info:                          Defined in:
Info:                               /homes/cl2033/oss-cad-suite/lib/../share/yosys/ice40/cells_map.v:6.21-6.22
Info:      logic  0.87  13.53 Source flash_io2_do_SB_LUT4_O_LC.O
Info:    routing  2.95  16.48 Net flash_io2_do (21,1) -> (18,0)
Info:                          Sink flash_io_buf[2].D_OUT_0
Info:                          Defined in:
Info:                               spimemio.v:38.9-38.21
Info: 5.30 ns logic, 11.19 ns routing

Info: Critical path report for cross-domain path 'negedge clk$SB_IO_IN_$glb_clk' -> '<async>':
Info:       type curr  total name
Info:   clk-to-q  1.39  1.39 Source soc.spimemio.xfer_io2_90_SB_DFFN_Q_DFFLC.O
Info:    routing  1.76  3.15 Net soc.spimemio.xfer_io2_90 (23,3) -> (23,3)
Info:                          Sink soc.spimemio.xfer_io2_90_SB_LUT4_I2_LC.I2
Info:                          Defined in:
Info:                               /homes/cl2033/oss-cad-suite/lib/../share/yosys/ice40/cells_map.v:6.21-6.22
Info:      logic  1.21  4.36 Source soc.spimemio.xfer_io2_90_SB_LUT4_I2_LC.O
Info:    routing  2.95  7.31 Net flash_io2_do_SB_LUT4_O_I3[2] (23,3) -> (21,1)
Info:                          Sink flash_io2_do_SB_LUT4_O_LC.I3
Info:                          Defined in:
Info:                               /homes/cl2033/oss-cad-suite/lib/../share/yosys/ice40/cells_map.v:6.21-6.22
Info:      logic  0.87  8.18 Source flash_io2_do_SB_LUT4_O_LC.O
Info:    routing  2.95  11.13 Net flash_io2_do (21,1) -> (18,0)
Info:                          Sink flash_io_buf[2].D_OUT_0
Info:                          Defined in:
Info:                               spimemio.v:38.9-38.21
Info: 3.47 ns logic, 7.66 ns routing

Info: Max frequency for clock 'clk$SB_IO_IN_$glb_clk': 16.66 MHz (PASS at 13.00 MHz)

Info: Max delay <async>                       -> posedge clk$SB_IO_IN_$glb_clk: 37.96 ns
Info: Max delay posedge clk$SB_IO_IN_$glb_clk -> <async>                      : 16.48 ns
Info: Max delay negedge clk$SB_IO_IN_$glb_clk -> <async>                      : 11.13 ns

Info: Slack histogram:
Info:  legend: * represents 15 endpoint(s)
Info:          + represents [1,15) endpoint(s)
Info: [ 16893,  19765) |**+
Info: [ 19765,  22637) |***+
Info: [ 22637,  25509) |*****+
Info: [ 25509,  28381) |**********+
Info: [ 28381,  31253) |*********+
Info: [ 31253,  34125) |****+
Info: [ 34125,  36997) |********+
Info: [ 36997,  39869) |******+
Info: [ 39869,  42741) |*********+
Info: [ 42741,  45613) |*********+
Info: [ 45613,  48485) |*********+
Info: [ 48485,  51357) |*******************+
Info: [ 51357,  54229) |************************+
Info: [ 54229,  57101) |****************+
Info: [ 57101,  59973) |**************************+
Info: [ 59973,  62845) |**********************************************************+
Info: [ 62845,  65717) |****************+
Info: [ 65717,  68589) |***********************+
Info: [ 68589,  71461) |************************************************************ 
Info: [ 71461,  74333) |*********************************+

Info: Program finished normally.
