Start of benchmarks

Results for test_empty_loop
rdcycle:   320582
rdinstret: 70019
CPI:       4.5
Hits:      79997
Misses:    37
Total:     80034
Miss rate: 0.04%

Results for test_single_loop
rdcycle:   470631
rdinstret: 100020
CPI:       4.7
Hits:      109994
Misses:    41
Total:     110035
Miss rate: 0.03%

Results for test_bubble_sort
rdcycle:   2659149
rdinstret: 142361
CPI:       18.6
Hits:      11670
Misses:    138490
Total:     150160
Miss rate: 92.22%

Results for test_transpose_nested
rdcycle:   5202508
rdinstret: 281125
CPI:       18.5
Hits:      30096
Misses:    261144
Total:     291240
Miss rate: 89.66%

Results for test_recursive
rdcycle:   2786293
rdinstret: 179774
CPI:       15.4
Hits:      95149
Misses:    88820
Total:     183969
Miss rate: 48.27%

Results for test_large_switch
rdcycle:   5580480
rdinstret: 210020
CPI:       26.5
Hits:      49995
Misses:    190040
Total:     240035
Miss rate: 79.17%

