Info: constrained 'clk_12mhz' to bel 'X12/Y31/io1'
Info: constrained 'ser_rx' to bel 'X13/Y0/io1'
Info: constrained 'ser_tx' to bel 'X15/Y0/io0'
Info: constrained 'flash_clk' to bel 'X24/Y0/io0'
Info: constrained 'flash_csb' to bel 'X24/Y0/io1'
Info: constrained 'flash_io0' to bel 'X23/Y0/io0'
Info: constrained 'flash_io1' to bel 'X23/Y0/io1'
Info: constrained 'flash_io2' to bel 'X18/Y0/io0'
Info: constrained 'flash_io3' to bel 'X19/Y0/io0'
Info: constrained 'P1A1' to bel 'X9/Y0/io0'
Info: constrained 'P1A2' to bel 'X8/Y0/io0'
Info: constrained 'P1A3' to bel 'X6/Y0/io0'
Info: constrained 'P1A4' to bel 'X7/Y0/io1'
Info: constrained 'P1A7' to bel 'X9/Y0/io1'
Info: constrained 'P1A8' to bel 'X7/Y0/io0'
Info: constrained 'P1A9' to bel 'X5/Y0/io0'
Info: constrained 'P1A10' to bel 'X6/Y0/io1'
Info: constrained 'led1' to bel 'X18/Y31/io0'
Info: constrained 'led2' to bel 'X18/Y31/io1'
Info: constrained 'led3' to bel 'X19/Y31/io1'
Info: constrained 'led4' to bel 'X19/Y31/io0'
Info: constrained 'led5' to bel 'X18/Y0/io1'
Info: constrained 'ledr_n' to bel 'X17/Y0/io0'
Info: constrained 'ledg_n' to bel 'X13/Y31/io0'

Info: Packing constants..
Info: Packing IOs..
Info: flash_io3 feeds SB_IO flash_io_buf[3], removing $nextpnr_iobuf flash_io3.
Info: flash_io2 feeds SB_IO flash_io_buf[2], removing $nextpnr_iobuf flash_io2.
Info: flash_io1 feeds SB_IO flash_io_buf[1], removing $nextpnr_iobuf flash_io1.
Info: flash_io0 feeds SB_IO flash_io_buf[0], removing $nextpnr_iobuf flash_io0.
Info: Packing LUT-FFs..
Info:     2386 LCs used as LUT4 only
Info:      703 LCs used as LUT4 and DFF
Info: Packing non-LUT FFs..
Info:      475 LCs used as DFF only
Info: Packing carries..
Info:      121 LCs used as CARRY only
Info: Packing indirect carry+LUT pairs...
Info:       33 LUTs merged into carry LCs
Info: Packing RAMs..
Info: Placing PLLs..
Info: Packing special functions..
Info: Packing PLLs..
Info: Promoting globals..
Info: promoting clk_12mhz$SB_IO_IN (fanout 1232)
Info: promoting iomem_ready_SB_LUT4_I1_O[1] [reset] (fanout 401)
Info: promoting soc.simpleuart.recv_buf_valid_SB_DFFSR_Q_D_SB_LUT4_O_I3_SB_LUT4_O_I3_SB_LUT4_O_I3_SB_CARRY_CO_I1_SB_CARRY_I1_CO_SB_LUT4_I3_O [reset] (fanout 32)
Info: promoting soc.cpu.decoded_imm_SB_DFFESR_Q_21_D_SB_LUT4_O_I3_SB_LUT4_I3_O [reset] (fanout 31)
Info: promoting soc.cpu.genblk1.pcpi_mul.active_SB_LUT4_I2_O [cen] (fanout 66)
Info: promoting soc.cpu.decoder_pseudo_trigger_SB_LUT4_I3_O[0] [cen] (fanout 65)
Info: promoting soc.cpu.reg_pc_SB_DFFESS_Q_E[1] [cen] (fanout 60)
Info: promoting soc.spimemio.rd_inc_SB_DFFESR_Q_E_SB_LUT4_O_I2_SB_LUT4_I3_O [cen] (fanout 54)
Info: Constraining chains...
Info:       22 LCs used to legalise carry chains.
Info: Checksum: 0x22261127

Info: Device utilisation:
Info: 	         ICESTORM_LC:    3676/   5280    69%
Info: 	        ICESTORM_RAM:      23/     30    76%
Info: 	               SB_IO:      24/     96    25%
Info: 	               SB_GB:       8/      8   100%
Info: 	        ICESTORM_PLL:       0/      1     0%
Info: 	         SB_WARMBOOT:       0/      1     0%
Info: 	        ICESTORM_DSP:       4/      8    50%
Info: 	      ICESTORM_HFOSC:       0/      1     0%
Info: 	      ICESTORM_LFOSC:       0/      1     0%
Info: 	              SB_I2C:       0/      2     0%
Info: 	              SB_SPI:       0/      2     0%
Info: 	              IO_I3C:       0/      2     0%
Info: 	         SB_LEDDA_IP:       0/      1     0%
Info: 	         SB_RGBA_DRV:       0/      1     0%
Info: 	      ICESTORM_SPRAM:       4/      4   100%

Info: Placed 24 cells based on constraints.
Info: Creating initial analytic placement for 2991 cells, random placement wirelen = 93848.
Info:     at initial placer iter 0, wirelen = 1960
Info:     at initial placer iter 1, wirelen = 1904
Info:     at initial placer iter 2, wirelen = 1913
Info:     at initial placer iter 3, wirelen = 1899
Info: Running main analytical placer, max placement attempts per cell = 1747515.
Info:     at iteration #1, type ALL: wirelen solved = 1915, spread = 36785, legal = 40675; time = 0.18s
Info:     at iteration #2, type ALL: wirelen solved = 2190, spread = 34715, legal = 38109; time = 0.18s
Info:     at iteration #3, type ALL: wirelen solved = 2858, spread = 33690, legal = 37791; time = 0.13s
Info:     at iteration #4, type ALL: wirelen solved = 3510, spread = 33257, legal = 36488; time = 0.16s
Info:     at iteration #5, type ALL: wirelen solved = 4835, spread = 31301, legal = 34864; time = 0.17s
Info:     at iteration #6, type ALL: wirelen solved = 5505, spread = 31015, legal = 34660; time = 0.18s
Info:     at iteration #7, type ALL: wirelen solved = 6132, spread = 30138, legal = 33405; time = 0.46s
Info:     at iteration #8, type ALL: wirelen solved = 6833, spread = 29213, legal = 32742; time = 0.19s
Info:     at iteration #9, type ALL: wirelen solved = 7338, spread = 28905, legal = 31993; time = 0.46s
Info:     at iteration #10, type ALL: wirelen solved = 7648, spread = 27537, legal = 30768; time = 0.17s
Info:     at iteration #11, type ALL: wirelen solved = 7950, spread = 27178, legal = 30860; time = 0.16s
Info:     at iteration #12, type ALL: wirelen solved = 9069, spread = 27421, legal = 30176; time = 0.16s
Info:     at iteration #13, type ALL: wirelen solved = 9456, spread = 27085, legal = 30742; time = 0.17s
Info:     at iteration #14, type ALL: wirelen solved = 10088, spread = 27200, legal = 30691; time = 0.16s
Info:     at iteration #15, type ALL: wirelen solved = 10853, spread = 26633, legal = 29853; time = 0.14s
Info:     at iteration #16, type ALL: wirelen solved = 10925, spread = 26349, legal = 30202; time = 0.16s
Info:     at iteration #17, type ALL: wirelen solved = 11926, spread = 25694, legal = 28530; time = 0.15s
Info:     at iteration #18, type ALL: wirelen solved = 12069, spread = 24351, legal = 27480; time = 0.17s
Info:     at iteration #19, type ALL: wirelen solved = 11963, spread = 24276, legal = 27830; time = 0.15s
Info:     at iteration #20, type ALL: wirelen solved = 12696, spread = 24307, legal = 27889; time = 0.16s
Info:     at iteration #21, type ALL: wirelen solved = 12955, spread = 24767, legal = 27856; time = 0.17s
Info:     at iteration #22, type ALL: wirelen solved = 13233, spread = 24711, legal = 28384; time = 0.16s
Info:     at iteration #23, type ALL: wirelen solved = 13319, spread = 24880, legal = 28565; time = 0.15s
Info: HeAP Placer Time: 5.17s
Info:   of which solving equations: 1.43s
Info:   of which spreading cells: 0.19s
Info:   of which strict legalisation: 2.88s

Info: Running simulated annealing placer for refinement.
Info:   at iteration #1: temp = 0.000000, timing cost = 1583, wirelen = 27480
Info:   at iteration #5: temp = 0.000000, timing cost = 1500, wirelen = 21690
Info:   at iteration #10: temp = 0.000000, timing cost = 1695, wirelen = 20751
Info:   at iteration #15: temp = 0.000000, timing cost = 1688, wirelen = 20271
Info:   at iteration #20: temp = 0.000000, timing cost = 1617, wirelen = 19932
Info:   at iteration #25: temp = 0.000000, timing cost = 1613, wirelen = 19846
Info:   at iteration #25: temp = 0.000000, timing cost = 1611, wirelen = 19847 
Info: SA placement time 4.08s

Info: Max frequency for clock 'clk_12mhz$SB_IO_IN_$glb_clk': 22.11 MHz (PASS at 12.00 MHz)

Info: Max delay <async>                             -> posedge clk_12mhz$SB_IO_IN_$glb_clk: 24.47 ns
Info: Max delay posedge clk_12mhz$SB_IO_IN_$glb_clk -> <async>                            : 16.92 ns
Info: Max delay negedge clk_12mhz$SB_IO_IN_$glb_clk -> <async>                            : 11.05 ns

Info: Slack histogram:
Info:  legend: * represents 14 endpoint(s)
Info:          + represents [1,14) endpoint(s)
Info: [ 31009,  33496) |+
Info: [ 33496,  35983) | 
Info: [ 35983,  38470) |+
Info: [ 38470,  40957) |*****+
Info: [ 40957,  43444) |*******+
Info: [ 43444,  45931) |****+
Info: [ 45931,  48418) |*******+
Info: [ 48418,  50905) |**********+
Info: [ 50905,  53392) |**************+
Info: [ 53392,  55879) |************+
Info: [ 55879,  58366) |**************+
Info: [ 58366,  60853) |****************+
Info: [ 60853,  63340) |************************+
Info: [ 63340,  65827) |******************************+
Info: [ 65827,  68314) |******************+
Info: [ 68314,  70801) |***************+
Info: [ 70801,  73288) |***************+
Info: [ 73288,  75775) |*************************+
Info: [ 75775,  78262) |*******************************************+
Info: [ 78262,  80749) |************************************************************ 
Info: Checksum: 0x65b0520a

Info: Routing..
Info: Setting up routing queue.
Info: Routing 13091 arcs.
Info:            |   (re-)routed arcs  |   delta    | remaining|       time spent     |
Info:    IterCnt |  w/ripup   wo/ripup |  w/r  wo/r |      arcs| batch(sec) total(sec)|
Info:       1000 |       77        922 |   77   922 |     12196|       1.60       1.60|
Info:       2000 |      221       1778 |  144   856 |     11411|       0.46       2.06|
Info:       3000 |      338       2661 |  117   883 |     10621|       0.32       2.38|
Info:       4000 |      596       3403 |  258   742 |      9957|       0.29       2.67|
Info:       5000 |      833       4136 |  237   733 |      9320|       0.28       2.95|
Info:       6000 |     1171       4795 |  338   659 |      8793|       0.32       3.27|
Info:       7000 |     1505       5424 |  334   629 |      8328|       0.34       3.61|
Info:       8000 |     1873       6056 |  368   632 |      7942|       0.42       4.04|
Info:       9000 |     2248       6656 |  375   600 |      7592|       0.47       4.50|
Info:      10000 |     2683       7221 |  435   565 |      7428|       0.58       5.08|
Info:      11000 |     3087       7763 |  404   542 |      7096|       0.44       5.52|
Info:      12000 |     3549       8280 |  462   517 |      6915|       0.57       6.09|
Info:      13000 |     3877       8823 |  328   543 |      6466|       0.39       6.48|
Info:      14000 |     4363       9337 |  486   514 |      6325|       0.54       7.02|
Info:      15000 |     4783       9917 |  420   580 |      6005|       0.46       7.48|
Info:      16000 |     5244      10456 |  461   539 |      5715|       0.48       7.96|
Info:      17000 |     5645      10990 |  401   534 |      5351|       0.47       8.43|
Info:      18000 |     6093      11490 |  448   500 |      5037|       0.44       8.87|
Info:      19000 |     6557      12026 |  464   536 |      4918|       0.61       9.47|
Info:      20000 |     7073      12510 |  516   484 |      4737|       0.47       9.95|
Info:      21000 |     7568      12988 |  495   478 |      4582|       0.58      10.53|
Info:      22000 |     8007      13548 |  439   560 |      4371|       0.52      11.05|
Info:      23000 |     8515      14040 |  508   492 |      4361|       0.59      11.64|
Info:      24000 |     9054      14501 |  539   461 |      4233|       0.84      12.48|
Info:      25000 |     9526      15029 |  472   528 |      4059|       0.52      13.00|
Info:      26000 |    10027      15502 |  501   473 |      3903|       0.64      13.64|
Info:      27000 |    10575      15954 |  548   452 |      3817|       0.67      14.31|
Info:      28000 |    11059      16470 |  484   516 |      3617|       0.57      14.88|
Info:      29000 |    11578      16951 |  519   481 |      3486|       0.56      15.44|
Info:      30000 |    12100      17429 |  522   478 |      3401|       0.70      16.15|
Info:      31000 |    12532      17943 |  432   514 |      3206|       0.57      16.72|
Info:      32000 |    13100      18320 |  568   377 |      3078|       0.64      17.36|
Info:      33000 |    13619      18801 |  519   481 |      3002|       0.60      17.95|
Info:      34000 |    14116      19304 |  497   503 |      2897|       0.67      18.62|
Info:      35000 |    14650      19742 |  534   438 |      2810|       0.69      19.32|
Info:      36000 |    15276      20116 |  626   374 |      2756|       0.65      19.97|
Info:      37000 |    15758      20634 |  482   518 |      2623|       0.69      20.66|
Info:      38000 |    16253      21139 |  495   505 |      2459|       0.77      21.43|
Info:      39000 |    16801      21591 |  548   452 |      2375|       0.61      22.04|
Info:      40000 |    17348      22044 |  547   453 |      2248|       0.79      22.83|
Info:      41000 |    17934      22458 |  586   414 |      2179|       0.72      23.55|
Info:      42000 |    18447      22941 |  513   483 |      1948|       0.58      24.12|
Info:      43000 |    18948      23438 |  501   497 |      1812|       0.61      24.74|
Info:      44000 |    19441      23945 |  493   507 |      1643|       0.70      25.44|
Info:      45000 |    20063      24323 |  622   378 |      1569|       0.67      26.11|
Info:      46000 |    20716      24670 |  653   347 |      1587|       0.71      26.81|
Info:      47000 |    21330      25056 |  614   386 |      1517|       0.66      27.48|
Info:      48000 |    21875      25511 |  545   455 |      1449|       0.66      28.14|
Info:      49000 |    22513      25873 |  638   362 |      1427|       0.73      28.87|
Info:      50000 |    23040      26346 |  527   473 |      1327|       0.69      29.56|
Info:      51000 |    23641      26745 |  601   399 |      1325|       0.66      30.22|
Info:      52000 |    24168      27217 |  527   472 |      1119|       0.49      30.71|
Info:      53000 |    24615      27760 |  447   543 |       820|       0.37      31.08|
Info:      54000 |    24933      28440 |  318   680 |       307|       0.64      31.72|
Info:      55000 |    25403      28970 |  470   530 |        35|       0.68      32.40|
Info:      55155 |    25486      29043 |   83    73 |         0|       0.12      32.53|
Info: Routing complete.
Info: Router1 time 32.53s
Info: Checksum: 0x608ff6b9

Info: Critical path report for clock 'clk_12mhz$SB_IO_IN_$glb_clk' (posedge -> posedge):
Info:       type curr  total name
Info:   clk-to-q  1.39  1.39 Source soc.cpu.mem_addr_SB_DFFE_Q_2_D_SB_LUT4_O_LC.O
Info:    routing  3.39  4.78 Net iomem_addr[29] (10,19) -> (17,19)
Info:                          Sink soc.cpu.mem_valid_SB_LUT4_I2_O_SB_LUT4_O_2_I3_SB_LUT4_O_LC.I2
Info:                          Defined in:
Info:                               picosoc.v:105.14-105.22
Info:      logic  1.21  5.99 Source soc.cpu.mem_valid_SB_LUT4_I2_O_SB_LUT4_O_2_I3_SB_LUT4_O_LC.O
Info:    routing  1.76  7.75 Net soc.cpu.mem_valid_SB_LUT4_I2_O_SB_LUT4_O_2_I3[2] (17,19) -> (17,19)
Info:                          Sink soc.cpu.mem_valid_SB_LUT4_I2_O_SB_LUT4_O_2_LC.I3
Info:                          Defined in:
Info:                               /mnt/c/Users/cheis/Documents/home/oss-cad-suite/lib/../share/yosys/ice40/cells_map.v:6.21-6.22
Info:      logic  0.87  8.62 Source soc.cpu.mem_valid_SB_LUT4_I2_O_SB_LUT4_O_2_LC.O
Info:    routing  1.76  10.38 Net iomem_ready_SB_LUT4_I1_I3[1] (17,19) -> (18,18)
Info:                          Sink soc.cpu.mem_valid_SB_LUT4_I2_1_O_SB_LUT4_O_LC.I3
Info:                          Defined in:
Info:                               /mnt/c/Users/cheis/Documents/home/oss-cad-suite/lib/../share/yosys/ice40/cells_map.v:6.21-6.22
Info:      logic  0.87  11.26 Source soc.cpu.mem_valid_SB_LUT4_I2_1_O_SB_LUT4_O_LC.O
Info:    routing  2.95  14.21 Net soc.cpu.mem_valid_SB_LUT4_I2_1_O[1] (18,18) -> (20,16)
Info:                          Sink soc.cpu.mem_valid_SB_LUT4_I2_1_O_SB_LUT4_I3_LC.I3
Info:                          Defined in:
Info:                               /mnt/c/Users/cheis/Documents/home/oss-cad-suite/lib/../share/yosys/ice40/cells_map.v:6.21-6.22
Info:      logic  0.87  15.08 Source soc.cpu.mem_valid_SB_LUT4_I2_1_O_SB_LUT4_I3_LC.O
Info:    routing  1.76  16.84 Net iomem_ready_SB_LUT4_I2_O_SB_LUT4_O_I2_SB_LUT4_O_1_I3_SB_LUT4_I3_O[1] (20,16) -> (20,15)
Info:                          Sink iomem_ready_SB_LUT4_I2_O_SB_LUT4_O_I2_SB_LUT4_O_1_I3_SB_LUT4_I3_O_SB_LUT4_I2_LC.I3
Info:                          Defined in:
Info:                               /mnt/c/Users/cheis/Documents/home/oss-cad-suite/lib/../share/yosys/ice40/cells_map.v:6.21-6.22
Info:      logic  0.87  17.72 Source iomem_ready_SB_LUT4_I2_O_SB_LUT4_O_I2_SB_LUT4_O_1_I3_SB_LUT4_I3_O_SB_LUT4_I2_LC.O
Info:    routing  1.76  19.48 Net flash_clk_SB_LUT4_I2_O[2] (20,15) -> (21,16)
Info:                          Sink soc.simpleuart.send_dummy_SB_LUT4_I1_O_SB_LUT4_O_LC.I3
Info:                          Defined in:
Info:                               /mnt/c/Users/cheis/Documents/home/oss-cad-suite/lib/../share/yosys/ice40/cells_map.v:6.21-6.22
Info:      logic  0.87  20.35 Source soc.simpleuart.send_dummy_SB_LUT4_I1_O_SB_LUT4_O_LC.O
Info:    routing  1.76  22.11 Net soc.simpleuart.send_dummy_SB_LUT4_I1_O[0] (21,16) -> (21,17)
Info:                          Sink soc.simpleuart.send_dummy_SB_LUT4_I1_O_SB_LUT4_I3_LC.I1
Info:                          Defined in:
Info:                               /mnt/c/Users/cheis/Documents/home/oss-cad-suite/lib/../share/yosys/ice40/cells_map.v:6.21-6.22
Info:      logic  1.23  23.34 Source soc.simpleuart.send_dummy_SB_LUT4_I1_O_SB_LUT4_I3_LC.O
Info:    routing  1.76  25.10 Net soc.simpleuart.send_dummy_SB_LUT4_I1_O_SB_LUT4_I3_O[2] (21,17) -> (20,18)
Info:                          Sink soc.cpu.mem_state_SB_DFFESR_Q_D_SB_LUT4_O_I3_SB_LUT4_I3_O_SB_LUT4_O_1_LC.I2
Info:                          Defined in:
Info:                               /mnt/c/Users/cheis/Documents/home/oss-cad-suite/lib/../share/yosys/ice40/cells_map.v:6.21-6.22
Info:      logic  1.21  26.31 Source soc.cpu.mem_state_SB_DFFESR_Q_D_SB_LUT4_O_I3_SB_LUT4_I3_O_SB_LUT4_O_1_LC.O
Info:    routing  4.14  30.45 Net soc.cpu.mem_state_SB_DFFESR_Q_D_SB_LUT4_O_I3_SB_LUT4_I3_O[3] (20,18) -> (14,23)
Info:                          Sink soc.cpu.mem_state_SB_DFFESR_Q_D_SB_LUT4_O_I3_SB_LUT4_I3_O_SB_LUT4_I3_LC.I3
Info:                          Defined in:
Info:                               /mnt/c/Users/cheis/Documents/home/oss-cad-suite/lib/../share/yosys/ice40/cells_map.v:6.21-6.22
Info:      logic  0.87  31.33 Source soc.cpu.mem_state_SB_DFFESR_Q_D_SB_LUT4_O_I3_SB_LUT4_I3_O_SB_LUT4_I3_LC.O
Info:    routing  1.76  33.09 Net soc.cpu.cpu_state_SB_DFF_Q_1_D_SB_LUT4_O_I1[3] (14,23) -> (14,24)
Info:                          Sink soc.cpu.cpu_state_SB_DFF_Q_2_D_SB_LUT4_O_I3_SB_LUT4_O_I3_SB_LUT4_I3_LC.I3
Info:                          Defined in:
Info:                               /mnt/c/Users/cheis/Documents/home/oss-cad-suite/lib/../share/yosys/ice40/cells_map.v:6.21-6.22
Info:      logic  0.87  33.96 Source soc.cpu.cpu_state_SB_DFF_Q_2_D_SB_LUT4_O_I3_SB_LUT4_O_I3_SB_LUT4_I3_LC.O
Info:    routing  1.76  35.72 Net soc.cpu.mem_do_prefetch_SB_LUT4_I0_I3[1] (14,24) -> (13,25)
Info:                          Sink soc.cpu.mem_do_prefetch_SB_LUT4_I2_2_LC.I3
Info:                          Defined in:
Info:                               /mnt/c/Users/cheis/Documents/home/oss-cad-suite/lib/../share/yosys/ice40/cells_map.v:6.21-6.22
Info:      logic  0.87  36.60 Source soc.cpu.mem_do_prefetch_SB_LUT4_I2_2_LC.O
Info:    routing  4.25  40.84 Net soc.cpu.instr_lbu_SB_LUT4_I2_1_O_SB_LUT4_I1_I2[3] (13,25) -> (10,15)
Info:                          Sink soc.cpu.instr_lbu_SB_LUT4_I2_1_O_SB_LUT4_I1_LC.I3
Info:                          Defined in:
Info:                               /mnt/c/Users/cheis/Documents/home/oss-cad-suite/lib/../share/yosys/ice40/cells_map.v:6.21-6.22
Info:      logic  0.87  41.72 Source soc.cpu.instr_lbu_SB_LUT4_I2_1_O_SB_LUT4_I1_LC.O
Info:    routing  3.64  45.36 Net soc.cpu.instr_lbu_SB_LUT4_I2_1_O_SB_LUT4_I1_O (10,15) -> (10,7)
Info:                          Sink soc.cpu.reg_op1_SB_DFFE_Q_24_D_SB_LUT4_O_LC.CEN
Info:      setup  0.10  45.46 Source soc.cpu.reg_op1_SB_DFFE_Q_24_D_SB_LUT4_O_LC.CEN
Info: 13.00 ns logic, 32.46 ns routing

Info: Critical path report for cross-domain path '<async>' -> 'posedge clk_12mhz$SB_IO_IN_$glb_clk':
Info:       type curr  total name
Info:     source  0.00  0.00 Source flash_io_buf[1].D_IN_0
Info:    routing  4.79  4.79 Net flash_io1_di (23,0) -> (14,10)
Info:                          Sink flash_io1_di_SB_LUT4_I0_LC.I0
Info:                          Defined in:
Info:                               picosoc.v:140.14-140.32
Info:      logic  1.28  6.07 Source flash_io1_di_SB_LUT4_I0_LC.O
Info:    routing  1.76  7.84 Net flash_io1_di_SB_LUT4_I0_O[0] (14,10) -> (14,11)
Info:                          Sink flash_io1_di_SB_LUT4_I0_O_SB_LUT4_I3_LC.I2
Info:                          Defined in:
Info:                               /mnt/c/Users/cheis/Documents/home/oss-cad-suite/lib/../share/yosys/ice40/cells_map.v:6.21-6.22
Info:      logic  1.21  9.04 Source flash_io1_di_SB_LUT4_I0_O_SB_LUT4_I3_LC.O
Info:    routing  1.76  10.80 Net flash_io1_di_SB_LUT4_I0_O_SB_LUT4_I3_O[1] (14,11) -> (15,11)
Info:                          Sink flash_io1_di_SB_LUT4_I0_O_SB_LUT4_I3_O_SB_LUT4_I3_LC.I1
Info:                          Defined in:
Info:                               /mnt/c/Users/cheis/Documents/home/oss-cad-suite/lib/../share/yosys/ice40/cells_map.v:6.21-6.22
Info:      logic  1.23  12.03 Source flash_io1_di_SB_LUT4_I0_O_SB_LUT4_I3_O_SB_LUT4_I3_LC.O
Info:    routing  2.99  15.02 Net flash_io1_di_SB_LUT4_I0_O_SB_LUT4_I3_O_SB_LUT4_I3_O[2] (15,11) -> (15,18)
Info:                          Sink soc.cpu.mem_rdata_q_SB_DFFE_Q_30_D_SB_LUT4_O_LC.I3
Info:                          Defined in:
Info:                               /mnt/c/Users/cheis/Documents/home/oss-cad-suite/lib/../share/yosys/ice40/cells_map.v:6.21-6.22
Info:      logic  0.87  15.90 Source soc.cpu.mem_rdata_q_SB_DFFE_Q_30_D_SB_LUT4_O_LC.O
Info:    routing  1.76  17.66 Net soc.cpu.instr_fence_SB_DFFESR_Q_D_SB_LUT4_O_I3_SB_LUT4_O_I3_SB_LUT4_O_I3_SB_LUT4_I2_O[1] (15,18) -> (15,17)
Info:                          Sink soc.cpu.instr_fence_SB_DFFESR_Q_D_SB_LUT4_O_I3_SB_LUT4_O_I3_SB_LUT4_O_I3_SB_LUT4_I2_O_SB_LUT4_I3_LC.I2
Info:                          Defined in:
Info:                               /mnt/c/Users/cheis/Documents/home/oss-cad-suite/lib/../share/yosys/ice40/cells_map.v:6.21-6.22
Info:      logic  1.21  18.86 Source soc.cpu.instr_fence_SB_DFFESR_Q_D_SB_LUT4_O_I3_SB_LUT4_O_I3_SB_LUT4_O_I3_SB_LUT4_I2_O_SB_LUT4_I3_LC.O
Info:    routing  1.76  20.63 Net soc.cpu.is_sb_sh_sw_SB_DFFE_Q_D_SB_LUT4_O_I2[1] (15,17) -> (14,17)
Info:                          Sink soc.spimem_cache.cache_data.0.2_RDATA_SB_LUT4_I2_O_SB_LUT4_I3_O_SB_LUT4_I3_O_SB_LUT4_I3_O_SB_LUT4_O_LC.I3
Info:                          Defined in:
Info:                               /mnt/c/Users/cheis/Documents/home/oss-cad-suite/lib/../share/yosys/ice40/cells_map.v:6.21-6.22
Info:      logic  0.87  21.50 Source soc.spimem_cache.cache_data.0.2_RDATA_SB_LUT4_I2_O_SB_LUT4_I3_O_SB_LUT4_I3_O_SB_LUT4_I3_O_SB_LUT4_O_LC.O
Info:    routing  2.30  23.80 Net soc.spimem_cache.cache_data.0.2_RDATA_SB_LUT4_I2_O_SB_LUT4_I3_O_SB_LUT4_I3_O_SB_LUT4_I3_O[2] (14,17) -> (15,17)
Info:                          Sink soc.cpu.instr_auipc_SB_DFFE_Q_D_SB_LUT4_O_LC.I3
Info:                          Defined in:
Info:                               /mnt/c/Users/cheis/Documents/home/oss-cad-suite/lib/../share/yosys/ice40/cells_map.v:6.21-6.22
Info:      setup  0.82  24.63 Source soc.cpu.instr_auipc_SB_DFFE_Q_D_SB_LUT4_O_LC.I3
Info: 7.50 ns logic, 17.13 ns routing

Info: Critical path report for cross-domain path 'posedge clk_12mhz$SB_IO_IN_$glb_clk' -> '<async>':
Info:       type curr  total name
Info:   clk-to-q  1.39  1.39 Source soc.spimemio.xfer.dummy_count_SB_DFFESR_Q_D_SB_LUT4_O_LC.O
Info:    routing  1.76  3.15 Net soc.spimemio.xfer.dummy_count[3] (23,2) -> (22,2)
Info:                          Sink soc.spimemio.xfer.count_SB_DFFESR_Q_1_D_SB_LUT4_O_I3_SB_LUT4_O_I2_SB_LUT4_I3_O_SB_LUT4_I3_O_SB_LUT4_I3_O_SB_LUT4_O_LC.I0
Info:                          Defined in:
Info:                               spimemio.v:417.12-417.23
Info:      logic  1.28  4.43 Source soc.spimemio.xfer.count_SB_DFFESR_Q_1_D_SB_LUT4_O_I3_SB_LUT4_O_I2_SB_LUT4_I3_O_SB_LUT4_I3_O_SB_LUT4_I3_O_SB_LUT4_O_LC.O
Info:    routing  2.85  7.28 Net soc.spimemio.din_valid_SB_LUT4_I2_O_SB_LUT4_I3_3_O[0] (22,2) -> (18,2)
Info:                          Sink soc.spimemio.xfer.xfer_rd_SB_LUT4_I2_LC.I3
Info:                          Defined in:
Info:                               /mnt/c/Users/cheis/Documents/home/oss-cad-suite/lib/../share/yosys/ice40/cells_map.v:6.21-6.22
Info:      logic  0.87  8.16 Source soc.spimemio.xfer.xfer_rd_SB_LUT4_I2_LC.O
Info:    routing  1.76  9.92 Net soc.spimemio.xfer.xfer_rd_SB_LUT4_I2_O[1] (18,2) -> (18,2)
Info:                          Sink flash_io1_oe_SB_LUT4_O_I3_SB_LUT4_O_LC.I3
Info:                          Defined in:
Info:                               /mnt/c/Users/cheis/Documents/home/oss-cad-suite/lib/../share/yosys/ice40/cells_map.v:6.21-6.22
Info:      logic  0.87  10.79 Source flash_io1_oe_SB_LUT4_O_I3_SB_LUT4_O_LC.O
Info:    routing  1.76  12.55 Net flash_io0_oe_SB_LUT4_O_I2[1] (18,2) -> (17,2)
Info:                          Sink flash_io1_oe_SB_LUT4_O_LC.I3
Info:                          Defined in:
Info:                               /mnt/c/Users/cheis/Documents/home/oss-cad-suite/lib/../share/yosys/ice40/cells_map.v:6.21-6.22
Info:      logic  0.87  13.43 Source flash_io1_oe_SB_LUT4_O_LC.O
Info:    routing  3.49  16.92 Net flash_io1_oe (17,2) -> (23,0)
Info:                          Sink flash_io_buf[1].OUTPUT_ENABLE
Info:                          Defined in:
Info:                               picosoc.v:140.14-140.32
Info: 5.30 ns logic, 11.62 ns routing

Info: Critical path report for cross-domain path 'negedge clk_12mhz$SB_IO_IN_$glb_clk' -> '<async>':
Info:       type curr  total name
Info:   clk-to-q  1.39  1.39 Source soc.spimemio.xfer_io1_90_SB_DFFN_Q_DFFLC.O
Info:    routing  1.76  3.15 Net soc.spimemio.xfer_io1_90 (20,1) -> (20,1)
Info:                          Sink soc.spimemio.xfer_io1_90_SB_LUT4_I2_LC.I2
Info:                          Defined in:
Info:                               /mnt/c/Users/cheis/Documents/home/oss-cad-suite/lib/../share/yosys/ice40/cells_map.v:6.21-6.22
Info:      logic  1.21  4.36 Source soc.spimemio.xfer_io1_90_SB_LUT4_I2_LC.O
Info:    routing  2.30  6.66 Net flash_io1_do_SB_LUT4_O_I3[2] (20,1) -> (18,1)
Info:                          Sink flash_io1_do_SB_LUT4_O_LC.I3
Info:                          Defined in:
Info:                               /mnt/c/Users/cheis/Documents/home/oss-cad-suite/lib/../share/yosys/ice40/cells_map.v:6.21-6.22
Info:      logic  0.87  7.53 Source flash_io1_do_SB_LUT4_O_LC.O
Info:    routing  3.60  11.13 Net flash_io1_do (18,1) -> (23,0)
Info:                          Sink flash_io_buf[1].D_OUT_0
Info:                          Defined in:
Info:                               spimemio.v:37.9-37.21
Info: 3.47 ns logic, 7.66 ns routing

Info: Max frequency for clock 'clk_12mhz$SB_IO_IN_$glb_clk': 22.00 MHz (PASS at 12.00 MHz)

Info: Max delay <async>                             -> posedge clk_12mhz$SB_IO_IN_$glb_clk: 24.63 ns
Info: Max delay posedge clk_12mhz$SB_IO_IN_$glb_clk -> <async>                            : 16.92 ns
Info: Max delay negedge clk_12mhz$SB_IO_IN_$glb_clk -> <async>                            : 11.13 ns

Info: Slack histogram:
Info:  legend: * represents 15 endpoint(s)
Info:          + represents [1,15) endpoint(s)
Info: [ 31270,  33714) |+
Info: [ 33714,  36158) | 
Info: [ 36158,  38602) |**+
Info: [ 38602,  41046) |*+
Info: [ 41046,  43490) |*****+
Info: [ 43490,  45934) |*****+
Info: [ 45934,  48378) |*********+
Info: [ 48378,  50822) |******+
Info: [ 50822,  53266) |*************+
Info: [ 53266,  55710) |**********+
Info: [ 55710,  58154) |*************+
Info: [ 58154,  60598) |***************+
Info: [ 60598,  63042) |**************+
Info: [ 63042,  65486) |*************+
Info: [ 65486,  67930) |***************+
Info: [ 67930,  70374) |***************+
Info: [ 70374,  72818) |***********************************************+
Info: [ 72818,  75262) |****************+
Info: [ 75262,  77706) |************************************************************ 
Info: [ 77706,  80150) |**************************************+

Info: Program finished normally.
