Info: constrained 'clk_12mhz' to bel 'X12/Y31/io1'
Info: constrained 'ser_rx' to bel 'X13/Y0/io1'
Info: constrained 'ser_tx' to bel 'X15/Y0/io0'
Info: constrained 'flash_clk' to bel 'X24/Y0/io0'
Info: constrained 'flash_csb' to bel 'X24/Y0/io1'
Info: constrained 'flash_io0' to bel 'X23/Y0/io0'
Info: constrained 'flash_io1' to bel 'X23/Y0/io1'
Info: constrained 'flash_io2' to bel 'X18/Y0/io0'
Info: constrained 'flash_io3' to bel 'X19/Y0/io0'
Info: constrained 'P1A1' to bel 'X9/Y0/io0'
Info: constrained 'P1A2' to bel 'X8/Y0/io0'
Info: constrained 'P1A3' to bel 'X6/Y0/io0'
Info: constrained 'P1A4' to bel 'X7/Y0/io1'
Info: constrained 'P1A7' to bel 'X9/Y0/io1'
Info: constrained 'P1A8' to bel 'X7/Y0/io0'
Info: constrained 'P1A9' to bel 'X5/Y0/io0'
Info: constrained 'P1A10' to bel 'X6/Y0/io1'
Info: constrained 'led1' to bel 'X18/Y31/io0'
Info: constrained 'led2' to bel 'X18/Y31/io1'
Info: constrained 'led3' to bel 'X19/Y31/io1'
Info: constrained 'led4' to bel 'X19/Y31/io0'
Info: constrained 'led5' to bel 'X18/Y0/io1'
Info: constrained 'ledr_n' to bel 'X17/Y0/io0'
Info: constrained 'ledg_n' to bel 'X13/Y31/io0'

Info: Packing constants..
Info: Packing IOs..
Info: flash_io3 feeds SB_IO flash_io_buf[3], removing $nextpnr_iobuf flash_io3.
Info: flash_io2 feeds SB_IO flash_io_buf[2], removing $nextpnr_iobuf flash_io2.
Info: flash_io1 feeds SB_IO flash_io_buf[1], removing $nextpnr_iobuf flash_io1.
Info: flash_io0 feeds SB_IO flash_io_buf[0], removing $nextpnr_iobuf flash_io0.
Info: Packing LUT-FFs..
Info:     2372 LCs used as LUT4 only
Info:      702 LCs used as LUT4 and DFF
Info: Packing non-LUT FFs..
Info:      477 LCs used as DFF only
Info: Packing carries..
Info:      122 LCs used as CARRY only
Info: Packing indirect carry+LUT pairs...
Info:       33 LUTs merged into carry LCs
Info: Packing RAMs..
Info: Placing PLLs..
Info: Packing special functions..
Info: Packing PLLs..
Info: Promoting globals..
Info: promoting clk_12mhz$SB_IO_IN (fanout 1231)
Info: promoting iomem_ready_SB_LUT4_I1_1_O[1] [reset] (fanout 402)
Info: promoting soc.simpleuart.recv_buf_valid_SB_LUT4_I0_I3_SB_LUT4_O_I3_SB_LUT4_O_I3_SB_CARRY_CO_I1_SB_CARRY_I1_1_CO_SB_LUT4_I3_O [reset] (fanout 32)
Info: promoting soc.cpu.instr_ori_SB_LUT4_I1_O_SB_LUT4_I2_O [reset] (fanout 31)
Info: promoting soc.cpu.genblk1.pcpi_mul.active_SB_LUT4_I2_O [cen] (fanout 66)
Info: promoting soc.cpu.decoder_pseudo_trigger_SB_LUT4_I2_O[0] [cen] (fanout 65)
Info: promoting soc.cpu.reg_pc_SB_DFFESS_Q_E[1] [cen] (fanout 60)
Info: promoting soc.spimemio.din_rd_SB_DFFESR_Q_E_SB_LUT4_O_I3_SB_LUT4_I3_O [cen] (fanout 54)
Info: Constraining chains...
Info:       21 LCs used to legalise carry chains.
Info: Checksum: 0x15814b4f

Info: Device utilisation:
Info: 	         ICESTORM_LC:    3663/   5280    69%
Info: 	        ICESTORM_RAM:      22/     30    73%
Info: 	               SB_IO:      24/     96    25%
Info: 	               SB_GB:       8/      8   100%
Info: 	        ICESTORM_PLL:       0/      1     0%
Info: 	         SB_WARMBOOT:       0/      1     0%
Info: 	        ICESTORM_DSP:       4/      8    50%
Info: 	      ICESTORM_HFOSC:       0/      1     0%
Info: 	      ICESTORM_LFOSC:       0/      1     0%
Info: 	              SB_I2C:       0/      2     0%
Info: 	              SB_SPI:       0/      2     0%
Info: 	              IO_I3C:       0/      2     0%
Info: 	         SB_LEDDA_IP:       0/      1     0%
Info: 	         SB_RGBA_DRV:       0/      1     0%
Info: 	      ICESTORM_SPRAM:       4/      4   100%

Info: Placed 24 cells based on constraints.
Info: Creating initial analytic placement for 2976 cells, random placement wirelen = 94657.
Info:     at initial placer iter 0, wirelen = 2000
Info:     at initial placer iter 1, wirelen = 1906
Info:     at initial placer iter 2, wirelen = 1871
Info:     at initial placer iter 3, wirelen = 1891
Info: Running main analytical placer, max placement attempts per cell = 1734453.
Info:     at iteration #1, type ALL: wirelen solved = 1870, spread = 37033, legal = 40765; time = 0.18s
Info:     at iteration #2, type ALL: wirelen solved = 2234, spread = 34149, legal = 38722; time = 0.18s
Info:     at iteration #3, type ALL: wirelen solved = 3140, spread = 32659, legal = 35630; time = 0.17s
Info:     at iteration #4, type ALL: wirelen solved = 3843, spread = 32181, legal = 36429; time = 0.15s
Info:     at iteration #5, type ALL: wirelen solved = 4785, spread = 30955, legal = 35284; time = 0.17s
Info:     at iteration #6, type ALL: wirelen solved = 5686, spread = 29903, legal = 34707; time = 0.17s
Info:     at iteration #7, type ALL: wirelen solved = 6320, spread = 28892, legal = 32614; time = 0.45s
Info:     at iteration #8, type ALL: wirelen solved = 6903, spread = 28392, legal = 32444; time = 0.17s
Info:     at iteration #9, type ALL: wirelen solved = 7351, spread = 28853, legal = 31441; time = 0.16s
Info:     at iteration #10, type ALL: wirelen solved = 8123, spread = 27720, legal = 31947; time = 0.16s
Info:     at iteration #11, type ALL: wirelen solved = 8630, spread = 26778, legal = 29987; time = 0.16s
Info:     at iteration #12, type ALL: wirelen solved = 9128, spread = 27123, legal = 30316; time = 0.15s
Info:     at iteration #13, type ALL: wirelen solved = 9643, spread = 25839, legal = 29536; time = 0.17s
Info:     at iteration #14, type ALL: wirelen solved = 10070, spread = 26100, legal = 29837; time = 0.16s
Info:     at iteration #15, type ALL: wirelen solved = 10781, spread = 25151, legal = 29788; time = 0.16s
Info:     at iteration #16, type ALL: wirelen solved = 11400, spread = 25377, legal = 29722; time = 0.16s
Info:     at iteration #17, type ALL: wirelen solved = 11774, spread = 25290, legal = 29214; time = 0.16s
Info:     at iteration #18, type ALL: wirelen solved = 12290, spread = 24502, legal = 28762; time = 0.15s
Info:     at iteration #19, type ALL: wirelen solved = 12128, spread = 24772, legal = 28160; time = 0.10s
Info:     at iteration #20, type ALL: wirelen solved = 12860, spread = 24452, legal = 28306; time = 0.15s
Info:     at iteration #21, type ALL: wirelen solved = 12740, spread = 24365, legal = 28682; time = 0.16s
Info:     at iteration #22, type ALL: wirelen solved = 13016, spread = 24465, legal = 28820; time = 0.11s
Info:     at iteration #23, type ALL: wirelen solved = 13095, spread = 24251, legal = 28040; time = 0.16s
Info:     at iteration #24, type ALL: wirelen solved = 13409, spread = 24390, legal = 28587; time = 0.11s
Info:     at iteration #25, type ALL: wirelen solved = 13506, spread = 24379, legal = 28465; time = 0.17s
Info:     at iteration #26, type ALL: wirelen solved = 13459, spread = 24442, legal = 28284; time = 0.10s
Info:     at iteration #27, type ALL: wirelen solved = 13712, spread = 24355, legal = 29569; time = 0.15s
Info:     at iteration #28, type ALL: wirelen solved = 13792, spread = 24383, legal = 28079; time = 0.15s
Info: HeAP Placer Time: 5.56s
Info:   of which solving equations: 1.63s
Info:   of which spreading cells: 0.23s
Info:   of which strict legalisation: 2.87s

Info: Running simulated annealing placer for refinement.
Info:   at iteration #1: temp = 0.000000, timing cost = 1555, wirelen = 28040
Info:   at iteration #5: temp = 0.000000, timing cost = 1440, wirelen = 21672
Info:   at iteration #10: temp = 0.000000, timing cost = 1505, wirelen = 20709
Info:   at iteration #15: temp = 0.000000, timing cost = 1351, wirelen = 20204
Info:   at iteration #20: temp = 0.000000, timing cost = 1273, wirelen = 19744
Info:   at iteration #25: temp = 0.000000, timing cost = 1265, wirelen = 19616
Info:   at iteration #30: temp = 0.000000, timing cost = 1265, wirelen = 19585
Info:   at iteration #35: temp = 0.000000, timing cost = 1265, wirelen = 19557
Info:   at iteration #35: temp = 0.000000, timing cost = 1264, wirelen = 19558 
Info: SA placement time 5.56s

Info: Max frequency for clock 'clk_12mhz$SB_IO_IN_$glb_clk': 21.18 MHz (PASS at 12.00 MHz)

Info: Max delay <async>                             -> posedge clk_12mhz$SB_IO_IN_$glb_clk: 27.05 ns
Info: Max delay posedge clk_12mhz$SB_IO_IN_$glb_clk -> <async>                            : 18.33 ns
Info: Max delay negedge clk_12mhz$SB_IO_IN_$glb_clk -> <async>                            : 10.42 ns

Info: Slack histogram:
Info:  legend: * represents 15 endpoint(s)
Info:          + represents [1,15) endpoint(s)
Info: [ 29045,  31630) |+
Info: [ 31630,  34215) | 
Info: [ 34215,  36800) |+
Info: [ 36800,  39385) |***+
Info: [ 39385,  41970) |*****+
Info: [ 41970,  44555) |******+
Info: [ 44555,  47140) |******+
Info: [ 47140,  49725) |****+
Info: [ 49725,  52310) |*********+
Info: [ 52310,  54895) |*********+
Info: [ 54895,  57480) |*********************+
Info: [ 57480,  60065) |******+
Info: [ 60065,  62650) |***********************+
Info: [ 62650,  65235) |**********************************+
Info: [ 65235,  67820) |***************+
Info: [ 67820,  70405) |*********************+
Info: [ 70405,  72990) |**************+
Info: [ 72990,  75575) |*************************+
Info: [ 75575,  78160) |***********************************+
Info: [ 78160,  80745) |************************************************************ 
Info: Checksum: 0xdb9a14e6

Info: Routing..
Info: Setting up routing queue.
Info: Routing 13010 arcs.
Info:            |   (re-)routed arcs  |   delta    | remaining|       time spent     |
Info:    IterCnt |  w/ripup   wo/ripup |  w/r  wo/r |      arcs| batch(sec) total(sec)|
Info:       1000 |       34        965 |   34   965 |     12055|       1.78       1.78|
Info:       2000 |       86       1913 |   52   948 |     11143|       0.42       2.20|
Info:       3000 |      201       2798 |  115   885 |     10320|       0.27       2.47|
Info:       4000 |      407       3591 |  206   793 |      9594|       0.24       2.71|
Info:       5000 |      628       4327 |  221   736 |      8904|       0.31       3.02|
Info:       6000 |      878       5050 |  250   723 |      8323|       0.31       3.32|
Info:       7000 |     1191       5737 |  313   687 |      7871|       0.34       3.67|
Info:       8000 |     1558       6343 |  367   606 |      7484|       0.44       4.11|
Info:       9000 |     1879       6917 |  321   574 |      7049|       0.39       4.50|
Info:      10000 |     2297       7497 |  418   580 |      6773|       0.42       4.92|
Info:      11000 |     2695       8068 |  398   571 |      6409|       0.35       5.27|
Info:      12000 |     3203       8502 |  508   434 |      6176|       0.49       5.76|
Info:      13000 |     3578       9095 |  375   593 |      5787|       0.42       6.19|
Info:      14000 |     4019       9640 |  441   545 |      5533|       0.40       6.59|
Info:      15000 |     4479      10155 |  460   515 |      5265|       0.46       7.05|
Info:      16000 |     4941      10692 |  462   537 |      5085|       0.58       7.63|
Info:      17000 |     5335      11196 |  394   504 |      4643|       0.33       7.96|
Info:      18000 |     5825      11705 |  490   509 |      4478|       0.51       8.47|
Info:      19000 |     6270      12260 |  445   555 |      4286|       0.50       8.98|
Info:      20000 |     6774      12755 |  504   495 |      4281|       0.61       9.59|
Info:      21000 |     7255      13273 |  481   518 |      4118|       0.53      10.11|
Info:      22000 |     7730      13798 |  475   525 |      3950|       0.55      10.66|
Info:      23000 |     8176      14352 |  446   554 |      3754|       0.47      11.13|
Info:      24000 |     8645      14883 |  469   531 |      3646|       0.52      11.65|
Info:      25000 |     9140      15387 |  495   504 |      3437|       0.61      12.26|
Info:      26000 |     9622      15905 |  482   518 |      3337|       0.58      12.84|
Info:      27000 |    10091      16382 |  469   477 |      3111|       0.59      13.43|
Info:      28000 |    10629      16841 |  538   459 |      2917|       0.69      14.13|
Info:      29000 |    11105      17287 |  476   446 |      2685|       0.44      14.57|
Info:      30000 |    11594      17797 |  489   510 |      2568|       0.56      15.13|
Info:      31000 |    12086      18305 |  492   508 |      2478|       0.69      15.81|
Info:      32000 |    12588      18803 |  502   498 |      2293|       0.62      16.43|
Info:      33000 |    13083      19306 |  495   503 |      2191|       0.55      16.98|
Info:      34000 |    13576      19809 |  493   503 |      2029|       0.52      17.50|
Info:      35000 |    14096      20289 |  520   480 |      2016|       0.57      18.07|
Info:      36000 |    14591      20794 |  495   505 |      1952|       0.49      18.57|
Info:      37000 |    15109      21276 |  518   482 |      1872|       0.54      19.10|
Info:      38000 |    15619      21766 |  510   490 |      1818|       0.54      19.65|
Info:      39000 |    16166      22219 |  547   453 |      1734|       0.55      20.19|
Info:      40000 |    16625      22760 |  459   541 |      1577|       0.45      20.65|
Info:      41000 |    17190      23195 |  565   435 |      1537|       0.52      21.17|
Info:      42000 |    17725      23660 |  535   465 |      1487|       0.52      21.69|
Info:      43000 |    18297      24088 |  572   428 |      1338|       0.48      22.17|
Info:      44000 |    18850      24534 |  553   446 |      1190|       0.52      22.68|
Info:      45000 |    19279      25095 |  429   561 |       830|       0.39      23.08|
Info:      46000 |    19731      25643 |  452   548 |       590|       0.43      23.50|
Info:      47000 |    20158      26215 |  427   572 |       376|       0.62      24.13|
Info:      48000 |    20693      26680 |  535   465 |       191|       0.70      24.82|
Info:      49000 |    21213      27160 |  520   480 |       199|       0.57      25.39|
Info:      50000 |    21749      27624 |  536   464 |        73|       0.65      26.04|
Info:      50381 |    21948      27807 |  199   183 |         0|       0.25      26.29|
Info: Routing complete.
Info: Router1 time 26.29s
Info: Checksum: 0x68e46224

Info: Critical path report for clock 'clk_12mhz$SB_IO_IN_$glb_clk' (posedge -> posedge):
Info:       type curr  total name
Info:   clk-to-q  1.39  1.39 Source soc.cpu.mem_addr_SB_DFFE_Q_D_SB_LUT4_O_LC.O
Info:    routing  1.76  3.15 Net iomem_addr[31] (14,22) -> (14,22)
Info:                          Sink iomem_ready_SB_LUT4_I1_1_I2_SB_LUT4_O_2_I3_SB_LUT4_O_LC.I0
Info:                          Defined in:
Info:                               picosoc.v:105.14-105.22
Info:      logic  1.28  4.43 Source iomem_ready_SB_LUT4_I1_1_I2_SB_LUT4_O_2_I3_SB_LUT4_O_LC.O
Info:    routing  2.95  7.39 Net iomem_ready_SB_LUT4_I1_1_I2_SB_LUT4_O_2_I3[2] (14,22) -> (16,21)
Info:                          Sink iomem_ready_SB_LUT4_I1_1_I2_SB_LUT4_O_2_LC.I3
Info:                          Defined in:
Info:                               /mnt/c/Users/cheis/Documents/home/oss-cad-suite/lib/../share/yosys/ice40/cells_map.v:6.21-6.22
Info:      logic  0.87  8.26 Source iomem_ready_SB_LUT4_I1_1_I2_SB_LUT4_O_2_LC.O
Info:    routing  1.76  10.02 Net iomem_ready_SB_LUT4_I1_1_I2[2] (16,21) -> (17,20)
Info:                          Sink soc.simpleuart.recv_buf_valid_SB_LUT4_I0_I2_SB_LUT4_O_I2_SB_LUT4_I2_I3_SB_LUT4_O_I2_SB_LUT4_O_1_LC.I3
Info:                          Defined in:
Info:                               /mnt/c/Users/cheis/Documents/home/oss-cad-suite/lib/../share/yosys/ice40/cells_map.v:6.21-6.22
Info:      logic  0.87  10.90 Source soc.simpleuart.recv_buf_valid_SB_LUT4_I0_I2_SB_LUT4_O_I2_SB_LUT4_I2_I3_SB_LUT4_O_I2_SB_LUT4_O_1_LC.O
Info:    routing  1.76  12.66 Net soc.simpleuart.recv_buf_valid_SB_LUT4_I0_I2_SB_LUT4_O_I2_SB_LUT4_I2_I3_SB_LUT4_O_I2[3] (17,20) -> (17,19)
Info:                          Sink soc.simpleuart.recv_buf_valid_SB_LUT4_I0_I2_SB_LUT4_O_I2_SB_LUT4_O_I3_SB_LUT4_I3_O_SB_LUT4_O_LC.I3
Info:                          Defined in:
Info:                               /mnt/c/Users/cheis/Documents/home/oss-cad-suite/lib/../share/yosys/ice40/cells_map.v:6.21-6.22
Info:      logic  0.87  13.53 Source soc.simpleuart.recv_buf_valid_SB_LUT4_I0_I2_SB_LUT4_O_I2_SB_LUT4_O_I3_SB_LUT4_I3_O_SB_LUT4_O_LC.O
Info:    routing  3.70  17.24 Net soc.simpleuart.recv_buf_valid_SB_LUT4_I0_I2_SB_LUT4_O_I2[1] (17,19) -> (16,10)
Info:                          Sink soc.simpleuart.send_dummy_SB_LUT4_I1_O_SB_LUT4_O_I2_SB_LUT4_O_LC.I3
Info:                          Defined in:
Info:                               /mnt/c/Users/cheis/Documents/home/oss-cad-suite/lib/../share/yosys/ice40/cells_map.v:6.21-6.22
Info:      logic  0.87  18.11 Source soc.simpleuart.send_dummy_SB_LUT4_I1_O_SB_LUT4_O_I2_SB_LUT4_O_LC.O
Info:    routing  1.76  19.87 Net soc.simpleuart.send_dummy_SB_LUT4_I1_O_SB_LUT4_O_I2[1] (16,10) -> (15,11)
Info:                          Sink soc.simpleuart.send_dummy_SB_LUT4_I1_O_SB_LUT4_O_I2_SB_LUT4_I3_LC.I3
Info:                          Defined in:
Info:                               /mnt/c/Users/cheis/Documents/home/oss-cad-suite/lib/../share/yosys/ice40/cells_map.v:6.21-6.22
Info:      logic  0.87  20.75 Source soc.simpleuart.send_dummy_SB_LUT4_I1_O_SB_LUT4_O_I2_SB_LUT4_I3_LC.O
Info:    routing  2.95  23.70 Net flash_clk_SB_LUT4_I1_O[1] (15,11) -> (18,13)
Info:                          Sink soc.spimem_cache.cache_data.0.10_RDATA_1_SB_LUT4_I3_O_SB_LUT4_I2_O_SB_LUT4_I2_O_SB_LUT4_O_I2_SB_LUT4_O_I3_SB_LUT4_O_2_LC.I3
Info:                          Defined in:
Info:                               /mnt/c/Users/cheis/Documents/home/oss-cad-suite/lib/../share/yosys/ice40/cells_map.v:6.21-6.22
Info:      logic  0.87  24.57 Source soc.spimem_cache.cache_data.0.10_RDATA_1_SB_LUT4_I3_O_SB_LUT4_I2_O_SB_LUT4_I2_O_SB_LUT4_O_I2_SB_LUT4_O_I3_SB_LUT4_O_2_LC.O
Info:    routing  2.95  27.52 Net soc.spimem_cache.cache_data.0.10_RDATA_1_SB_LUT4_I3_O_SB_LUT4_I2_O_SB_LUT4_I2_O_SB_LUT4_O_I2_SB_LUT4_O_I3[1] (18,13) -> (21,12)
Info:                          Sink soc.spimem_cache.cache_data.0.10_RDATA_1_SB_LUT4_I3_O_SB_LUT4_I2_O_SB_LUT4_I2_O_SB_LUT4_O_I2_SB_LUT4_O_LC.I1
Info:                          Defined in:
Info:                               /mnt/c/Users/cheis/Documents/home/oss-cad-suite/lib/../share/yosys/ice40/cells_map.v:6.21-6.22
Info:      logic  1.23  28.75 Source soc.spimem_cache.cache_data.0.10_RDATA_1_SB_LUT4_I3_O_SB_LUT4_I2_O_SB_LUT4_I2_O_SB_LUT4_O_I2_SB_LUT4_O_LC.O
Info:    routing  2.99  31.75 Net soc.spimem_cache.cache_data.0.10_RDATA_1_SB_LUT4_I3_O_SB_LUT4_I2_O_SB_LUT4_I2_O_SB_LUT4_O_I2[1] (21,12) -> (21,17)
Info:                          Sink soc.spimem_cache.cache_data.0.10_RDATA_1_SB_LUT4_I3_O_SB_LUT4_I2_O_SB_LUT4_I2_O_SB_LUT4_O_LC.I2
Info:                          Defined in:
Info:                               /mnt/c/Users/cheis/Documents/home/oss-cad-suite/lib/../share/yosys/ice40/cells_map.v:6.21-6.22
Info:      logic  1.21  32.95 Source soc.spimem_cache.cache_data.0.10_RDATA_1_SB_LUT4_I3_O_SB_LUT4_I2_O_SB_LUT4_I2_O_SB_LUT4_O_LC.O
Info:    routing  1.76  34.71 Net soc.spimem_cache.cache_data.0.10_RDATA_1_SB_LUT4_I3_O_SB_LUT4_I2_O_SB_LUT4_I2_O[2] (21,17) -> (20,18)
Info:                          Sink soc.spimem_cache.cache_data.0.10_RDATA_1_SB_LUT4_I3_O_SB_LUT4_I2_O_SB_LUT4_I2_O_SB_LUT4_I3_LC.I2
Info:                          Defined in:
Info:                               /mnt/c/Users/cheis/Documents/home/oss-cad-suite/lib/../share/yosys/ice40/cells_map.v:6.21-6.22
Info:      logic  1.21  35.92 Source soc.spimem_cache.cache_data.0.10_RDATA_1_SB_LUT4_I3_O_SB_LUT4_I2_O_SB_LUT4_I2_O_SB_LUT4_I3_LC.O
Info:    routing  3.49  39.41 Net soc.cpu.mem_rdata_q_SB_DFFE_Q_27_D[2] (20,18) -> (13,19)
Info:                          Sink soc.cpu.decoded_rs2_SB_DFFE_Q_3_D_SB_LUT4_O_LC.I3
Info:                          Defined in:
Info:                               /mnt/c/Users/cheis/Documents/home/oss-cad-suite/lib/../share/yosys/ice40/cells_map.v:6.21-6.22
Info:      logic  0.87  40.29 Source soc.cpu.decoded_rs2_SB_DFFE_Q_3_D_SB_LUT4_O_LC.O
Info:    routing  1.76  42.05 Net soc.cpu.decoded_rs2_SB_DFFE_Q_3_D[2] (13,19) -> (12,19)
Info:                          Sink soc.cpu.decoded_rs2_SB_DFFE_Q_3_D_SB_LUT4_I3_LC.I3
Info:                          Defined in:
Info:                               /mnt/c/Users/cheis/Documents/home/oss-cad-suite/lib/../share/yosys/ice40/cells_map.v:6.21-6.22
Info:      logic  0.87  42.92 Source soc.cpu.decoded_rs2_SB_DFFE_Q_3_D_SB_LUT4_I3_LC.O
Info:    routing  1.76  44.68 Net soc.cpu.decoded_rs2_SB_DFFE_Q_3_D_SB_LUT4_I3_O[3] (12,19) -> (11,19)
Info:                          Sink soc.cpu.decoded_rs2_SB_DFFE_Q_3_D_SB_LUT4_I3_O_SB_LUT4_I3_LC.I3
Info:                          Defined in:
Info:                               /mnt/c/Users/cheis/Documents/home/oss-cad-suite/lib/../share/yosys/ice40/cells_map.v:6.21-6.22
Info:      logic  0.87  45.56 Source soc.cpu.decoded_rs2_SB_DFFE_Q_3_D_SB_LUT4_I3_O_SB_LUT4_I3_LC.O
Info:    routing  1.76  47.32 Net soc.cpu.cpuregs.regs.0.1_RDATA_8_SB_DFF_Q_D_SB_LUT4_O_I3[3] (11,19) -> (11,19)
Info:                          Sink soc.cpu.cpuregs.regs.0.1_RDATA_8_SB_DFF_Q_D_SB_LUT4_O_LC.I3
Info:                          Defined in:
Info:                               /mnt/c/Users/cheis/Documents/home/oss-cad-suite/lib/../share/yosys/ice40/cells_map.v:6.21-6.22
Info:      setup  0.82  48.14 Source soc.cpu.cpuregs.regs.0.1_RDATA_8_SB_DFF_Q_D_SB_LUT4_O_LC.I3
Info: 15.01 ns logic, 33.14 ns routing

Info: Critical path report for cross-domain path '<async>' -> 'posedge clk_12mhz$SB_IO_IN_$glb_clk':
Info:       type curr  total name
Info:     source  0.00  0.00 Source flash_io_buf[1].D_IN_0
Info:    routing  4.79  4.79 Net flash_io1_di (23,0) -> (15,10)
Info:                          Sink flash_io1_di_SB_LUT4_I0_LC.I0
Info:                          Defined in:
Info:                               picosoc.v:140.14-140.32
Info:      logic  1.28  6.07 Source flash_io1_di_SB_LUT4_I0_LC.O
Info:    routing  1.76  7.84 Net flash_io1_di_SB_LUT4_I0_O[2] (15,10) -> (15,10)
Info:                          Sink flash_io1_di_SB_LUT4_I0_O_SB_LUT4_I3_LC.I3
Info:                          Defined in:
Info:                               /mnt/c/Users/cheis/Documents/home/oss-cad-suite/lib/../share/yosys/ice40/cells_map.v:6.21-6.22
Info:      logic  0.87  8.71 Source flash_io1_di_SB_LUT4_I0_O_SB_LUT4_I3_LC.O
Info:    routing  1.76  10.47 Net flash_io1_di_SB_LUT4_I0_O_SB_LUT4_I3_O[3] (15,10) -> (15,11)
Info:                          Sink soc.cpu.mem_rdata_q_SB_DFFE_Q_30_D_SB_LUT4_O_I3_SB_LUT4_O_1_I2_SB_LUT4_O_LC.I3
Info:                          Defined in:
Info:                               /mnt/c/Users/cheis/Documents/home/oss-cad-suite/lib/../share/yosys/ice40/cells_map.v:6.21-6.22
Info:      logic  0.87  11.35 Source soc.cpu.mem_rdata_q_SB_DFFE_Q_30_D_SB_LUT4_O_I3_SB_LUT4_O_1_I2_SB_LUT4_O_LC.O
Info:    routing  2.95  14.30 Net soc.cpu.mem_rdata_q_SB_DFFE_Q_30_D_SB_LUT4_O_I3_SB_LUT4_O_1_I2[0] (15,11) -> (15,14)
Info:                          Sink soc.cpu.mem_rdata_q_SB_DFFE_Q_30_D_SB_LUT4_O_I3_SB_LUT4_O_1_LC.I2
Info:                          Defined in:
Info:                               /mnt/c/Users/cheis/Documents/home/oss-cad-suite/lib/../share/yosys/ice40/cells_map.v:6.21-6.22
Info:      logic  1.21  15.50 Source soc.cpu.mem_rdata_q_SB_DFFE_Q_30_D_SB_LUT4_O_I3_SB_LUT4_O_1_LC.O
Info:    routing  1.76  17.26 Net soc.cpu.mem_rdata_q_SB_DFFE_Q_30_D_SB_LUT4_O_I3[3] (15,14) -> (14,14)
Info:                          Sink soc.cpu.mem_rdata_q_SB_DFFE_Q_30_D_SB_LUT4_O_LC.I3
Info:                          Defined in:
Info:                               /mnt/c/Users/cheis/Documents/home/oss-cad-suite/lib/../share/yosys/ice40/cells_map.v:6.21-6.22
Info:      logic  0.87  18.14 Source soc.cpu.mem_rdata_q_SB_DFFE_Q_30_D_SB_LUT4_O_LC.O
Info:    routing  1.76  19.90 Net soc.cpu.mem_rdata_q_SB_DFFE_Q_30_D[3] (14,14) -> (14,15)
Info:                          Sink soc.cpu.mem_rdata_q_SB_DFFE_Q_30_D_SB_LUT4_I3_1_LC.I3
Info:                          Defined in:
Info:                               /mnt/c/Users/cheis/Documents/home/oss-cad-suite/lib/../share/yosys/ice40/cells_map.v:6.21-6.22
Info:      logic  0.87  20.77 Source soc.cpu.mem_rdata_q_SB_DFFE_Q_30_D_SB_LUT4_I3_1_LC.O
Info:    routing  2.95  23.72 Net soc.cpu.mem_rdata_q_SB_DFFE_Q_28_D_SB_LUT4_I3_O[2] (14,15) -> (16,18)
Info:                          Sink soc.cpu.mem_rdata_q_SB_DFFE_Q_26_D_SB_LUT4_I3_O_SB_LUT4_O_1_LC.I3
Info:                          Defined in:
Info:                               /mnt/c/Users/cheis/Documents/home/oss-cad-suite/lib/../share/yosys/ice40/cells_map.v:6.21-6.22
Info:      logic  0.87  24.60 Source soc.cpu.mem_rdata_q_SB_DFFE_Q_26_D_SB_LUT4_I3_O_SB_LUT4_O_1_LC.O
Info:    routing  1.76  26.36 Net soc.cpu.instr_jal_SB_DFFE_Q_D_SB_LUT4_O_I2[2] (16,18) -> (16,19)
Info:                          Sink soc.cpu.is_alu_reg_imm_SB_DFFE_Q_D_SB_LUT4_O_LC.I3
Info:                          Defined in:
Info:                               /mnt/c/Users/cheis/Documents/home/oss-cad-suite/lib/../share/yosys/ice40/cells_map.v:6.21-6.22
Info:      setup  0.82  27.18 Source soc.cpu.is_alu_reg_imm_SB_DFFE_Q_D_SB_LUT4_O_LC.I3
Info: 7.68 ns logic, 19.50 ns routing

Info: Critical path report for cross-domain path 'posedge clk_12mhz$SB_IO_IN_$glb_clk' -> '<async>':
Info:       type curr  total name
Info:   clk-to-q  1.39  1.39 Source soc.spimemio.xfer.xfer_qspi_SB_DFFESR_Q_DFFLC.O
Info:    routing  1.76  3.15 Net flash_io2_di_SB_LUT4_I1_I3[1] (18,2) -> (18,2)
Info:                          Sink soc.spimemio.xfer.xfer_rd_SB_LUT4_I1_I2_SB_LUT4_O_LC.I2
Info:                          Defined in:
Info:                               /mnt/c/Users/cheis/Documents/home/oss-cad-suite/lib/../share/yosys/ice40/cells_map.v:6.21-6.22
Info:      logic  1.21  4.36 Source soc.spimemio.xfer.xfer_rd_SB_LUT4_I1_I2_SB_LUT4_O_LC.O
Info:    routing  1.76  6.12 Net soc.spimemio.xfer.xfer_rd_SB_LUT4_I1_I2[1] (18,2) -> (18,3)
Info:                          Sink soc.spimemio.xfer.xfer_rd_SB_LUT4_I1_I2_SB_LUT4_I3_LC.I3
Info:                          Defined in:
Info:                               /mnt/c/Users/cheis/Documents/home/oss-cad-suite/lib/../share/yosys/ice40/cells_map.v:6.21-6.22
Info:      logic  0.87  6.99 Source soc.spimemio.xfer.xfer_rd_SB_LUT4_I1_I2_SB_LUT4_I3_LC.O
Info:    routing  1.76  8.75 Net soc.spimemio.din_rd_SB_DFFESR_Q_E_SB_LUT4_O_I2[0] (18,3) -> (18,2)
Info:                          Sink soc.spimemio.xfer_io0_90_SB_DFFN_Q_D_SB_LUT4_O_LC.I3
Info:                          Defined in:
Info:                               /mnt/c/Users/cheis/Documents/home/oss-cad-suite/lib/../share/yosys/ice40/cells_map.v:6.21-6.22
Info:      logic  0.87  9.63 Source soc.spimemio.xfer_io0_90_SB_DFFN_Q_D_SB_LUT4_O_LC.O
Info:    routing  1.76  11.39 Net soc.spimemio.xfer_io0_90_SB_DFFN_Q_D[2] (18,2) -> (18,3)
Info:                          Sink soc.spimemio.xfer_io0_90_SB_LUT4_I2_LC.I3
Info:                          Defined in:
Info:                               /mnt/c/Users/cheis/Documents/home/oss-cad-suite/lib/../share/yosys/ice40/cells_map.v:6.21-6.22
Info:      logic  0.87  12.26 Source soc.spimemio.xfer_io0_90_SB_LUT4_I2_LC.O
Info:    routing  1.76  14.02 Net flash_io0_do_SB_LUT4_O_I3[2] (18,3) -> (18,3)
Info:                          Sink flash_io0_do_SB_LUT4_O_LC.I3
Info:                          Defined in:
Info:                               /mnt/c/Users/cheis/Documents/home/oss-cad-suite/lib/../share/yosys/ice40/cells_map.v:6.21-6.22
Info:      logic  0.87  14.90 Source flash_io0_do_SB_LUT4_O_LC.O
Info:    routing  3.60  18.50 Net flash_io0_do (18,3) -> (23,0)
Info:                          Sink flash_io_buf[0].D_OUT_0
Info:                          Defined in:
Info:                               spimemio.v:36.9-36.21
Info: 6.09 ns logic, 12.40 ns routing

Info: Critical path report for cross-domain path 'negedge clk_12mhz$SB_IO_IN_$glb_clk' -> '<async>':
Info:       type curr  total name
Info:   clk-to-q  1.39  1.39 Source soc.spimemio.xfer_io1_90_SB_DFFN_Q_DFFLC.O
Info:    routing  1.76  3.15 Net soc.spimemio.xfer_io1_90 (17,3) -> (17,3)
Info:                          Sink soc.spimemio.xfer_io1_90_SB_LUT4_I2_LC.I2
Info:                          Defined in:
Info:                               /mnt/c/Users/cheis/Documents/home/oss-cad-suite/lib/../share/yosys/ice40/cells_map.v:6.21-6.22
Info:      logic  1.21  4.36 Source soc.spimemio.xfer_io1_90_SB_LUT4_I2_LC.O
Info:    routing  1.76  6.12 Net flash_io1_do_SB_LUT4_O_I3[2] (17,3) -> (18,3)
Info:                          Sink flash_io1_do_SB_LUT4_O_LC.I3
Info:                          Defined in:
Info:                               /mnt/c/Users/cheis/Documents/home/oss-cad-suite/lib/../share/yosys/ice40/cells_map.v:6.21-6.22
Info:      logic  0.87  6.99 Source flash_io1_do_SB_LUT4_O_LC.O
Info:    routing  3.60  10.59 Net flash_io1_do (18,3) -> (23,0)
Info:                          Sink flash_io_buf[1].D_OUT_0
Info:                          Defined in:
Info:                               spimemio.v:37.9-37.21
Info: 3.47 ns logic, 7.12 ns routing

Info: Max frequency for clock 'clk_12mhz$SB_IO_IN_$glb_clk': 20.77 MHz (PASS at 12.00 MHz)

Info: Max delay <async>                             -> posedge clk_12mhz$SB_IO_IN_$glb_clk: 27.18 ns
Info: Max delay posedge clk_12mhz$SB_IO_IN_$glb_clk -> <async>                            : 18.50 ns
Info: Max delay negedge clk_12mhz$SB_IO_IN_$glb_clk -> <async>                            : 10.59 ns

Info: Slack histogram:
Info:  legend: * represents 17 endpoint(s)
Info:          + represents [1,17) endpoint(s)
Info: [ 29045,  31629) |+
Info: [ 31629,  34213) | 
Info: [ 34213,  36797) |+
Info: [ 36797,  39381) |******+
Info: [ 39381,  41965) |****+
Info: [ 41965,  44549) |****+
Info: [ 44549,  47133) |**+
Info: [ 47133,  49717) |****+
Info: [ 49717,  52301) |*********+
Info: [ 52301,  54885) |********+
Info: [ 54885,  57469) |****************+
Info: [ 57469,  60053) |****************+
Info: [ 60053,  62637) |*****************+
Info: [ 62637,  65221) |***************+
Info: [ 65221,  67805) |*********** 
Info: [ 67805,  70389) |**************+
Info: [ 70389,  72973) |*****************************************+
Info: [ 72973,  75557) |***********************+
Info: [ 75557,  78141) |************************************************************ 
Info: [ 78141,  80725) |*************************+

Info: Program finished normally.
