Info: constrained 'clk_12mhz' to bel 'X12/Y31/io1'
Info: constrained 'ser_rx' to bel 'X13/Y0/io1'
Info: constrained 'ser_tx' to bel 'X15/Y0/io0'
Info: constrained 'flash_clk' to bel 'X24/Y0/io0'
Info: constrained 'flash_csb' to bel 'X24/Y0/io1'
Info: constrained 'flash_io0' to bel 'X23/Y0/io0'
Info: constrained 'flash_io1' to bel 'X23/Y0/io1'
Info: constrained 'flash_io2' to bel 'X18/Y0/io0'
Info: constrained 'flash_io3' to bel 'X19/Y0/io0'
Info: constrained 'P1A1' to bel 'X9/Y0/io0'
Info: constrained 'P1A2' to bel 'X8/Y0/io0'
Info: constrained 'P1A3' to bel 'X6/Y0/io0'
Info: constrained 'P1A4' to bel 'X7/Y0/io1'
Info: constrained 'P1A7' to bel 'X9/Y0/io1'
Info: constrained 'P1A8' to bel 'X7/Y0/io0'
Info: constrained 'P1A9' to bel 'X5/Y0/io0'
Info: constrained 'P1A10' to bel 'X6/Y0/io1'
Info: constrained 'led1' to bel 'X18/Y31/io0'
Info: constrained 'led2' to bel 'X18/Y31/io1'
Info: constrained 'led3' to bel 'X19/Y31/io1'
Info: constrained 'led4' to bel 'X19/Y31/io0'
Info: constrained 'led5' to bel 'X18/Y0/io1'
Info: constrained 'ledr_n' to bel 'X17/Y0/io0'
Info: constrained 'ledg_n' to bel 'X13/Y31/io0'

Info: Packing constants..
Info: Packing IOs..
Info: flash_io3 feeds SB_IO flash_io_buf[3], removing $nextpnr_iobuf flash_io3.
Info: flash_io2 feeds SB_IO flash_io_buf[2], removing $nextpnr_iobuf flash_io2.
Info: flash_io1 feeds SB_IO flash_io_buf[1], removing $nextpnr_iobuf flash_io1.
Info: flash_io0 feeds SB_IO flash_io_buf[0], removing $nextpnr_iobuf flash_io0.
Info: Packing LUT-FFs..
Info:     2377 LCs used as LUT4 only
Info:      702 LCs used as LUT4 and DFF
Info: Packing non-LUT FFs..
Info:      477 LCs used as DFF only
Info: Packing carries..
Info:      123 LCs used as CARRY only
Info: Packing indirect carry+LUT pairs...
Info:       33 LUTs merged into carry LCs
Info: Packing RAMs..
Info: Placing PLLs..
Info:   constrained PLL 'pll' to X12/Y31/pll_3
Info: Packing special functions..
Info: Packing PLLs..
Info:   PLL 'pll' has LOCK output, need to pass all outputs via LUT
Info:   LUT strategy for LOCK: move all users to new LUT
Info:   constrained 'pll_PLL$nextpnr_LOCK_lut_through' to X1/Y30/lc0
Info: Promoting globals..
Info: promoting clk (fanout 1231)
Info: promoting iomem_ready_SB_LUT4_I1_O[1] [reset] (fanout 402)
Info: promoting soc.simpleuart.recv_state_SB_DFFESR_Q_D_SB_LUT4_O_I0_SB_LUT4_I2_I3_SB_LUT4_O_I3_SB_CARRY_CO_I1_SB_CARRY_I1_CO_SB_LUT4_I3_O [reset] (fanout 32)
Info: promoting soc.cpu.instr_or_SB_LUT4_I0_O_SB_LUT4_I2_O [reset] (fanout 31)
Info: promoting soc.cpu.genblk1.pcpi_mul.active_SB_LUT4_I2_O [cen] (fanout 66)
Info: promoting soc.cpu.decoder_pseudo_trigger_SB_LUT4_I3_O[0] [cen] (fanout 65)
Info: promoting soc.cpu.reg_pc_SB_DFFESS_Q_E[1] [cen] (fanout 60)
Info: promoting soc.spimemio.din_rd_SB_DFFESR_Q_E_SB_LUT4_O_I3_SB_LUT4_I3_O [cen] (fanout 54)
Info: Constraining chains...
Info:       21 LCs used to legalise carry chains.
Info: Checksum: 0x969b191b

Info: Device utilisation:
Info: 	         ICESTORM_LC:    3670/   5280    69%
Info: 	        ICESTORM_RAM:      22/     30    73%
Info: 	               SB_IO:      24/     96    25%
Info: 	               SB_GB:       8/      8   100%
Info: 	        ICESTORM_PLL:       1/      1   100%
Info: 	         SB_WARMBOOT:       0/      1     0%
Info: 	        ICESTORM_DSP:       4/      8    50%
Info: 	      ICESTORM_HFOSC:       0/      1     0%
Info: 	      ICESTORM_LFOSC:       0/      1     0%
Info: 	              SB_I2C:       0/      2     0%
Info: 	              SB_SPI:       0/      2     0%
Info: 	              IO_I3C:       0/      2     0%
Info: 	         SB_LEDDA_IP:       0/      1     0%
Info: 	         SB_RGBA_DRV:       0/      1     0%
Info: 	      ICESTORM_SPRAM:       4/      4   100%

Info: Placed 26 cells based on constraints.
Info: Creating initial analytic placement for 2983 cells, random placement wirelen = 92756.
Info:     at initial placer iter 0, wirelen = 1951
Info:     at initial placer iter 1, wirelen = 1982
Info:     at initial placer iter 2, wirelen = 1985
Info:     at initial placer iter 3, wirelen = 1971
Info: Running main analytical placer, max placement attempts per cell = 1741911.
Info:     at iteration #1, type ALL: wirelen solved = 2034, spread = 36268, legal = 39398; time = 0.25s
Info:     at iteration #2, type ALL: wirelen solved = 2270, spread = 34253, legal = 36921; time = 0.31s
Info:     at iteration #3, type ALL: wirelen solved = 3064, spread = 33394, legal = 37075; time = 0.17s
Info:     at iteration #4, type ALL: wirelen solved = 3657, spread = 33200, legal = 36603; time = 0.17s
Info:     at iteration #5, type ALL: wirelen solved = 4759, spread = 31702, legal = 35567; time = 0.19s
Info:     at iteration #6, type ALL: wirelen solved = 5587, spread = 30524, legal = 34439; time = 0.17s
Info:     at iteration #7, type ALL: wirelen solved = 6089, spread = 29844, legal = 33746; time = 0.18s
Info:     at iteration #8, type ALL: wirelen solved = 6818, spread = 29128, legal = 32973; time = 0.12s
Info:     at iteration #9, type ALL: wirelen solved = 7305, spread = 28373, legal = 31970; time = 0.19s
Info:     at iteration #10, type ALL: wirelen solved = 7921, spread = 27484, legal = 31649; time = 0.17s
Info:     at iteration #11, type ALL: wirelen solved = 8486, spread = 27062, legal = 30658; time = 0.16s
Info:     at iteration #12, type ALL: wirelen solved = 9253, spread = 27271, legal = 30085; time = 0.16s
Info:     at iteration #13, type ALL: wirelen solved = 10073, spread = 26373, legal = 30499; time = 0.15s
Info:     at iteration #14, type ALL: wirelen solved = 10399, spread = 26596, legal = 29892; time = 0.17s
Info:     at iteration #15, type ALL: wirelen solved = 11115, spread = 26711, legal = 29892; time = 0.16s
Info:     at iteration #16, type ALL: wirelen solved = 11637, spread = 25983, legal = 29565; time = 0.17s
Info:     at iteration #17, type ALL: wirelen solved = 11834, spread = 25703, legal = 28773; time = 0.16s
Info:     at iteration #18, type ALL: wirelen solved = 12245, spread = 25048, legal = 30095; time = 0.17s
Info:     at iteration #19, type ALL: wirelen solved = 12328, spread = 25147, legal = 29137; time = 0.17s
Info:     at iteration #20, type ALL: wirelen solved = 12700, spread = 25490, legal = 29879; time = 0.17s
Info:     at iteration #21, type ALL: wirelen solved = 13281, spread = 24907, legal = 29388; time = 0.16s
Info:     at iteration #22, type ALL: wirelen solved = 13281, spread = 24863, legal = 29433; time = 0.12s
Info: HeAP Placer Time: 4.65s
Info:   of which solving equations: 1.41s
Info:   of which spreading cells: 0.19s
Info:   of which strict legalisation: 2.42s

Info: Running simulated annealing placer for refinement.
Info:   at iteration #1: temp = 0.000000, timing cost = 1369, wirelen = 28773
Info:   at iteration #5: temp = 0.000000, timing cost = 1420, wirelen = 22300
Info:   at iteration #10: temp = 0.000000, timing cost = 1526, wirelen = 21330
Info:   at iteration #15: temp = 0.000000, timing cost = 1407, wirelen = 20785
Info:   at iteration #20: temp = 0.000000, timing cost = 1375, wirelen = 20301
Info:   at iteration #25: temp = 0.000000, timing cost = 1364, wirelen = 20191
Info:   at iteration #30: temp = 0.000000, timing cost = 1364, wirelen = 20133
Info:   at iteration #35: temp = 0.000000, timing cost = 1363, wirelen = 20121
Info:   at iteration #39: temp = 0.000000, timing cost = 1358, wirelen = 20109 
Info: SA placement time 12.51s

Info: Max frequency for clock 'clk_$glb_clk': 20.71 MHz (PASS at 19.50 MHz)

Info: Max delay <async>              -> posedge clk_$glb_clk: 26.88 ns
Info: Max delay posedge clk_$glb_clk -> <async>             : 19.09 ns
Info: Max delay negedge clk_$glb_clk -> <async>             : 10.16 ns

Info: Slack histogram:
Info:  legend: * represents 12 endpoint(s)
Info:          + represents [1,12) endpoint(s)
Info: [  2999,   5264) |**+
Info: [  5264,   7529) |**********+
Info: [  7529,   9794) |******+
Info: [  9794,  12059) |****+
Info: [ 12059,  14324) |***+
Info: [ 14324,  16589) |****+
Info: [ 16589,  18854) |*******+
Info: [ 18854,  21119) |****+
Info: [ 21119,  23384) |*****************+
Info: [ 23384,  25649) |*****************************+
Info: [ 25649,  27914) |**************+
Info: [ 27914,  30179) |*********************+
Info: [ 30179,  32444) |*******************************+
Info: [ 32444,  34709) |*****************************+
Info: [ 34709,  36974) |*************************+
Info: [ 36974,  39239) |*****************+
Info: [ 39239,  41504) |***************+
Info: [ 41504,  43769) |**********************************+
Info: [ 43769,  46034) |**********************************************************+
Info: [ 46034,  48299) |************************************************************ 
Info: Checksum: 0x79789069

Info: Routing..
Info: Setting up routing queue.
Info: Routing 12967 arcs.
Info:            |   (re-)routed arcs  |   delta    | remaining|       time spent     |
Info:    IterCnt |  w/ripup   wo/ripup |  w/r  wo/r |      arcs| batch(sec) total(sec)|
Info:       1000 |       63        936 |   63   936 |     12086|       1.63       1.63|
Info:       2000 |      123       1876 |   60   940 |     11205|       0.54       2.16|
Info:       3000 |      282       2717 |  159   841 |     10431|       0.46       2.62|
Info:       4000 |      469       3529 |  187   812 |      9729|       0.32       2.94|
Info:       5000 |      724       4245 |  255   716 |      9150|       0.40       3.34|
Info:       6000 |     1037       4911 |  313   666 |      8685|       0.42       3.76|
Info:       7000 |     1363       5566 |  326   655 |      8227|       0.56       4.33|
Info:       8000 |     1690       6238 |  327   672 |      7810|       0.79       5.11|
Info:       9000 |     2090       6787 |  400   549 |      7534|       1.02       6.14|
Info:      10000 |     2517       7360 |  427   573 |      7341|       1.30       7.44|
Info:      11000 |     2906       7971 |  389   611 |      7141|       0.72       8.16|
Info:      12000 |     3313       8537 |  407   566 |      6948|       1.04       9.20|
Info:      13000 |     3714       9096 |  401   559 |      6765|       0.93      10.13|
Info:      14000 |     4157       9614 |  443   518 |      6497|       1.05      11.18|
Info:      15000 |     4631      10128 |  474   514 |      6393|       1.07      12.24|
Info:      16000 |     5045      10655 |  414   527 |      6104|       0.89      13.13|
Info:      17000 |     5442      11257 |  397   602 |      5821|       0.66      13.79|
Info:      18000 |     5895      11804 |  453   547 |      5630|       0.98      14.77|
Info:      19000 |     6417      12282 |  522   478 |      5472|       0.85      15.63|
Info:      20000 |     6924      12751 |  507   469 |      5368|       0.82      16.45|
Info:      21000 |     7402      13271 |  478   520 |      5228|       0.71      17.16|
Info:      22000 |     7765      13841 |  363   570 |      4790|       0.76      17.92|
Info:      23000 |     8213      14370 |  448   529 |      4516|       0.59      18.51|
Info:      24000 |     8709      14874 |  496   504 |      4433|       0.79      19.30|
Info:      25000 |     9203      15379 |  494   505 |      4296|       0.77      20.07|
Info:      26000 |     9652      15877 |  449   498 |      3968|       0.63      20.70|
Info:      27000 |    10116      16413 |  464   536 |      3876|       0.59      21.29|
Info:      28000 |    10656      16872 |  540   459 |      3800|       0.70      21.99|
Info:      29000 |    11164      17364 |  508   492 |      3694|       0.98      22.97|
Info:      30000 |    11700      17828 |  536   464 |      3562|       0.71      23.67|
Info:      31000 |    12262      18266 |  562   438 |      3534|       1.01      24.68|
Info:      32000 |    12703      18798 |  441   532 |      3408|       0.79      25.47|
Info:      33000 |    13245      19256 |  542   458 |      3335|       1.05      26.52|
Info:      34000 |    13794      19707 |  549   451 |      3320|       1.16      27.68|
Info:      35000 |    14356      20145 |  562   438 |      3181|       1.25      28.93|
Info:      36000 |    14826      20675 |  470   530 |      3070|       0.79      29.71|
Info:      37000 |    15293      21126 |  467   451 |      2742|       0.56      30.28|
Info:      38000 |    15823      21569 |  530   443 |      2601|       0.71      30.99|
Info:      39000 |    16405      21987 |  582   418 |      2556|       0.73      31.72|
Info:      40000 |    17098      22294 |  693   307 |      2538|       0.72      32.44|
Info:      41000 |    17653      22739 |  555   445 |      2502|       0.70      33.14|
Info:      42000 |    18110      23282 |  457   543 |      2339|       0.72      33.86|
Info:      43000 |    18692      23700 |  582   418 |      2298|       0.66      34.52|
Info:      44000 |    19229      24163 |  537   463 |      2266|       0.91      35.44|
Info:      45000 |    19813      24579 |  584   416 |      2217|       0.72      36.16|
Info:      46000 |    20362      25030 |  549   451 |      2072|       0.76      36.93|
Info:      47000 |    20871      25517 |  509   487 |      1959|       0.67      37.59|
Info:      48000 |    21338      26050 |  467   533 |      1890|       0.58      38.17|
Info:      49000 |    21918      26468 |  580   418 |      1818|       0.63      38.81|
Info:      50000 |    22471      26915 |  553   447 |      1683|       0.64      39.45|
Info:      51000 |    22976      27410 |  505   495 |      1545|       0.80      40.25|
Info:      52000 |    23519      27867 |  543   457 |      1421|       0.70      40.95|
Info:      53000 |    24030      28356 |  511   489 |      1368|       0.71      41.67|
Info:      54000 |    24540      28845 |  510   489 |      1156|       0.59      42.26|
Info:      55000 |    24982      29393 |  442   548 |       837|       0.67      42.93|
Info:      56000 |    25345      30030 |  363   637 |       406|       0.74      43.67|
Info:      57000 |    25821      30553 |  476   523 |       114|       0.85      44.52|
Info:      57658 |    26147      30885 |  326   332 |         0|       0.89      45.41|
Info: Routing complete.
Info: Router1 time 45.41s
Info: Checksum: 0x29b49808

Info: Critical path report for clock 'clk_$glb_clk' (posedge -> posedge):
Info:       type curr  total name
Info:   clk-to-q  1.39  1.39 Source soc.cpu.mem_addr_SB_DFFE_Q_14_D_SB_LUT4_O_LC.O
Info:    routing  3.49  4.89 Net iomem_addr[17] (20,21) -> (13,19)
Info:                          Sink soc.cpu.mem_valid_SB_LUT4_I0_O_SB_LUT4_O_I3_SB_LUT4_O_I3_SB_LUT4_O_I3_SB_LUT4_O_LC.I0
Info:                          Defined in:
Info:                               /mnt/c/Users/cheis/Documents/home/oss-cad-suite/lib/../share/yosys/ice40/cells_map.v:6.21-6.22
Info:      logic  1.28  6.17 Source soc.cpu.mem_valid_SB_LUT4_I0_O_SB_LUT4_O_I3_SB_LUT4_O_I3_SB_LUT4_O_I3_SB_LUT4_O_LC.O
Info:    routing  4.14  10.31 Net soc.cpu.mem_valid_SB_LUT4_I0_O_SB_LUT4_O_I3_SB_LUT4_O_I3_SB_LUT4_O_I3[3] (13,19) -> (20,13)
Info:                          Sink soc.cpu.mem_valid_SB_LUT4_I0_O_SB_LUT4_O_I3_SB_LUT4_O_I3_SB_LUT4_O_LC.I3
Info:                          Defined in:
Info:                               /mnt/c/Users/cheis/Documents/home/oss-cad-suite/lib/../share/yosys/ice40/cells_map.v:6.21-6.22
Info:      logic  0.87  11.19 Source soc.cpu.mem_valid_SB_LUT4_I0_O_SB_LUT4_O_I3_SB_LUT4_O_I3_SB_LUT4_O_LC.O
Info:    routing  1.76  12.95 Net soc.cpu.mem_valid_SB_LUT4_I0_O_SB_LUT4_O_I3_SB_LUT4_O_I3[1] (20,13) -> (20,12)
Info:                          Sink soc.cpu.mem_valid_SB_LUT4_I0_O_SB_LUT4_O_I3_SB_LUT4_O_LC.I3
Info:                          Defined in:
Info:                               /mnt/c/Users/cheis/Documents/home/oss-cad-suite/lib/../share/yosys/ice40/cells_map.v:6.21-6.22
Info:      logic  0.87  13.82 Source soc.cpu.mem_valid_SB_LUT4_I0_O_SB_LUT4_O_I3_SB_LUT4_O_LC.O
Info:    routing  1.76  15.58 Net soc.cpu.mem_valid_SB_LUT4_I0_O_SB_LUT4_O_I3[3] (20,12) -> (20,12)
Info:                          Sink soc.cpu.mem_valid_SB_LUT4_I0_O_SB_LUT4_O_I3_SB_LUT4_I3_LC.I3
Info:                          Defined in:
Info:                               /mnt/c/Users/cheis/Documents/home/oss-cad-suite/lib/../share/yosys/ice40/cells_map.v:6.21-6.22
Info:      logic  0.87  16.46 Source soc.cpu.mem_valid_SB_LUT4_I0_O_SB_LUT4_O_I3_SB_LUT4_I3_LC.O
Info:    routing  2.85  19.30 Net soc.cpu.mem_valid_SB_LUT4_I0_O_SB_LUT4_O_I3_SB_LUT4_I3_O[0] (20,12) -> (16,12)
Info:                          Sink soc.cpu.mem_valid_SB_LUT4_I0_O_SB_LUT4_I3_LC.I2
Info:                          Defined in:
Info:                               /mnt/c/Users/cheis/Documents/home/oss-cad-suite/lib/../share/yosys/ice40/cells_map.v:6.21-6.22
Info:      logic  1.21  20.51 Source soc.cpu.mem_valid_SB_LUT4_I0_O_SB_LUT4_I3_LC.O
Info:    routing  1.76  22.27 Net flash_csb_SB_LUT4_I1_O[1] (16,12) -> (17,11)
Info:                          Sink iomem_ready_SB_LUT4_I2_O_SB_LUT4_O_LC.I0
Info:                          Defined in:
Info:                               /mnt/c/Users/cheis/Documents/home/oss-cad-suite/lib/../share/yosys/ice40/cells_map.v:6.21-6.22
Info:      logic  1.28  23.55 Source iomem_ready_SB_LUT4_I2_O_SB_LUT4_O_LC.O
Info:    routing  2.95  26.50 Net iomem_ready_SB_LUT4_I2_O[3] (17,11) -> (20,12)
Info:                          Sink iomem_ready_SB_LUT4_I2_I3_SB_LUT4_I2_O_SB_LUT4_I2_O_SB_LUT4_O_LC.I3
Info:                          Defined in:
Info:                               /mnt/c/Users/cheis/Documents/home/oss-cad-suite/lib/../share/yosys/ice40/cells_map.v:6.21-6.22
Info:      logic  0.87  27.38 Source iomem_ready_SB_LUT4_I2_I3_SB_LUT4_I2_O_SB_LUT4_I2_O_SB_LUT4_O_LC.O
Info:    routing  3.49  30.87 Net iomem_ready_SB_LUT4_I2_I3_SB_LUT4_I2_O_SB_LUT4_I2_O[2] (20,12) -> (15,15)
Info:                          Sink soc.cpu.mem_xfer_SB_LUT4_O_LC.I3
Info:                          Defined in:
Info:                               /mnt/c/Users/cheis/Documents/home/oss-cad-suite/lib/../share/yosys/ice40/cells_map.v:6.21-6.22
Info:      logic  0.87  31.75 Source soc.cpu.mem_xfer_SB_LUT4_O_LC.O
Info:    routing  3.06  34.81 Net soc.cpu.decoded_rs2_SB_DFFE_Q_2_D_SB_LUT4_O_I3[2] (15,15) -> (14,21)
Info:                          Sink soc.cpu.mem_state_SB_DFFESR_Q_D_SB_LUT4_O_I3_SB_LUT4_I3_O_SB_LUT4_I1_LC.I3
Info:                          Defined in:
Info:                               /mnt/c/Users/cheis/Documents/home/oss-cad-suite/lib/../share/yosys/ice40/cells_map.v:6.21-6.22
Info:      logic  0.87  35.68 Source soc.cpu.mem_state_SB_DFFESR_Q_D_SB_LUT4_O_I3_SB_LUT4_I3_O_SB_LUT4_I1_LC.O
Info:    routing  1.76  37.44 Net soc.cpu.cpu_state_SB_DFF_Q_4_D_SB_LUT4_O_I2_SB_LUT4_O_I2[2] (14,21) -> (15,22)
Info:                          Sink soc.cpu.mem_do_prefetch_SB_LUT4_I2_1_LC.I3
Info:                          Defined in:
Info:                               /mnt/c/Users/cheis/Documents/home/oss-cad-suite/lib/../share/yosys/ice40/cells_map.v:6.21-6.22
Info:      logic  0.87  38.31 Source soc.cpu.mem_do_prefetch_SB_LUT4_I2_1_LC.O
Info:    routing  6.09  44.40 Net soc.cpu.instr_lw_SB_LUT4_I1_O_SB_LUT4_I3_O[3] (15,22) -> (9,5)
Info:                          Sink soc.cpu.instr_lw_SB_LUT4_I1_O_SB_LUT4_I3_O_SB_LUT4_I1_LC.I3
Info:                          Defined in:
Info:                               /mnt/c/Users/cheis/Documents/home/oss-cad-suite/lib/../share/yosys/ice40/cells_map.v:6.21-6.22
Info:      logic  0.87  45.28 Source soc.cpu.instr_lw_SB_LUT4_I1_O_SB_LUT4_I3_O_SB_LUT4_I1_LC.O
Info:    routing  3.03  48.31 Net soc.cpu.instr_lw_SB_LUT4_I1_O_SB_LUT4_I3_O_SB_LUT4_I1_O (9,5) -> (9,4)
Info:                          Sink soc.cpu.reg_op1_SB_DFFE_Q_16_D_SB_LUT4_O_LC.CEN
Info:      setup  0.10  48.41 Source soc.cpu.reg_op1_SB_DFFE_Q_16_D_SB_LUT4_O_LC.CEN
Info: 12.26 ns logic, 36.15 ns routing

Info: Critical path report for cross-domain path '<async>' -> 'posedge clk_$glb_clk':
Info:       type curr  total name
Info:     source  0.00  0.00 Source flash_io_buf[2].D_IN_0
Info:    routing  4.45  4.45 Net flash_io2_di (18,0) -> (15,10)
Info:                          Sink flash_io2_di_SB_LUT4_I0_LC.I0
Info:                          Defined in:
Info:                               picosoc.v:140.14-140.32
Info:      logic  1.28  5.73 Source flash_io2_di_SB_LUT4_I0_LC.O
Info:    routing  1.76  7.49 Net flash_io2_di_SB_LUT4_I0_O[2] (15,10) -> (15,10)
Info:                          Sink flash_io2_di_SB_LUT4_I0_O_SB_LUT4_I3_LC.I3
Info:                          Defined in:
Info:                               /mnt/c/Users/cheis/Documents/home/oss-cad-suite/lib/../share/yosys/ice40/cells_map.v:6.21-6.22
Info:      logic  0.87  8.36 Source flash_io2_di_SB_LUT4_I0_O_SB_LUT4_I3_LC.O
Info:    routing  1.76  10.13 Net flash_io2_di_SB_LUT4_I0_O_SB_LUT4_I3_O[2] (15,10) -> (14,11)
Info:                          Sink flash_io2_di_SB_LUT4_I0_O_SB_LUT4_I3_O_SB_LUT4_I3_LC.I3
Info:                          Defined in:
Info:                               /mnt/c/Users/cheis/Documents/home/oss-cad-suite/lib/../share/yosys/ice40/cells_map.v:6.21-6.22
Info:      logic  0.87  11.00 Source flash_io2_di_SB_LUT4_I0_O_SB_LUT4_I3_O_SB_LUT4_I3_LC.O
Info:    routing  1.76  12.76 Net flash_io2_di_SB_LUT4_I0_O_SB_LUT4_I3_O_SB_LUT4_I3_O[1] (14,11) -> (14,12)
Info:                          Sink flash_io2_di_SB_LUT4_I0_O_SB_LUT4_I3_O_SB_LUT4_I3_O_SB_LUT4_I2_LC.I1
Info:                          Defined in:
Info:                               /mnt/c/Users/cheis/Documents/home/oss-cad-suite/lib/../share/yosys/ice40/cells_map.v:6.21-6.22
Info:      logic  1.23  13.99 Source flash_io2_di_SB_LUT4_I0_O_SB_LUT4_I3_O_SB_LUT4_I3_O_SB_LUT4_I2_LC.O
Info:    routing  1.76  15.75 Net flash_io2_di_SB_LUT4_I0_O_SB_LUT4_I3_O_SB_LUT4_I3_O_SB_LUT4_I2_O[2] (14,12) -> (14,13)
Info:                          Sink soc.cpu.mem_rdata_q_SB_DFFE_Q_29_D_SB_LUT4_O_LC.I3
Info:                          Defined in:
Info:                               /mnt/c/Users/cheis/Documents/home/oss-cad-suite/lib/../share/yosys/ice40/cells_map.v:6.21-6.22
Info:      logic  0.87  16.63 Source soc.cpu.mem_rdata_q_SB_DFFE_Q_29_D_SB_LUT4_O_LC.O
Info:    routing  2.95  19.58 Net soc.cpu.mem_rdata_q_SB_DFFE_Q_29_D[3] (14,13) -> (15,17)
Info:                          Sink soc.cpu.instr_fence_SB_DFFESR_Q_D_SB_LUT4_O_I3_SB_LUT4_O_I3_SB_LUT4_O_I3_SB_LUT4_I0_O_SB_LUT4_O_LC.I3
Info:                          Defined in:
Info:                               /mnt/c/Users/cheis/Documents/home/oss-cad-suite/lib/../share/yosys/ice40/cells_map.v:6.21-6.22
Info:      logic  0.87  20.45 Source soc.cpu.instr_fence_SB_DFFESR_Q_D_SB_LUT4_O_I3_SB_LUT4_O_I3_SB_LUT4_O_I3_SB_LUT4_I0_O_SB_LUT4_O_LC.O
Info:    routing  1.76  22.21 Net soc.cpu.instr_fence_SB_DFFESR_Q_D_SB_LUT4_O_I3_SB_LUT4_O_I3_SB_LUT4_O_I3_SB_LUT4_I0_O[1] (15,17) -> (16,18)
Info:                          Sink soc.spimem_cache.cache_data.0.3_RDATA_1_SB_LUT4_I3_O_SB_LUT4_I2_O_SB_LUT4_I2_O_SB_LUT4_I3_O_SB_LUT4_I3_O_SB_LUT4_O_LC.I2
Info:                          Defined in:
Info:                               /mnt/c/Users/cheis/Documents/home/oss-cad-suite/lib/../share/yosys/ice40/cells_map.v:6.21-6.22
Info:      logic  1.21  23.42 Source soc.spimem_cache.cache_data.0.3_RDATA_1_SB_LUT4_I3_O_SB_LUT4_I2_O_SB_LUT4_I2_O_SB_LUT4_I3_O_SB_LUT4_I3_O_SB_LUT4_O_LC.O
Info:    routing  2.95  26.37 Net soc.cpu.instr_lui_SB_DFFE_Q_D_SB_LUT4_O_I2[2] (16,18) -> (17,15)
Info:                          Sink soc.cpu.is_beq_bne_blt_bge_bltu_bgeu_SB_DFFESR_Q_D_SB_LUT4_O_LC.I3
Info:                          Defined in:
Info:                               /mnt/c/Users/cheis/Documents/home/oss-cad-suite/lib/../share/yosys/ice40/cells_map.v:6.21-6.22
Info:      setup  0.82  27.19 Source soc.cpu.is_beq_bne_blt_bge_bltu_bgeu_SB_DFFESR_Q_D_SB_LUT4_O_LC.I3
Info: 8.04 ns logic, 19.16 ns routing

Info: Critical path report for cross-domain path 'posedge clk_$glb_clk' -> '<async>':
Info:       type curr  total name
Info:   clk-to-q  1.39  1.39 Source soc.spimemio.xfer.xfer_qspi_SB_DFFESR_Q_DFFLC.O
Info:    routing  1.76  3.15 Net flash_io0_oe_SB_LUT4_O_I3_SB_LUT4_O_I2[0] (20,4) -> (20,4)
Info:                          Sink soc.spimemio.xfer.xfer_rd_SB_LUT4_I1_I2_SB_LUT4_O_LC.I2
Info:                          Defined in:
Info:                               /mnt/c/Users/cheis/Documents/home/oss-cad-suite/lib/../share/yosys/ice40/cells_map.v:6.21-6.22
Info:      logic  1.21  4.36 Source soc.spimemio.xfer.xfer_rd_SB_LUT4_I1_I2_SB_LUT4_O_LC.O
Info:    routing  1.76  6.12 Net soc.spimemio.xfer.xfer_rd_SB_LUT4_I1_I2[2] (20,4) -> (20,4)
Info:                          Sink soc.spimemio.xfer.xfer_rd_SB_LUT4_I1_I2_SB_LUT4_I3_LC.I3
Info:                          Defined in:
Info:                               /mnt/c/Users/cheis/Documents/home/oss-cad-suite/lib/../share/yosys/ice40/cells_map.v:6.21-6.22
Info:      logic  0.87  6.99 Source soc.spimemio.xfer.xfer_rd_SB_LUT4_I1_I2_SB_LUT4_I3_LC.O
Info:    routing  1.76  8.75 Net flash_io2_di_SB_LUT4_I0_1_O[1] (20,4) -> (20,3)
Info:                          Sink soc.spimemio.xfer_io0_90_SB_DFFN_Q_D_SB_LUT4_O_LC.I3
Info:                          Defined in:
Info:                               /mnt/c/Users/cheis/Documents/home/oss-cad-suite/lib/../share/yosys/ice40/cells_map.v:6.21-6.22
Info:      logic  0.87  9.63 Source soc.spimemio.xfer_io0_90_SB_DFFN_Q_D_SB_LUT4_O_LC.O
Info:    routing  2.95  12.58 Net soc.spimemio.xfer_io0_90_SB_DFFN_Q_D[2] (20,3) -> (18,2)
Info:                          Sink soc.spimemio.xfer_io0_90_SB_LUT4_I2_LC.I3
Info:                          Defined in:
Info:                               /mnt/c/Users/cheis/Documents/home/oss-cad-suite/lib/../share/yosys/ice40/cells_map.v:6.21-6.22
Info:      logic  0.87  13.45 Source soc.spimemio.xfer_io0_90_SB_LUT4_I2_LC.O
Info:    routing  1.76  15.21 Net flash_io0_do_SB_LUT4_O_I3[2] (18,2) -> (18,1)
Info:                          Sink flash_io0_do_SB_LUT4_O_LC.I3
Info:                          Defined in:
Info:                               /mnt/c/Users/cheis/Documents/home/oss-cad-suite/lib/../share/yosys/ice40/cells_map.v:6.21-6.22
Info:      logic  0.87  16.09 Source flash_io0_do_SB_LUT4_O_LC.O
Info:    routing  3.49  19.58 Net flash_io0_do (18,1) -> (23,0)
Info:                          Sink flash_io_buf[0].D_OUT_0
Info:                          Defined in:
Info:                               spimemio.v:36.9-36.21
Info: 6.09 ns logic, 13.49 ns routing

Info: Critical path report for cross-domain path 'negedge clk_$glb_clk' -> '<async>':
Info:       type curr  total name
Info:   clk-to-q  1.39  1.39 Source soc.spimemio.xfer_io1_90_SB_DFFN_Q_DFFLC.O
Info:    routing  1.76  3.15 Net soc.spimemio.xfer_io1_90 (18,2) -> (18,2)
Info:                          Sink soc.spimemio.xfer_io1_90_SB_LUT4_I2_LC.I2
Info:                          Defined in:
Info:                               /mnt/c/Users/cheis/Documents/home/oss-cad-suite/lib/../share/yosys/ice40/cells_map.v:6.21-6.22
Info:      logic  1.21  4.36 Source soc.spimemio.xfer_io1_90_SB_LUT4_I2_LC.O
Info:    routing  1.76  6.12 Net flash_io1_do_SB_LUT4_O_I3[2] (18,2) -> (18,1)
Info:                          Sink flash_io1_do_SB_LUT4_O_LC.I3
Info:                          Defined in:
Info:                               /mnt/c/Users/cheis/Documents/home/oss-cad-suite/lib/../share/yosys/ice40/cells_map.v:6.21-6.22
Info:      logic  0.87  6.99 Source flash_io1_do_SB_LUT4_O_LC.O
Info:    routing  3.60  10.59 Net flash_io1_do (18,1) -> (23,0)
Info:                          Sink flash_io_buf[1].D_OUT_0
Info:                          Defined in:
Info:                               spimemio.v:37.9-37.21
Info: 3.47 ns logic, 7.12 ns routing

Info: Max frequency for clock 'clk_$glb_clk': 20.66 MHz (PASS at 19.50 MHz)

Info: Max delay <async>              -> posedge clk_$glb_clk: 27.19 ns
Info: Max delay posedge clk_$glb_clk -> <async>             : 19.58 ns
Info: Max delay negedge clk_$glb_clk -> <async>             : 10.59 ns

Info: Slack histogram:
Info:  legend: * represents 15 endpoint(s)
Info:          + represents [1,15) endpoint(s)
Info: [  2876,   5166) |****+
Info: [  5166,   7456) |***+
Info: [  7456,   9746) |***+
Info: [  9746,  12036) |***+
Info: [ 12036,  14326) |********+
Info: [ 14326,  16616) |***+
Info: [ 16616,  18906) |*****+
Info: [ 18906,  21196) |****+
Info: [ 21196,  23486) |************+
Info: [ 23486,  25776) |****************+
Info: [ 25776,  28066) |*****************+
Info: [ 28066,  30356) |**************+
Info: [ 30356,  32646) |**************+
Info: [ 32646,  34936) |*********+
Info: [ 34936,  37226) |****************+
Info: [ 37226,  39516) |*************************************+
Info: [ 39516,  41806) |******************** 
Info: [ 41806,  44096) |*************************+
Info: [ 44096,  46386) |************************************************************ 
Info: [ 46386,  48676) |**********************+

Info: Program finished normally.
