Info: constrained 'clk_12mhz' to bel 'X12/Y31/io1'
Info: constrained 'ser_rx' to bel 'X13/Y0/io1'
Info: constrained 'ser_tx' to bel 'X15/Y0/io0'
Info: constrained 'flash_clk' to bel 'X24/Y0/io0'
Info: constrained 'flash_csb' to bel 'X24/Y0/io1'
Info: constrained 'flash_io0' to bel 'X23/Y0/io0'
Info: constrained 'flash_io1' to bel 'X23/Y0/io1'
Info: constrained 'flash_io2' to bel 'X18/Y0/io0'
Info: constrained 'flash_io3' to bel 'X19/Y0/io0'
Info: constrained 'P1A1' to bel 'X9/Y0/io0'
Info: constrained 'P1A2' to bel 'X8/Y0/io0'
Info: constrained 'P1A3' to bel 'X6/Y0/io0'
Info: constrained 'P1A4' to bel 'X7/Y0/io1'
Info: constrained 'P1A7' to bel 'X9/Y0/io1'
Info: constrained 'P1A8' to bel 'X7/Y0/io0'
Info: constrained 'P1A9' to bel 'X5/Y0/io0'
Info: constrained 'P1A10' to bel 'X6/Y0/io1'
Info: constrained 'led1' to bel 'X18/Y31/io0'
Info: constrained 'led2' to bel 'X18/Y31/io1'
Info: constrained 'led3' to bel 'X19/Y31/io1'
Info: constrained 'led4' to bel 'X19/Y31/io0'
Info: constrained 'led5' to bel 'X18/Y0/io1'
Info: constrained 'ledr_n' to bel 'X17/Y0/io0'
Info: constrained 'ledg_n' to bel 'X13/Y31/io0'

Info: Packing constants..
Info: Packing IOs..
Info: flash_io3 feeds SB_IO flash_io_buf[3], removing $nextpnr_iobuf flash_io3.
Info: flash_io2 feeds SB_IO flash_io_buf[2], removing $nextpnr_iobuf flash_io2.
Info: flash_io1 feeds SB_IO flash_io_buf[1], removing $nextpnr_iobuf flash_io1.
Info: flash_io0 feeds SB_IO flash_io_buf[0], removing $nextpnr_iobuf flash_io0.
Info: Packing LUT-FFs..
Info:     2436 LCs used as LUT4 only
Info:      707 LCs used as LUT4 and DFF
Info: Packing non-LUT FFs..
Info:      490 LCs used as DFF only
Info: Packing carries..
Info:      119 LCs used as CARRY only
Info: Packing indirect carry+LUT pairs...
Info:       33 LUTs merged into carry LCs
Info: Packing RAMs..
Info: Placing PLLs..
Info: Packing special functions..
Info: Packing PLLs..
Info: Promoting globals..
Info: promoting clk_12mhz$SB_IO_IN (fanout 1221)
Info: promoting iomem_ready_SB_LUT4_I1_1_O[1] [reset] (fanout 399)
Info: promoting soc.simpleuart.recv_buf_valid_SB_DFFSR_Q_D_SB_LUT4_O_I3_SB_LUT4_O_I3_SB_LUT4_O_I3_SB_CARRY_CO_I1_SB_CARRY_I1_CO_SB_LUT4_I3_O [reset] (fanout 32)
Info: promoting soc.cpu.decoded_imm_SB_DFFESR_Q_20_D_SB_LUT4_O_I3_SB_LUT4_I3_O [reset] (fanout 31)
Info: promoting soc.cpu.genblk1.pcpi_mul.active_SB_LUT4_I2_O [cen] (fanout 66)
Info: promoting soc.cpu.decoder_pseudo_trigger_SB_LUT4_I2_O[0] [cen] (fanout 65)
Info: promoting soc.cpu.reg_pc_SB_DFFESS_Q_E[1] [cen] (fanout 60)
Info: promoting soc.spimemio.rd_inc_SB_DFFESR_Q_E_SB_LUT4_O_I2_SB_LUT4_I3_O [cen] (fanout 54)
Info: Constraining chains...
Info:       21 LCs used to legalise carry chains.
Info: Checksum: 0x24754140

Info: Device utilisation:
Info: 	         ICESTORM_LC:    3742/   5280    70%
Info: 	        ICESTORM_RAM:       8/     30    26%
Info: 	               SB_IO:      24/     96    25%
Info: 	               SB_GB:       8/      8   100%
Info: 	        ICESTORM_PLL:       0/      1     0%
Info: 	         SB_WARMBOOT:       0/      1     0%
Info: 	        ICESTORM_DSP:       4/      8    50%
Info: 	      ICESTORM_HFOSC:       0/      1     0%
Info: 	      ICESTORM_LFOSC:       0/      1     0%
Info: 	              SB_I2C:       0/      2     0%
Info: 	              SB_SPI:       0/      2     0%
Info: 	              IO_I3C:       0/      2     0%
Info: 	         SB_LEDDA_IP:       0/      1     0%
Info: 	         SB_RGBA_DRV:       0/      1     0%
Info: 	      ICESTORM_SPRAM:       4/      4   100%

Info: Placed 24 cells based on constraints.
Info: Creating initial analytic placement for 3042 cells, random placement wirelen = 95516.
Info:     at initial placer iter 0, wirelen = 1900
Info:     at initial placer iter 1, wirelen = 2050
Info:     at initial placer iter 2, wirelen = 1903
Info:     at initial placer iter 3, wirelen = 1989
Info: Running main analytical placer, max placement attempts per cell = 1795512.
Info:     at iteration #1, type ALL: wirelen solved = 1897, spread = 37894, legal = 39183; time = 0.11s
Info:     at iteration #2, type ALL: wirelen solved = 2336, spread = 34860, legal = 36638; time = 0.13s
Info:     at iteration #3, type ALL: wirelen solved = 3172, spread = 33566, legal = 35795; time = 0.13s
Info:     at iteration #4, type ALL: wirelen solved = 3952, spread = 32099, legal = 35740; time = 0.16s
Info:     at iteration #5, type ALL: wirelen solved = 4451, spread = 31077, legal = 34120; time = 0.18s
Info:     at iteration #6, type ALL: wirelen solved = 5764, spread = 30145, legal = 32771; time = 0.15s
Info:     at iteration #7, type ALL: wirelen solved = 6364, spread = 29723, legal = 32704; time = 0.18s
Info:     at iteration #8, type ALL: wirelen solved = 6929, spread = 28314, legal = 32042; time = 0.84s
Info:     at iteration #9, type ALL: wirelen solved = 7273, spread = 27177, legal = 31288; time = 0.34s
Info:     at iteration #10, type ALL: wirelen solved = 8069, spread = 25872, legal = 29891; time = 0.70s
Info:     at iteration #11, type ALL: wirelen solved = 8297, spread = 26412, legal = 29177; time = 0.11s
Info:     at iteration #12, type ALL: wirelen solved = 9145, spread = 24617, legal = 27479; time = 0.10s
Info:     at iteration #13, type ALL: wirelen solved = 9757, spread = 26259, legal = 29857; time = 0.70s
Info:     at iteration #14, type ALL: wirelen solved = 10162, spread = 26371, legal = 30688; time = 0.27s
Info:     at iteration #15, type ALL: wirelen solved = 10773, spread = 24965, legal = 28966; time = 0.28s
Info:     at iteration #16, type ALL: wirelen solved = 10955, spread = 24275, legal = 27524; time = 0.10s
Info:     at iteration #17, type ALL: wirelen solved = 11825, spread = 23525, legal = 26757; time = 0.10s
Info:     at iteration #18, type ALL: wirelen solved = 12027, spread = 23330, legal = 28302; time = 0.20s
Info:     at iteration #19, type ALL: wirelen solved = 12205, spread = 23565, legal = 26747; time = 0.25s
Info:     at iteration #20, type ALL: wirelen solved = 12884, spread = 23704, legal = 26551; time = 0.10s
Info:     at iteration #21, type ALL: wirelen solved = 13221, spread = 24795, legal = 27972; time = 0.12s
Info:     at iteration #22, type ALL: wirelen solved = 13364, spread = 24356, legal = 27430; time = 0.13s
Info:     at iteration #23, type ALL: wirelen solved = 13509, spread = 24379, legal = 27637; time = 0.15s
Info:     at iteration #24, type ALL: wirelen solved = 13930, spread = 24385, legal = 28539; time = 0.36s
Info:     at iteration #25, type ALL: wirelen solved = 14029, spread = 24125, legal = 27678; time = 0.13s
Info: HeAP Placer Time: 7.26s
Info:   of which solving equations: 2.63s
Info:   of which spreading cells: 0.40s
Info:   of which strict legalisation: 3.18s

Info: Running simulated annealing placer for refinement.
Info:   at iteration #1: temp = 0.000000, timing cost = 1616, wirelen = 26551
Info:   at iteration #5: temp = 0.000000, timing cost = 1895, wirelen = 21284
Info:   at iteration #10: temp = 0.000000, timing cost = 1772, wirelen = 20402
Info:   at iteration #15: temp = 0.000000, timing cost = 1760, wirelen = 19888
Info:   at iteration #20: temp = 0.000000, timing cost = 1651, wirelen = 19542
Info:   at iteration #25: temp = 0.000000, timing cost = 1698, wirelen = 19423
Info:   at iteration #30: temp = 0.000000, timing cost = 1714, wirelen = 19396
Info:   at iteration #35: temp = 0.000000, timing cost = 1714, wirelen = 19378
Info:   at iteration #36: temp = 0.000000, timing cost = 1711, wirelen = 19374 
Info: SA placement time 8.97s

Info: Max frequency for clock 'clk_12mhz$SB_IO_IN_$glb_clk': 22.87 MHz (PASS at 12.00 MHz)

Info: Max delay <async>                             -> posedge clk_12mhz$SB_IO_IN_$glb_clk: 27.14 ns
Info: Max delay posedge clk_12mhz$SB_IO_IN_$glb_clk -> <async>                            : 17.89 ns
Info: Max delay negedge clk_12mhz$SB_IO_IN_$glb_clk -> <async>                            : 9.90 ns

Info: Slack histogram:
Info:  legend: * represents 12 endpoint(s)
Info:          + represents [1,12) endpoint(s)
Info: [ 28835,  31431) |+
Info: [ 31431,  34027) | 
Info: [ 34027,  36623) | 
Info: [ 36623,  39219) | 
Info: [ 39219,  41815) |*****+
Info: [ 41815,  44411) |**********+
Info: [ 44411,  47007) |********+
Info: [ 47007,  49603) |************+
Info: [ 49603,  52199) |********+
Info: [ 52199,  54795) |***************+
Info: [ 54795,  57391) |*******************+
Info: [ 57391,  59987) |**************+
Info: [ 59987,  62583) |********************+
Info: [ 62583,  65179) |*************************************+
Info: [ 65179,  67775) |******************************+
Info: [ 67775,  70371) |*********************+
Info: [ 70371,  72967) |******************** 
Info: [ 72967,  75563) |*******************************+
Info: [ 75563,  78159) |***********************************************+
Info: [ 78159,  80755) |************************************************************ 
Info: Checksum: 0x9bfbe887

Info: Routing..
Info: Setting up routing queue.
Info: Routing 12871 arcs.
Info:            |   (re-)routed arcs  |   delta    | remaining|       time spent     |
Info:    IterCnt |  w/ripup   wo/ripup |  w/r  wo/r |      arcs| batch(sec) total(sec)|
Info:       1000 |       54        945 |   54   945 |     11962|       2.39       2.39|
Info:       2000 |      127       1872 |   73   927 |     11068|       0.80       3.19|
Info:       3000 |      262       2737 |  135   865 |     10299|       0.68       3.86|
Info:       4000 |      445       3525 |  183   788 |      9570|       0.40       4.26|
Info:       5000 |      735       4235 |  290   710 |      8994|       0.38       4.64|
Info:       6000 |     1040       4930 |  305   695 |      8450|       0.52       5.16|
Info:       7000 |     1384       5567 |  344   637 |      8011|       0.54       5.70|
Info:       8000 |     1753       6152 |  369   585 |      7574|       0.43       6.13|
Info:       9000 |     2150       6729 |  397   577 |      7232|       0.68       6.81|
Info:      10000 |     2534       7326 |  384   597 |      6915|       0.58       7.39|
Info:      11000 |     2931       7867 |  397   541 |      6601|       0.65       8.04|
Info:      12000 |     3284       8417 |  353   550 |      6118|       0.48       8.52|
Info:      13000 |     3665       9036 |  381   619 |      5704|       0.60       9.12|
Info:      14000 |     4068       9582 |  403   546 |      5323|       0.53       9.65|
Info:      15000 |     4552      10074 |  484   492 |      5079|       0.67      10.32|
Info:      16000 |     5051      10561 |  499   487 |      4890|       0.56      10.88|
Info:      17000 |     5539      11072 |  488   511 |      4699|       0.54      11.42|
Info:      18000 |     5979      11579 |  440   507 |      4454|       0.57      11.99|
Info:      19000 |     6415      12141 |  436   562 |      4131|       0.56      12.55|
Info:      20000 |     6944      12612 |  529   471 |      4041|       0.90      13.46|
Info:      21000 |     7348      13156 |  404   544 |      3719|       0.51      13.97|
Info:      22000 |     7864      13640 |  516   484 |      3576|       0.74      14.71|
Info:      23000 |     8347      14157 |  483   517 |      3405|       0.96      15.68|
Info:      24000 |     8804      14700 |  457   543 |      3290|       0.81      16.49|
Info:      25000 |     9277      15199 |  473   499 |      3015|       0.73      17.22|
Info:      26000 |     9710      15739 |  433   540 |      2910|       0.68      17.90|
Info:      27000 |    10189      16205 |  479   466 |      2712|       0.62      18.52|
Info:      28000 |    10658      16736 |  469   531 |      2610|       1.13      19.65|
Info:      29000 |    11166      17228 |  508   492 |      2423|       1.03      20.67|
Info:      30000 |    11637      17757 |  471   529 |      2289|       0.77      21.44|
Info:      31000 |    12145      18249 |  508   492 |      2187|       0.91      22.35|
Info:      32000 |    12671      18721 |  526   472 |      2121|       0.99      23.34|
Info:      33000 |    13135      19251 |  464   530 |      1930|       0.97      24.31|
Info:      34000 |    13702      19684 |  567   433 |      1800|       0.90      25.21|
Info:      35000 |    14189      20197 |  487   513 |      1632|       0.82      26.03|
Info:      36000 |    14786      20600 |  597   403 |      1601|       0.70      26.73|
Info:      37000 |    15341      21045 |  555   445 |      1493|       0.71      27.44|
Info:      38000 |    15817      21569 |  476   524 |      1383|       0.77      28.21|
Info:      39000 |    16331      22055 |  514   486 |      1378|       0.93      29.14|
Info:      40000 |    16853      22533 |  522   478 |      1316|       0.78      29.91|
Info:      41000 |    17431      22955 |  578   422 |      1276|       1.22      31.13|
Info:      42000 |    18004      23381 |  573   426 |      1151|       1.36      32.49|
Info:      43000 |    18507      23868 |  503   487 |       871|       1.09      33.58|
Info:      44000 |    19009      24365 |  502   497 |       561|       0.80      34.37|
Info:      45000 |    19422      24951 |  413   586 |       191|       1.08      35.45|
Info:      45686 |    19698      25362 |  276   411 |         0|       0.83      36.28|
Info: Routing complete.
Info: Router1 time 36.28s
Info: Checksum: 0xc20f53c3

Info: Critical path report for clock 'clk_12mhz$SB_IO_IN_$glb_clk' (posedge -> posedge):
Info:       type curr  total name
Info:   clk-skew  0.93  0.93 Net clk_12mhz$SB_IO_IN_$glb_clk (14,10) -> (0,0)
Info:                          Sink soc.memory.ram00_RAM.CLOCK
Info:   clk-to-q  1.39  2.32 Source soc.cpu.mem_addr_SB_DFFE_Q_25_D_SB_LUT4_O_LC.O
Info:    routing  4.25  6.57 Net iomem_addr[5] (14,10) -> (18,21)
Info:                          Sink soc.cpu.mem_valid_SB_LUT4_I3_LC.I2
Info:                          Defined in:
Info:                               /mnt/c/Users/cheis/Documents/home/oss-cad-suite/lib/../share/yosys/ice40/cells_map.v:6.21-6.22
Info:      logic  1.21  7.77 Source soc.cpu.mem_valid_SB_LUT4_I3_LC.O
Info:    routing  1.76  9.53 Net iomem_ready_SB_LUT4_I1_1_I2[0] (18,21) -> (18,21)
Info:                          Sink soc.spimem_cache.cache_valid[2]_SB_DFFESS_Q_S_SB_LUT4_O_I2_SB_LUT4_O_1_LC.I0
Info:                          Defined in:
Info:                               /mnt/c/Users/cheis/Documents/home/oss-cad-suite/lib/../share/yosys/ice40/cells_map.v:6.21-6.22
Info:      logic  1.28  10.81 Source soc.spimem_cache.cache_valid[2]_SB_DFFESS_Q_S_SB_LUT4_O_I2_SB_LUT4_O_1_LC.O
Info:    routing  3.60  14.41 Net soc.spimem_cache.cache_valid[0]_SB_DFFESS_Q_S_SB_LUT4_O_I2[1] (18,21) -> (21,16)
Info:                          Sink soc.spimem_cache.cache_valid[0]_SB_DFFESS_Q_S_SB_LUT4_O_I2_SB_LUT4_I2_LC.I3
Info:                          Defined in:
Info:                               /mnt/c/Users/cheis/Documents/home/oss-cad-suite/lib/../share/yosys/ice40/cells_map.v:6.21-6.22
Info:      logic  0.87  15.29 Source soc.spimem_cache.cache_valid[0]_SB_DFFESS_Q_S_SB_LUT4_O_I2_SB_LUT4_I2_LC.O
Info:    routing  1.76  17.05 Net soc.spimem_cache.cache_valid[0]_SB_DFFESS_Q_S_SB_LUT4_O_I2_SB_LUT4_I2_O[1] (21,16) -> (21,15)
Info:                          Sink soc.spimem_cache.cache_valid[0]_SB_DFFESS_Q_S_SB_LUT4_O_I2_SB_LUT4_I2_O_SB_LUT4_I3_LC.I3
Info:                          Defined in:
Info:                               /mnt/c/Users/cheis/Documents/home/oss-cad-suite/lib/../share/yosys/ice40/cells_map.v:6.21-6.22
Info:      logic  0.87  17.92 Source soc.spimem_cache.cache_valid[0]_SB_DFFESS_Q_S_SB_LUT4_O_I2_SB_LUT4_I2_O_SB_LUT4_I3_LC.O
Info:    routing  1.76  19.68 Net flash_io0_di_SB_LUT4_I1_I3[1] (21,15) -> (22,15)
Info:                          Sink iomem_ready_SB_LUT4_I1_O_SB_LUT4_O_LC.I1
Info:                          Defined in:
Info:                               /mnt/c/Users/cheis/Documents/home/oss-cad-suite/lib/../share/yosys/ice40/cells_map.v:6.21-6.22
Info:      logic  1.23  20.92 Source iomem_ready_SB_LUT4_I1_O_SB_LUT4_O_LC.O
Info:    routing  1.76  22.68 Net iomem_ready_SB_LUT4_I1_O[3] (22,15) -> (21,15)
Info:                          Sink soc.cpu.mem_xfer_SB_LUT4_O_I3_SB_LUT4_O_1_LC.I3
Info:                          Defined in:
Info:                               /mnt/c/Users/cheis/Documents/home/oss-cad-suite/lib/../share/yosys/ice40/cells_map.v:6.21-6.22
Info:      logic  0.87  23.55 Source soc.cpu.mem_xfer_SB_LUT4_O_I3_SB_LUT4_O_1_LC.O
Info:    routing  2.95  26.50 Net soc.cpu.mem_xfer_SB_LUT4_O_I3[2] (21,15) -> (18,18)
Info:                          Sink iomem_ready_SB_LUT4_I1_I3_SB_LUT4_I2_I3_SB_LUT4_I2_I3_SB_LUT4_O_LC.I2
Info:                          Defined in:
Info:                               /mnt/c/Users/cheis/Documents/home/oss-cad-suite/lib/../share/yosys/ice40/cells_map.v:6.21-6.22
Info:      logic  1.21  27.71 Source iomem_ready_SB_LUT4_I1_I3_SB_LUT4_I2_I3_SB_LUT4_I2_I3_SB_LUT4_O_LC.O
Info:    routing  3.60  31.31 Net iomem_ready_SB_LUT4_I1_I3_SB_LUT4_I2_I3_SB_LUT4_I2_I3[3] (18,18) -> (16,11)
Info:                          Sink iomem_ready_SB_LUT4_I1_I3_SB_LUT4_I2_I3_SB_LUT4_I2_LC.I3
Info:                          Defined in:
Info:                               /mnt/c/Users/cheis/Documents/home/oss-cad-suite/lib/../share/yosys/ice40/cells_map.v:6.21-6.22
Info:      logic  0.87  32.18 Source iomem_ready_SB_LUT4_I1_I3_SB_LUT4_I2_I3_SB_LUT4_I2_LC.O
Info:    routing  3.60  35.78 Net iomem_ready_SB_LUT4_I1_I3_SB_LUT4_I2_I3_SB_LUT4_I2_O[1] (16,11) -> (12,5)
Info:                          Sink soc.memory.wen_SB_LUT4_O_1_LC.I3
Info:                          Defined in:
Info:                               /mnt/c/Users/cheis/Documents/home/oss-cad-suite/lib/../share/yosys/ice40/cells_map.v:6.21-6.22
Info:      logic  0.87  36.66 Source soc.memory.wen_SB_LUT4_O_1_LC.O
Info:    routing  1.76  38.42 Net soc.memory.wen[1] (12,5) -> (12,6)
Info:                          Sink soc.memory.ram00_WREN_SB_LUT4_O_LC.I2
Info:                          Defined in:
Info:                               ice40up5k_spram.v:26.14-26.17
Info:      logic  1.21  39.62 Source soc.memory.ram00_WREN_SB_LUT4_O_LC.O
Info:    routing  4.04  43.66 Net soc.memory.ram00_WREN (12,6) -> (0,0)
Info:                          Sink soc.memory.ram00_RAM.WREN
Info:      setup  0.10  43.76 Source soc.memory.ram00_RAM.WREN
Info: 11.99 ns logic, 31.77 ns routing

Info: Critical path report for cross-domain path '<async>' -> 'posedge clk_12mhz$SB_IO_IN_$glb_clk':
Info:       type curr  total name
Info:     source  0.00  0.00 Source flash_io_buf[1].D_IN_0
Info:    routing  4.22  4.22 Net flash_io1_di (23,0) -> (16,11)
Info:                          Sink flash_io1_di_SB_LUT4_I2_LC.I2
Info:                          Defined in:
Info:                               picosoc.v:140.14-140.32
Info:      logic  1.21  5.43 Source flash_io1_di_SB_LUT4_I2_LC.O
Info:    routing  1.76  7.19 Net flash_io1_di_SB_LUT4_I2_O[2] (16,11) -> (16,11)
Info:                          Sink flash_io1_di_SB_LUT4_I2_O_SB_LUT4_I2_LC.I2
Info:                          Defined in:
Info:                               /mnt/c/Users/cheis/Documents/home/oss-cad-suite/lib/../share/yosys/ice40/cells_map.v:6.21-6.22
Info:      logic  1.21  8.39 Source flash_io1_di_SB_LUT4_I2_O_SB_LUT4_I2_LC.O
Info:    routing  1.76  10.15 Net flash_io1_di_SB_LUT4_I2_O_SB_LUT4_I2_O[3] (16,11) -> (15,11)
Info:                          Sink flash_io1_di_SB_LUT4_I2_O_SB_LUT4_I2_O_SB_LUT4_I3_LC.I3
Info:                          Defined in:
Info:                               /mnt/c/Users/cheis/Documents/home/oss-cad-suite/lib/../share/yosys/ice40/cells_map.v:6.21-6.22
Info:      logic  0.87  11.03 Source flash_io1_di_SB_LUT4_I2_O_SB_LUT4_I2_O_SB_LUT4_I3_LC.O
Info:    routing  1.76  12.79 Net flash_io1_di_SB_LUT4_I2_O_SB_LUT4_I2_O_SB_LUT4_I3_O[1] (15,11) -> (16,12)
Info:                          Sink soc.spimem_cache.cache_data.0.0_RDATA_7_SB_LUT4_I3_O_SB_LUT4_I1_O_SB_LUT4_O_LC.I2
Info:                          Defined in:
Info:                               /mnt/c/Users/cheis/Documents/home/oss-cad-suite/lib/../share/yosys/ice40/cells_map.v:6.21-6.22
Info:      logic  1.21  13.99 Source soc.spimem_cache.cache_data.0.0_RDATA_7_SB_LUT4_I3_O_SB_LUT4_I1_O_SB_LUT4_O_LC.O
Info:    routing  2.41  16.40 Net soc.spimem_cache.cache_data.0.0_RDATA_7_SB_LUT4_I3_O_SB_LUT4_I1_O[2] (16,12) -> (17,15)
Info:                          Sink soc.spimem_cache.cache_data.0.0_RDATA_7_SB_LUT4_I3_O_SB_LUT4_I1_O_SB_LUT4_I3_LC.I2
Info:                          Defined in:
Info:                               /mnt/c/Users/cheis/Documents/home/oss-cad-suite/lib/../share/yosys/ice40/cells_map.v:6.21-6.22
Info:      logic  1.21  17.61 Source soc.spimem_cache.cache_data.0.0_RDATA_7_SB_LUT4_I3_O_SB_LUT4_I1_O_SB_LUT4_I3_LC.O
Info:    routing  1.76  19.37 Net soc.cpu.instr_fence_SB_DFFESR_Q_D_SB_LUT4_O_I3_SB_LUT4_O_I2[2] (17,15) -> (16,15)
Info:                          Sink soc.cpu.mem_rdata_q_SB_DFFE_Q_29_D_SB_LUT4_I3_O_SB_LUT4_O_LC.I2
Info:                          Defined in:
Info:                               /mnt/c/Users/cheis/Documents/home/oss-cad-suite/lib/../share/yosys/ice40/cells_map.v:6.21-6.22
Info:      logic  1.21  20.58 Source soc.cpu.mem_rdata_q_SB_DFFE_Q_29_D_SB_LUT4_I3_O_SB_LUT4_O_LC.O
Info:    routing  1.76  22.34 Net soc.cpu.instr_auipc_SB_DFFE_Q_D_SB_LUT4_O_I3[2] (16,15) -> (16,16)
Info:                          Sink flash_io3_di_SB_LUT4_I1_O_SB_LUT4_I3_O_SB_LUT4_I2_O_SB_LUT4_I3_O_SB_LUT4_I3_O_SB_LUT4_O_1_LC.I3
Info:                          Defined in:
Info:                               /mnt/c/Users/cheis/Documents/home/oss-cad-suite/lib/../share/yosys/ice40/cells_map.v:6.21-6.22
Info:      logic  0.87  23.21 Source flash_io3_di_SB_LUT4_I1_O_SB_LUT4_I3_O_SB_LUT4_I2_O_SB_LUT4_I3_O_SB_LUT4_I3_O_SB_LUT4_O_1_LC.O
Info:    routing  1.76  24.97 Net flash_io3_di_SB_LUT4_I1_O_SB_LUT4_I3_O_SB_LUT4_I2_O_SB_LUT4_I3_O_SB_LUT4_I3_O[3] (16,16) -> (16,16)
Info:                          Sink soc.cpu.instr_auipc_SB_DFFE_Q_D_SB_LUT4_O_LC.I2
Info:                          Defined in:
Info:                               /mnt/c/Users/cheis/Documents/home/oss-cad-suite/lib/../share/yosys/ice40/cells_map.v:6.21-6.22
Info:      setup  1.15  26.13 Source soc.cpu.instr_auipc_SB_DFFE_Q_D_SB_LUT4_O_LC.I2
Info: 8.93 ns logic, 17.20 ns routing

Info: Critical path report for cross-domain path 'posedge clk_12mhz$SB_IO_IN_$glb_clk' -> '<async>':
Info:       type curr  total name
Info:   clk-to-q  1.39  1.39 Source soc.spimemio.xfer.dummy_count_SB_DFFESR_Q_D_SB_LUT4_O_LC.O
Info:    routing  1.76  3.15 Net soc.spimemio.xfer.dummy_count[3] (24,4) -> (23,4)
Info:                          Sink soc.spimemio.xfer.count_SB_DFFESR_Q_E_SB_LUT4_O_I2_SB_LUT4_I3_I2_SB_LUT4_I3_1_O_SB_LUT4_I3_O_SB_LUT4_O_LC.I0
Info:                          Defined in:
Info:                               spimemio.v:417.12-417.23
Info:      logic  1.28  4.43 Source soc.spimemio.xfer.count_SB_DFFESR_Q_E_SB_LUT4_O_I2_SB_LUT4_I3_I2_SB_LUT4_I3_1_O_SB_LUT4_I3_O_SB_LUT4_O_LC.O
Info:    routing  1.76  6.20 Net flash_io0_oe_SB_LUT4_O_I3[2] (23,4) -> (22,3)
Info:                          Sink flash_io2_oe_SB_LUT4_O_I3_SB_LUT4_O_LC.I3
Info:                          Defined in:
Info:                               /mnt/c/Users/cheis/Documents/home/oss-cad-suite/lib/../share/yosys/ice40/cells_map.v:6.21-6.22
Info:      logic  0.87  7.07 Source flash_io2_oe_SB_LUT4_O_I3_SB_LUT4_O_LC.O
Info:    routing  1.76  8.83 Net flash_io2_oe_SB_LUT4_O_I3[3] (22,3) -> (21,2)
Info:                          Sink soc.spimemio.xfer_io2_90_SB_DFFN_Q_D_SB_LUT4_O_LC.I3
Info:                          Defined in:
Info:                               /mnt/c/Users/cheis/Documents/home/oss-cad-suite/lib/../share/yosys/ice40/cells_map.v:6.21-6.22
Info:      logic  0.87  9.70 Source soc.spimemio.xfer_io2_90_SB_DFFN_Q_D_SB_LUT4_O_LC.O
Info:    routing  1.76  11.47 Net soc.spimemio.xfer_io2_90_SB_DFFN_Q_D[2] (21,2) -> (21,2)
Info:                          Sink soc.spimemio.xfer_io2_90_SB_LUT4_I2_LC.I3
Info:                          Defined in:
Info:                               /mnt/c/Users/cheis/Documents/home/oss-cad-suite/lib/../share/yosys/ice40/cells_map.v:6.21-6.22
Info:      logic  0.87  12.34 Source soc.spimemio.xfer_io2_90_SB_LUT4_I2_LC.O
Info:    routing  1.76  14.10 Net flash_io2_do_SB_LUT4_O_I3[2] (21,2) -> (20,2)
Info:                          Sink flash_io2_do_SB_LUT4_O_LC.I3
Info:                          Defined in:
Info:                               /mnt/c/Users/cheis/Documents/home/oss-cad-suite/lib/../share/yosys/ice40/cells_map.v:6.21-6.22
Info:      logic  0.87  14.98 Source flash_io2_do_SB_LUT4_O_LC.O
Info:    routing  2.95  17.93 Net flash_io2_do (20,2) -> (18,0)
Info:                          Sink flash_io_buf[2].D_OUT_0
Info:                          Defined in:
Info:                               spimemio.v:38.9-38.21
Info: 6.17 ns logic, 11.76 ns routing

Info: Critical path report for cross-domain path 'negedge clk_12mhz$SB_IO_IN_$glb_clk' -> '<async>':
Info:       type curr  total name
Info:   clk-to-q  1.39  1.39 Source soc.spimemio.xfer_io1_90_SB_DFFN_Q_DFFLC.O
Info:    routing  1.76  3.15 Net soc.spimemio.xfer_io1_90 (21,1) -> (21,1)
Info:                          Sink soc.spimemio.xfer_io1_90_SB_LUT4_I2_LC.I2
Info:                          Defined in:
Info:                               /mnt/c/Users/cheis/Documents/home/oss-cad-suite/lib/../share/yosys/ice40/cells_map.v:6.21-6.22
Info:      logic  1.21  4.36 Source soc.spimemio.xfer_io1_90_SB_LUT4_I2_LC.O
Info:    routing  1.76  6.12 Net flash_io1_do_SB_LUT4_O_I3[2] (21,1) -> (21,1)
Info:                          Sink flash_io1_do_SB_LUT4_O_LC.I3
Info:                          Defined in:
Info:                               /mnt/c/Users/cheis/Documents/home/oss-cad-suite/lib/../share/yosys/ice40/cells_map.v:6.21-6.22
Info:      logic  0.87  6.99 Source flash_io1_do_SB_LUT4_O_LC.O
Info:    routing  4.40  11.39 Net flash_io1_do (21,1) -> (23,0)
Info:                          Sink flash_io_buf[1].D_OUT_0
Info:                          Defined in:
Info:                               spimemio.v:37.9-37.21
Info: 3.47 ns logic, 7.92 ns routing

Info: Max frequency for clock 'clk_12mhz$SB_IO_IN_$glb_clk': 22.85 MHz (PASS at 12.00 MHz)

Info: Max delay <async>                             -> posedge clk_12mhz$SB_IO_IN_$glb_clk: 26.13 ns
Info: Max delay posedge clk_12mhz$SB_IO_IN_$glb_clk -> <async>                            : 17.93 ns
Info: Max delay negedge clk_12mhz$SB_IO_IN_$glb_clk -> <async>                            : 11.39 ns

Info: Slack histogram:
Info:  legend: * represents 14 endpoint(s)
Info:          + represents [1,14) endpoint(s)
Info: [ 28966,  31554) |+
Info: [ 31554,  34142) | 
Info: [ 34142,  36730) | 
Info: [ 36730,  39318) | 
Info: [ 39318,  41906) |****+
Info: [ 41906,  44494) |******+
Info: [ 44494,  47082) |*******+
Info: [ 47082,  49670) |************+
Info: [ 49670,  52258) |*****+
Info: [ 52258,  54846) |**************+
Info: [ 54846,  57434) |*******+
Info: [ 57434,  60022) |*************************+
Info: [ 60022,  62610) |*************+
Info: [ 62610,  65198) |*****************+
Info: [ 65198,  67786) |*****************+
Info: [ 67786,  70374) |*****************+
Info: [ 70374,  72962) |**************************************************+
Info: [ 72962,  75550) |********************** 
Info: [ 75550,  78138) |************************************************************ 
Info: [ 78138,  80726) |*******************************+

Info: Program finished normally.
