Info: constrained 'clk_12mhz' to bel 'X12/Y31/io1'
Info: constrained 'ser_rx' to bel 'X13/Y0/io1'
Info: constrained 'ser_tx' to bel 'X15/Y0/io0'
Info: constrained 'flash_clk' to bel 'X24/Y0/io0'
Info: constrained 'flash_csb' to bel 'X24/Y0/io1'
Info: constrained 'flash_io0' to bel 'X23/Y0/io0'
Info: constrained 'flash_io1' to bel 'X23/Y0/io1'
Info: constrained 'flash_io2' to bel 'X18/Y0/io0'
Info: constrained 'flash_io3' to bel 'X19/Y0/io0'
Info: constrained 'P1A1' to bel 'X9/Y0/io0'
Info: constrained 'P1A2' to bel 'X8/Y0/io0'
Info: constrained 'P1A3' to bel 'X6/Y0/io0'
Info: constrained 'P1A4' to bel 'X7/Y0/io1'
Info: constrained 'P1A7' to bel 'X9/Y0/io1'
Info: constrained 'P1A8' to bel 'X7/Y0/io0'
Info: constrained 'P1A9' to bel 'X5/Y0/io0'
Info: constrained 'P1A10' to bel 'X6/Y0/io1'
Info: constrained 'led1' to bel 'X18/Y31/io0'
Info: constrained 'led2' to bel 'X18/Y31/io1'
Info: constrained 'led3' to bel 'X19/Y31/io1'
Info: constrained 'led4' to bel 'X19/Y31/io0'
Info: constrained 'led5' to bel 'X18/Y0/io1'
Info: constrained 'ledr_n' to bel 'X17/Y0/io0'
Info: constrained 'ledg_n' to bel 'X13/Y31/io0'

Info: Packing constants..
Info: Packing IOs..
Info: flash_io3 feeds SB_IO flash_io_buf[3], removing $nextpnr_iobuf flash_io3.
Info: flash_io2 feeds SB_IO flash_io_buf[2], removing $nextpnr_iobuf flash_io2.
Info: flash_io1 feeds SB_IO flash_io_buf[1], removing $nextpnr_iobuf flash_io1.
Info: flash_io0 feeds SB_IO flash_io_buf[0], removing $nextpnr_iobuf flash_io0.
Info: Packing LUT-FFs..
Info:     2335 LCs used as LUT4 only
Info:      713 LCs used as LUT4 and DFF
Info: Packing non-LUT FFs..
Info:      523 LCs used as DFF only
Info: Packing carries..
Info:      131 LCs used as CARRY only
Info: Packing indirect carry+LUT pairs...
Info:       33 LUTs merged into carry LCs
Info: Packing RAMs..
Info: Placing PLLs..
Info: Packing special functions..
Info: Packing PLLs..
Info: Promoting globals..
Info: promoting clk_12mhz$SB_IO_IN (fanout 1288)
Info: promoting iomem_ready_SB_LUT4_I1_O[1] [reset] (fanout 404)
Info: promoting soc.simpleuart.send_dummy_SB_LUT4_I2_O_SB_LUT4_I2_O_SB_LUT4_I3_O [reset] (fanout 32)
Info: promoting soc.cpu.instr_lw_SB_LUT4_I2_O_SB_LUT4_I2_O [reset] (fanout 31)
Info: promoting soc.cpu.genblk1.pcpi_mul.active_SB_LUT4_I2_O [cen] (fanout 66)
Info: promoting soc.cpu.decoder_pseudo_trigger_SB_LUT4_I3_O[0] [cen] (fanout 65)
Info: promoting soc.cpu.reg_pc_SB_DFFESS_Q_E[1] [cen] (fanout 60)
Info: promoting soc.spimemio.rd_inc_SB_DFFESR_Q_E_SB_LUT4_O_I2_SB_LUT4_I3_O [cen] (fanout 54)
Info: Constraining chains...
Info:       22 LCs used to legalise carry chains.
Info: Checksum: 0x722453e3

Info: Device utilisation:
Info: 	         ICESTORM_LC:    3693/   5280    69%
Info: 	        ICESTORM_RAM:      22/     30    73%
Info: 	               SB_IO:      24/     96    25%
Info: 	               SB_GB:       8/      8   100%
Info: 	        ICESTORM_PLL:       0/      1     0%
Info: 	         SB_WARMBOOT:       0/      1     0%
Info: 	        ICESTORM_DSP:       4/      8    50%
Info: 	      ICESTORM_HFOSC:       0/      1     0%
Info: 	      ICESTORM_LFOSC:       0/      1     0%
Info: 	              SB_I2C:       0/      2     0%
Info: 	              SB_SPI:       0/      2     0%
Info: 	              IO_I3C:       0/      2     0%
Info: 	         SB_LEDDA_IP:       0/      1     0%
Info: 	         SB_RGBA_DRV:       0/      1     0%
Info: 	      ICESTORM_SPRAM:       4/      4   100%

Info: Placed 24 cells based on constraints.
Info: Creating initial analytic placement for 2995 cells, random placement wirelen = 90619.
Info:     at initial placer iter 0, wirelen = 1905
Info:     at initial placer iter 1, wirelen = 1934
Info:     at initial placer iter 2, wirelen = 1894
Info:     at initial placer iter 3, wirelen = 1944
Info: Running main analytical placer, max placement attempts per cell = 1762503.
Info:     at iteration #1, type ALL: wirelen solved = 1891, spread = 37242, legal = 40224; time = 0.50s
Info:     at iteration #2, type ALL: wirelen solved = 2221, spread = 33556, legal = 38058; time = 0.26s
Info:     at iteration #3, type ALL: wirelen solved = 3117, spread = 33849, legal = 38206; time = 0.25s
Info:     at iteration #4, type ALL: wirelen solved = 3848, spread = 32019, legal = 37001; time = 0.27s
Info:     at iteration #5, type ALL: wirelen solved = 4729, spread = 31337, legal = 35962; time = 0.26s
Info:     at iteration #6, type ALL: wirelen solved = 5590, spread = 30445, legal = 34539; time = 0.24s
Info:     at iteration #7, type ALL: wirelen solved = 6229, spread = 30253, legal = 34631; time = 0.22s
Info:     at iteration #8, type ALL: wirelen solved = 6556, spread = 29263, legal = 33684; time = 0.14s
Info:     at iteration #9, type ALL: wirelen solved = 7430, spread = 28332, legal = 32600; time = 0.22s
Info:     at iteration #10, type ALL: wirelen solved = 7686, spread = 27982, legal = 31206; time = 0.24s
Info:     at iteration #11, type ALL: wirelen solved = 8439, spread = 27876, legal = 31874; time = 0.20s
Info:     at iteration #12, type ALL: wirelen solved = 8906, spread = 27198, legal = 30673; time = 0.21s
Info:     at iteration #13, type ALL: wirelen solved = 9440, spread = 27089, legal = 30443; time = 0.21s
Info:     at iteration #14, type ALL: wirelen solved = 10368, spread = 26171, legal = 29325; time = 0.08s
Info:     at iteration #15, type ALL: wirelen solved = 10804, spread = 26537, legal = 30189; time = 0.21s
Info:     at iteration #16, type ALL: wirelen solved = 11728, spread = 25780, legal = 30125; time = 0.21s
Info:     at iteration #17, type ALL: wirelen solved = 11732, spread = 25308, legal = 29718; time = 0.21s
Info:     at iteration #18, type ALL: wirelen solved = 12529, spread = 25040, legal = 29492; time = 0.20s
Info:     at iteration #19, type ALL: wirelen solved = 12681, spread = 24565, legal = 29697; time = 0.21s
Info: HeAP Placer Time: 5.17s
Info:   of which solving equations: 1.46s
Info:   of which spreading cells: 0.21s
Info:   of which strict legalisation: 2.84s

Info: Running simulated annealing placer for refinement.
Info:   at iteration #1: temp = 0.000000, timing cost = 1569, wirelen = 29325
Info:   at iteration #5: temp = 0.000000, timing cost = 1313, wirelen = 21918
Info:   at iteration #10: temp = 0.000000, timing cost = 1348, wirelen = 20740
Info:   at iteration #15: temp = 0.000000, timing cost = 1374, wirelen = 20252
Info:   at iteration #20: temp = 0.000000, timing cost = 1468, wirelen = 19796
Info:   at iteration #25: temp = 0.000000, timing cost = 1441, wirelen = 19633
Info:   at iteration #30: temp = 0.000000, timing cost = 1433, wirelen = 19594
Info:   at iteration #33: temp = 0.000000, timing cost = 1437, wirelen = 19577 
Info: SA placement time 6.38s

Info: Max frequency for clock 'clk_12mhz$SB_IO_IN_$glb_clk': 22.08 MHz (PASS at 12.00 MHz)

Info: Max delay <async>                             -> posedge clk_12mhz$SB_IO_IN_$glb_clk: 23.57 ns
Info: Max delay posedge clk_12mhz$SB_IO_IN_$glb_clk -> <async>                            : 18.27 ns
Info: Max delay negedge clk_12mhz$SB_IO_IN_$glb_clk -> <async>                            : 11.05 ns

Info: Slack histogram:
Info:  legend: * represents 16 endpoint(s)
Info:          + represents [1,16) endpoint(s)
Info: [ 28453,  31068) |+
Info: [ 31068,  33683) |+
Info: [ 33683,  36298) | 
Info: [ 36298,  38913) |*+
Info: [ 38913,  41528) |******+
Info: [ 41528,  44143) |******+
Info: [ 44143,  46758) |******+
Info: [ 46758,  49373) |**+
Info: [ 49373,  51988) |*****+
Info: [ 51988,  54603) |*********+
Info: [ 54603,  57218) |*************+
Info: [ 57218,  59833) |**********+
Info: [ 59833,  62448) |**********************+
Info: [ 62448,  65063) |***************************+
Info: [ 65063,  67678) |*****************+
Info: [ 67678,  70293) |**********************+
Info: [ 70293,  72908) |***************+
Info: [ 72908,  75523) |*****************************+
Info: [ 75523,  78138) |*******************************************+
Info: [ 78138,  80753) |************************************************************ 
Info: Checksum: 0xa85519d1

Info: Routing..
Info: Setting up routing queue.
Info: Routing 12947 arcs.
Info:            |   (re-)routed arcs  |   delta    | remaining|       time spent     |
Info:    IterCnt |  w/ripup   wo/ripup |  w/r  wo/r |      arcs| batch(sec) total(sec)|
Info:       1000 |       69        930 |   69   930 |     12054|       1.95       1.95|
Info:       2000 |      167       1832 |   98   902 |     11222|       0.46       2.41|
Info:       3000 |      299       2700 |  132   868 |     10420|       0.30       2.71|
Info:       4000 |      517       3481 |  218   781 |      9735|       0.32       3.03|
Info:       5000 |      835       4163 |  318   682 |      9195|       0.38       3.41|
Info:       6000 |     1130       4822 |  295   659 |      8670|       0.32       3.73|
Info:       7000 |     1476       5473 |  346   651 |      8346|       0.45       4.19|
Info:       8000 |     1860       6044 |  384   571 |      8019|       0.51       4.70|
Info:       9000 |     2211       6596 |  351   552 |      7581|       0.51       5.21|
Info:      10000 |     2690       7107 |  479   511 |      7376|       0.83       6.05|
Info:      11000 |     3037       7731 |  347   624 |      7017|       0.61       6.66|
Info:      12000 |     3434       8334 |  397   603 |      6744|       0.57       7.23|
Info:      13000 |     3866       8835 |  432   501 |      6443|       0.50       7.73|
Info:      14000 |     4292       9382 |  426   547 |      6101|       0.58       8.30|
Info:      15000 |     4768       9906 |  476   524 |      5944|       0.56       8.86|
Info:      16000 |     5252      10398 |  484   492 |      5719|       0.52       9.38|
Info:      17000 |     5653      10931 |  401   533 |      5367|       0.47       9.86|
Info:      18000 |     6111      11473 |  458   542 |      5209|       0.60      10.45|
Info:      19000 |     6570      12013 |  459   540 |      5026|       0.62      11.07|
Info:      20000 |     7089      12493 |  519   480 |      4972|       0.82      11.89|
Info:      21000 |     7534      13048 |  445   555 |      4831|       0.71      12.60|
Info:      22000 |     8100      13482 |  566   434 |      4709|       0.66      13.27|
Info:      23000 |     8565      13989 |  465   507 |      4515|       0.69      13.95|
Info:      24000 |     9143      14411 |  578   422 |      4459|       0.70      14.66|
Info:      25000 |     9638      14890 |  495   479 |      4351|       0.63      15.29|
Info:      26000 |    10106      15413 |  468   523 |      4180|       0.64      15.94|
Info:      27000 |    10640      15879 |  534   466 |      4082|       0.65      16.59|
Info:      28000 |    11178      16341 |  538   462 |      4097|       0.73      17.32|
Info:      29000 |    11674      16845 |  496   504 |      3962|       0.57      17.89|
Info:      30000 |    12243      17276 |  569   431 |      3919|       0.73      18.62|
Info:      31000 |    12716      17803 |  473   527 |      3712|       0.55      19.17|
Info:      32000 |    13227      18292 |  511   489 |      3633|       0.88      20.05|
Info:      33000 |    13691      18773 |  464   481 |      3362|       0.68      20.74|
Info:      34000 |    14244      19220 |  553   447 |      3342|       0.62      21.36|
Info:      35000 |    14737      19700 |  493   480 |      3192|       0.54      21.90|
Info:      36000 |    15292      20145 |  555   445 |      3156|       0.72      22.62|
Info:      37000 |    15791      20592 |  499   447 |      2946|       0.65      23.28|
Info:      38000 |    16266      21117 |  475   525 |      2812|       0.74      24.02|
Info:      39000 |    16863      21520 |  597   403 |      2754|       0.89      24.91|
Info:      40000 |    17373      22010 |  510   490 |      2639|       0.63      25.54|
Info:      41000 |    17877      22506 |  504   496 |      2496|       0.79      26.34|
Info:      42000 |    18520      22863 |  643   357 |      2437|       0.69      27.03|
Info:      43000 |    18976      23407 |  456   544 |      2415|       0.60      27.63|
Info:      44000 |    19527      23852 |  551   445 |      2273|       0.71      28.34|
Info:      45000 |    20021      24355 |  494   503 |      2106|       0.71      29.05|
Info:      46000 |    20573      24803 |  552   448 |      2050|       0.89      29.94|
Info:      47000 |    21162      25214 |  589   411 |      1986|       0.91      30.84|
Info:      48000 |    21755      25621 |  593   407 |      1932|       1.16      32.00|
Info:      49000 |    22279      26097 |  524   476 |      1832|       0.88      32.88|
Info:      50000 |    22717      26659 |  438   562 |      1811|       0.69      33.57|
Info:      51000 |    23257      27119 |  540   460 |      1762|       1.09      34.65|
Info:      52000 |    23829      27547 |  572   428 |      1659|       0.79      35.44|
Info:      53000 |    24415      27961 |  586   414 |      1566|       0.89      36.33|
Info:      54000 |    25035      28341 |  620   380 |      1550|       1.17      37.51|
Info:      55000 |    25618      28758 |  583   417 |      1467|       0.79      38.30|
Info:      56000 |    26187      29188 |  569   430 |      1356|       0.78      39.08|
Info:      57000 |    26718      29657 |  531   469 |      1212|       0.70      39.78|
Info:      58000 |    27274      30094 |  556   437 |      1057|       0.83      40.61|
Info:      59000 |    27683      30682 |  409   588 |       627|       0.44      41.05|
Info:      60000 |    28124      31241 |  441   559 |       337|       1.04      42.10|
Info:      61000 |    28684      31680 |  560   439 |       177|       1.09      43.19|
Info:      61584 |    28961      31988 |  277   308 |         0|       0.72      43.91|
Info: Routing complete.
Info: Router1 time 43.91s
Info: Checksum: 0xeac76924

Info: Critical path report for clock 'clk_12mhz$SB_IO_IN_$glb_clk' (posedge -> posedge):
Info:       type curr  total name
Info:   clk-skew  0.93  0.93 Net clk_12mhz$SB_IO_IN_$glb_clk (15,22) -> (0,0)
Info:                          Sink soc.memory.ram00_RAM.CLOCK
Info:   clk-to-q  1.39  2.32 Source soc.cpu.mem_addr_SB_DFFE_Q_D_SB_LUT4_O_LC.O
Info:    routing  1.76  4.08 Net iomem_addr[31] (15,22) -> (16,22)
Info:                          Sink iomem_ready_SB_LUT4_I1_I2_SB_LUT4_O_2_I3_SB_LUT4_O_LC.I0
Info:                          Defined in:
Info:                               picosoc.v:105.14-105.22
Info:      logic  1.28  5.36 Source iomem_ready_SB_LUT4_I1_I2_SB_LUT4_O_2_I3_SB_LUT4_O_LC.O
Info:    routing  1.76  7.12 Net iomem_ready_SB_LUT4_I1_I2_SB_LUT4_O_2_I3[2] (16,22) -> (16,21)
Info:                          Sink iomem_ready_SB_LUT4_I1_I2_SB_LUT4_O_2_LC.I3
Info:                          Defined in:
Info:                               /mnt/c/Users/cheis/Documents/home/oss-cad-suite/lib/../share/yosys/ice40/cells_map.v:6.21-6.22
Info:      logic  0.87  8.00 Source iomem_ready_SB_LUT4_I1_I2_SB_LUT4_O_2_LC.O
Info:    routing  2.95  10.95 Net iomem_ready_SB_LUT4_I1_I2[2] (16,21) -> (18,17)
Info:                          Sink flash_clk_SB_LUT4_I2_O_SB_LUT4_O_I3_SB_LUT4_O_I3_SB_LUT4_O_LC.I3
Info:                          Defined in:
Info:                               /mnt/c/Users/cheis/Documents/home/oss-cad-suite/lib/../share/yosys/ice40/cells_map.v:6.21-6.22
Info:      logic  0.87  11.82 Source flash_clk_SB_LUT4_I2_O_SB_LUT4_O_I3_SB_LUT4_O_I3_SB_LUT4_O_LC.O
Info:    routing  2.95  14.77 Net flash_clk_SB_LUT4_I2_O_SB_LUT4_O_I3_SB_LUT4_O_I3[1] (18,17) -> (20,15)
Info:                          Sink flash_clk_SB_LUT4_I2_O_SB_LUT4_O_I3_SB_LUT4_O_LC.I3
Info:                          Defined in:
Info:                               /mnt/c/Users/cheis/Documents/home/oss-cad-suite/lib/../share/yosys/ice40/cells_map.v:6.21-6.22
Info:      logic  0.87  15.65 Source flash_clk_SB_LUT4_I2_O_SB_LUT4_O_I3_SB_LUT4_O_LC.O
Info:    routing  1.76  17.41 Net flash_clk_SB_LUT4_I2_O_SB_LUT4_O_I3[2] (20,15) -> (21,15)
Info:                          Sink flash_clk_SB_LUT4_I2_O_SB_LUT4_O_I3_SB_LUT4_I3_LC.I3
Info:                          Defined in:
Info:                               /mnt/c/Users/cheis/Documents/home/oss-cad-suite/lib/../share/yosys/ice40/cells_map.v:6.21-6.22
Info:      logic  0.87  18.28 Source flash_clk_SB_LUT4_I2_O_SB_LUT4_O_I3_SB_LUT4_I3_LC.O
Info:    routing  1.76  20.05 Net flash_io0_di_SB_LUT4_I1_O_SB_LUT4_O_I1[3] (21,15) -> (20,14)
Info:                          Sink soc.simpleuart.send_dummy_SB_LUT4_I1_LC.I3
Info:                          Defined in:
Info:                               /mnt/c/Users/cheis/Documents/home/oss-cad-suite/lib/../share/yosys/ice40/cells_map.v:6.21-6.22
Info:      logic  0.87  20.92 Source soc.simpleuart.send_dummy_SB_LUT4_I1_LC.O
Info:    routing  1.76  22.68 Net soc.simpleuart.send_dummy_SB_LUT4_I1_O[3] (20,14) -> (20,14)
Info:                          Sink soc.simpleuart.send_dummy_SB_LUT4_I1_O_SB_LUT4_I3_LC.I3
Info:                          Defined in:
Info:                               /mnt/c/Users/cheis/Documents/home/oss-cad-suite/lib/../share/yosys/ice40/cells_map.v:6.21-6.22
Info:      logic  0.87  23.55 Source soc.simpleuart.send_dummy_SB_LUT4_I1_O_SB_LUT4_I3_LC.O
Info:    routing  1.76  25.32 Net soc.cpu.mem_xfer_SB_LUT4_O_I2_SB_LUT4_O_I3[3] (20,14) -> (20,15)
Info:                          Sink soc.cpu.mem_xfer_SB_LUT4_O_I2_SB_LUT4_O_LC.I3
Info:                          Defined in:
Info:                               /mnt/c/Users/cheis/Documents/home/oss-cad-suite/lib/../share/yosys/ice40/cells_map.v:6.21-6.22
Info:      logic  0.87  26.19 Source soc.cpu.mem_xfer_SB_LUT4_O_I2_SB_LUT4_O_LC.O
Info:    routing  1.76  27.95 Net soc.cpu.mem_xfer_SB_LUT4_O_I2[2] (20,15) -> (20,16)
Info:                          Sink soc.cpu.mem_xfer_SB_LUT4_O_I2_SB_LUT4_I2_LC.I2
Info:                          Defined in:
Info:                               /mnt/c/Users/cheis/Documents/home/oss-cad-suite/lib/../share/yosys/ice40/cells_map.v:6.21-6.22
Info:      logic  1.21  29.16 Source soc.cpu.mem_xfer_SB_LUT4_O_I2_SB_LUT4_I2_LC.O
Info:    routing  2.95  32.11 Net soc.cpu.mem_state_SB_DFFESR_Q_E_SB_LUT4_O_I2_SB_LUT4_O_I3_SB_LUT4_I3_O[3] (20,16) -> (20,12)
Info:                          Sink iomem_ready_SB_LUT4_I2_I3_SB_LUT4_I2_I3_SB_LUT4_I2_LC.I3
Info:                          Defined in:
Info:                               /mnt/c/Users/cheis/Documents/home/oss-cad-suite/lib/../share/yosys/ice40/cells_map.v:6.21-6.22
Info:      logic  0.87  32.98 Source iomem_ready_SB_LUT4_I2_I3_SB_LUT4_I2_I3_SB_LUT4_I2_LC.O
Info:    routing  5.33  38.31 Net iomem_ready_SB_LUT4_I2_I3_SB_LUT4_I2_I3_SB_LUT4_I2_O[1] (20,12) -> (7,1)
Info:                          Sink soc.memory.wen_SB_LUT4_O_1_LC.I3
Info:                          Defined in:
Info:                               /mnt/c/Users/cheis/Documents/home/oss-cad-suite/lib/../share/yosys/ice40/cells_map.v:6.21-6.22
Info:      logic  0.87  39.19 Source soc.memory.wen_SB_LUT4_O_1_LC.O
Info:    routing  1.76  40.95 Net soc.memory.wen[1] (7,1) -> (7,1)
Info:                          Sink soc.memory.ram00_WREN_SB_LUT4_O_LC.I2
Info:                          Defined in:
Info:                               ice40up5k_spram.v:26.14-26.17
Info:      logic  1.21  42.15 Source soc.memory.ram00_WREN_SB_LUT4_O_LC.O
Info:    routing  3.49  45.65 Net soc.memory.ram00_WREN (7,1) -> (0,0)
Info:                          Sink soc.memory.ram00_RAM.WREN
Info:      setup  0.10  45.75 Source soc.memory.ram00_RAM.WREN
Info: 13.05 ns logic, 32.70 ns routing

Info: Critical path report for cross-domain path '<async>' -> 'posedge clk_12mhz$SB_IO_IN_$glb_clk':
Info:       type curr  total name
Info:     source  0.00  0.00 Source flash_io_buf[0].D_IN_0
Info:    routing  4.90  4.90 Net flash_io0_di (23,0) -> (21,13)
Info:                          Sink flash_io0_di_SB_LUT4_I1_LC.I1
Info:                          Defined in:
Info:                               picosoc.v:140.14-140.32
Info:      logic  1.23  6.13 Source flash_io0_di_SB_LUT4_I1_LC.O
Info:    routing  1.76  7.89 Net flash_io0_di_SB_LUT4_I1_O[3] (21,13) -> (21,13)
Info:                          Sink flash_io0_di_SB_LUT4_I1_O_SB_LUT4_I3_LC.I3
Info:                          Defined in:
Info:                               /mnt/c/Users/cheis/Documents/home/oss-cad-suite/lib/../share/yosys/ice40/cells_map.v:6.21-6.22
Info:      logic  0.87  8.76 Source flash_io0_di_SB_LUT4_I1_O_SB_LUT4_I3_LC.O
Info:    routing  1.76  10.52 Net flash_io0_di_SB_LUT4_I1_O_SB_LUT4_I3_O[2] (21,13) -> (20,13)
Info:                          Sink flash_io0_di_SB_LUT4_I1_O_SB_LUT4_I3_O_SB_LUT4_I2_LC.I2
Info:                          Defined in:
Info:                               /mnt/c/Users/cheis/Documents/home/oss-cad-suite/lib/../share/yosys/ice40/cells_map.v:6.21-6.22
Info:      logic  1.21  11.73 Source flash_io0_di_SB_LUT4_I1_O_SB_LUT4_I3_O_SB_LUT4_I2_LC.O
Info:    routing  1.76  13.49 Net soc.cpu.mem_rdata_q_SB_DFFE_Q_31_D_SB_LUT4_O_I3[3] (20,13) -> (20,14)
Info:                          Sink soc.cpu.mem_rdata_q_SB_DFFE_Q_31_D_SB_LUT4_O_LC.I3
Info:                          Defined in:
Info:                               /mnt/c/Users/cheis/Documents/home/oss-cad-suite/lib/../share/yosys/ice40/cells_map.v:6.21-6.22
Info:      logic  0.87  14.36 Source soc.cpu.mem_rdata_q_SB_DFFE_Q_31_D_SB_LUT4_O_LC.O
Info:    routing  2.95  17.32 Net soc.cpu.mem_rdata_q_SB_DFFE_Q_31_D[3] (20,14) -> (16,16)
Info:                          Sink soc.cpu.mem_rdata_q_SB_DFFE_Q_30_D_SB_LUT4_I3_1_LC.I2
Info:                          Defined in:
Info:                               /mnt/c/Users/cheis/Documents/home/oss-cad-suite/lib/../share/yosys/ice40/cells_map.v:6.21-6.22
Info:      logic  1.21  18.52 Source soc.cpu.mem_rdata_q_SB_DFFE_Q_30_D_SB_LUT4_I3_1_LC.O
Info:    routing  1.76  20.28 Net soc.cpu.mem_rdata_q_SB_DFFE_Q_30_D_SB_LUT4_I3_1_O[2] (16,16) -> (15,16)
Info:                          Sink soc.cpu.is_lb_lh_lw_lbu_lhu_SB_DFFE_Q_D_SB_LUT4_O_I1_SB_LUT4_I3_O_SB_LUT4_O_LC.I3
Info:                          Defined in:
Info:                               /mnt/c/Users/cheis/Documents/home/oss-cad-suite/lib/../share/yosys/ice40/cells_map.v:6.21-6.22
Info:      logic  0.87  21.16 Source soc.cpu.is_lb_lh_lw_lbu_lhu_SB_DFFE_Q_D_SB_LUT4_O_I1_SB_LUT4_I3_O_SB_LUT4_O_LC.O
Info:    routing  1.76  22.92 Net soc.cpu.instr_jalr_SB_DFFE_Q_D_SB_LUT4_O_I2[3] (15,16) -> (15,17)
Info:                          Sink soc.cpu.instr_auipc_SB_DFFE_Q_D_SB_LUT4_O_LC.I3
Info:                          Defined in:
Info:                               /mnt/c/Users/cheis/Documents/home/oss-cad-suite/lib/../share/yosys/ice40/cells_map.v:6.21-6.22
Info:      setup  0.82  23.74 Source soc.cpu.instr_auipc_SB_DFFE_Q_D_SB_LUT4_O_LC.I3
Info: 7.09 ns logic, 16.65 ns routing

Info: Critical path report for cross-domain path 'posedge clk_12mhz$SB_IO_IN_$glb_clk' -> '<async>':
Info:       type curr  total name
Info:   clk-to-q  1.39  1.39 Source soc.spimemio.xfer.dummy_count_SB_DFFESR_Q_D_SB_LUT4_O_LC.O
Info:    routing  1.76  3.15 Net soc.spimemio.xfer.dummy_count[3] (20,2) -> (21,1)
Info:                          Sink soc.spimemio.xfer.count_SB_DFFESR_Q_2_D_SB_LUT4_O_I3_SB_LUT4_O_I2_SB_LUT4_I3_O_SB_LUT4_I3_O_SB_LUT4_I3_O_SB_LUT4_O_LC.I0
Info:                          Defined in:
Info:                               spimemio.v:417.12-417.23
Info:      logic  1.28  4.43 Source soc.spimemio.xfer.count_SB_DFFESR_Q_2_D_SB_LUT4_O_I3_SB_LUT4_O_I2_SB_LUT4_I3_O_SB_LUT4_I3_O_SB_LUT4_I3_O_SB_LUT4_O_LC.O
Info:    routing  1.76  6.20 Net flash_io0_oe_SB_LUT4_O_I3[2] (21,1) -> (21,2)
Info:                          Sink soc.spimemio.xfer_io1_90_SB_DFFN_Q_D_SB_LUT4_O_I2_SB_LUT4_O_LC.I3
Info:                          Defined in:
Info:                               /mnt/c/Users/cheis/Documents/home/oss-cad-suite/lib/../share/yosys/ice40/cells_map.v:6.21-6.22
Info:      logic  0.87  7.07 Source soc.spimemio.xfer_io1_90_SB_DFFN_Q_D_SB_LUT4_O_I2_SB_LUT4_O_LC.O
Info:    routing  1.76  8.83 Net soc.spimemio.xfer_io1_90_SB_DFFN_Q_D_SB_LUT4_O_I2[1] (21,2) -> (20,2)
Info:                          Sink soc.spimemio.xfer_io1_90_SB_DFFN_Q_D_SB_LUT4_O_LC.I2
Info:                          Defined in:
Info:                               /mnt/c/Users/cheis/Documents/home/oss-cad-suite/lib/../share/yosys/ice40/cells_map.v:6.21-6.22
Info:      logic  1.21  10.04 Source soc.spimemio.xfer_io1_90_SB_DFFN_Q_D_SB_LUT4_O_LC.O
Info:    routing  1.76  11.80 Net soc.spimemio.xfer_io1_90_SB_DFFN_Q_D[2] (20,2) -> (20,1)
Info:                          Sink soc.spimemio.xfer_io1_90_SB_LUT4_I2_LC.I3
Info:                          Defined in:
Info:                               /mnt/c/Users/cheis/Documents/home/oss-cad-suite/lib/../share/yosys/ice40/cells_map.v:6.21-6.22
Info:      logic  0.87  12.67 Source soc.spimemio.xfer_io1_90_SB_LUT4_I2_LC.O
Info:    routing  1.76  14.43 Net flash_io1_do_SB_LUT4_O_I3[2] (20,1) -> (20,2)
Info:                          Sink flash_io1_do_SB_LUT4_O_LC.I3
Info:                          Defined in:
Info:                               /mnt/c/Users/cheis/Documents/home/oss-cad-suite/lib/../share/yosys/ice40/cells_map.v:6.21-6.22
Info:      logic  0.87  15.31 Source flash_io1_do_SB_LUT4_O_LC.O
Info:    routing  2.95  18.26 Net flash_io1_do (20,2) -> (23,0)
Info:                          Sink flash_io_buf[1].D_OUT_0
Info:                          Defined in:
Info:                               spimemio.v:37.9-37.21
Info: 6.50 ns logic, 11.76 ns routing

Info: Critical path report for cross-domain path 'negedge clk_12mhz$SB_IO_IN_$glb_clk' -> '<async>':
Info:       type curr  total name
Info:   clk-to-q  1.39  1.39 Source soc.spimemio.xfer_io0_90_SB_DFFN_Q_DFFLC.O
Info:    routing  1.76  3.15 Net soc.spimemio.xfer_io0_90 (20,1) -> (20,1)
Info:                          Sink soc.spimemio.xfer_io0_90_SB_LUT4_I2_LC.I2
Info:                          Defined in:
Info:                               /mnt/c/Users/cheis/Documents/home/oss-cad-suite/lib/../share/yosys/ice40/cells_map.v:6.21-6.22
Info:      logic  1.21  4.36 Source soc.spimemio.xfer_io0_90_SB_LUT4_I2_LC.O
Info:    routing  2.30  6.66 Net flash_io0_do_SB_LUT4_O_I3[2] (20,1) -> (18,1)
Info:                          Sink flash_io0_do_SB_LUT4_O_LC.I3
Info:                          Defined in:
Info:                               /mnt/c/Users/cheis/Documents/home/oss-cad-suite/lib/../share/yosys/ice40/cells_map.v:6.21-6.22
Info:      logic  0.87  7.53 Source flash_io0_do_SB_LUT4_O_LC.O
Info:    routing  3.60  11.13 Net flash_io0_do (18,1) -> (23,0)
Info:                          Sink flash_io_buf[0].D_OUT_0
Info:                          Defined in:
Info:                               spimemio.v:36.9-36.21
Info: 3.47 ns logic, 7.66 ns routing

Info: Max frequency for clock 'clk_12mhz$SB_IO_IN_$glb_clk': 21.86 MHz (PASS at 12.00 MHz)

Info: Max delay <async>                             -> posedge clk_12mhz$SB_IO_IN_$glb_clk: 23.74 ns
Info: Max delay posedge clk_12mhz$SB_IO_IN_$glb_clk -> <async>                            : 18.26 ns
Info: Max delay negedge clk_12mhz$SB_IO_IN_$glb_clk -> <async>                            : 11.13 ns

Info: Slack histogram:
Info:  legend: * represents 18 endpoint(s)
Info:          + represents [1,18) endpoint(s)
Info: [ 28635,  31240) |+
Info: [ 31240,  33845) |+
Info: [ 33845,  36450) | 
Info: [ 36450,  39055) |*+
Info: [ 39055,  41660) |*****+
Info: [ 41660,  44265) |*****+
Info: [ 44265,  46870) |***+
Info: [ 46870,  49475) |******+
Info: [ 49475,  52080) |*****+
Info: [ 52080,  54685) |*******+
Info: [ 54685,  57290) |*********+
Info: [ 57290,  59895) |***********+
Info: [ 59895,  62500) |**************+
Info: [ 62500,  65105) |************+
Info: [ 65105,  67710) |***************+
Info: [ 67710,  70315) |**************+
Info: [ 70315,  72920) |**************************************+
Info: [ 72920,  75525) |*************************+
Info: [ 75525,  78130) |************************************************************ 
Info: [ 78130,  80735) |*******************************+

Info: Program finished normally.
