Info: constrained 'clk_12mhz' to bel 'X12/Y31/io1'
Info: constrained 'ser_rx' to bel 'X13/Y0/io1'
Info: constrained 'ser_tx' to bel 'X15/Y0/io0'
Info: constrained 'flash_clk' to bel 'X24/Y0/io0'
Info: constrained 'flash_csb' to bel 'X24/Y0/io1'
Info: constrained 'flash_io0' to bel 'X23/Y0/io0'
Info: constrained 'flash_io1' to bel 'X23/Y0/io1'
Info: constrained 'flash_io2' to bel 'X18/Y0/io0'
Info: constrained 'flash_io3' to bel 'X19/Y0/io0'
Info: constrained 'P1A1' to bel 'X9/Y0/io0'
Info: constrained 'P1A2' to bel 'X8/Y0/io0'
Info: constrained 'P1A3' to bel 'X6/Y0/io0'
Info: constrained 'P1A4' to bel 'X7/Y0/io1'
Info: constrained 'P1A7' to bel 'X9/Y0/io1'
Info: constrained 'P1A8' to bel 'X7/Y0/io0'
Info: constrained 'P1A9' to bel 'X5/Y0/io0'
Info: constrained 'P1A10' to bel 'X6/Y0/io1'
Info: constrained 'led1' to bel 'X18/Y31/io0'
Info: constrained 'led2' to bel 'X18/Y31/io1'
Info: constrained 'led3' to bel 'X19/Y31/io1'
Info: constrained 'led4' to bel 'X19/Y31/io0'
Info: constrained 'led5' to bel 'X18/Y0/io1'
Info: constrained 'ledr_n' to bel 'X17/Y0/io0'
Info: constrained 'ledg_n' to bel 'X13/Y31/io0'

Info: Packing constants..
Info: Packing IOs..
Info: flash_io3 feeds SB_IO flash_io_buf[3], removing $nextpnr_iobuf flash_io3.
Info: flash_io2 feeds SB_IO flash_io_buf[2], removing $nextpnr_iobuf flash_io2.
Info: flash_io1 feeds SB_IO flash_io_buf[1], removing $nextpnr_iobuf flash_io1.
Info: flash_io0 feeds SB_IO flash_io_buf[0], removing $nextpnr_iobuf flash_io0.
Info: Packing LUT-FFs..
Info:     2958 LCs used as LUT4 only
Info:      771 LCs used as LUT4 and DFF
Info: Packing non-LUT FFs..
Info:      951 LCs used as DFF only
Info: Packing carries..
Info:      119 LCs used as CARRY only
Info: Packing indirect carry+LUT pairs...
Info:       33 LUTs merged into carry LCs
Info: Packing RAMs..
Info: Placing PLLs..
Info: Packing special functions..
Info: Packing PLLs..
Info: Promoting globals..
Info: promoting clk_12mhz$SB_IO_IN (fanout 1738)
Info: promoting iomem_ready_SB_LUT4_I3_O_SB_LUT4_I1_O[1] [reset] (fanout 403)
Info: promoting soc.spimem_cache.fifo_head_SB_DFFESR_Q_E[1] [reset] (fanout 42)
Info: promoting soc.simpleuart.send_dummy_SB_LUT4_I2_I3_SB_LUT4_I0_O [reset] (fanout 32)
Info: promoting soc.cpu.instr_sw_SB_LUT4_I2_O_SB_LUT4_I2_O [reset] (fanout 31)
Info: promoting soc.spimem_cache.fifo_head_SB_DFFESR_Q_E_SB_LUT4_I3_O [cen] (fanout 67)
Info: promoting soc.cpu.genblk1.pcpi_mul.active_SB_LUT4_I2_O [cen] (fanout 66)
Info: promoting soc.cpu.decoder_pseudo_trigger_SB_LUT4_I2_O[0] [cen] (fanout 65)
Info: Constraining chains...
Info:       23 LCs used to legalise carry chains.
Info: Checksum: 0xf325d113

Info: Device utilisation:
Info: 	         ICESTORM_LC:    4791/   5280    90%
Info: 	        ICESTORM_RAM:       4/     30    13%
Info: 	               SB_IO:      24/     96    25%
Info: 	               SB_GB:       8/      8   100%
Info: 	        ICESTORM_PLL:       0/      1     0%
Info: 	         SB_WARMBOOT:       0/      1     0%
Info: 	        ICESTORM_DSP:       4/      8    50%
Info: 	      ICESTORM_HFOSC:       0/      1     0%
Info: 	      ICESTORM_LFOSC:       0/      1     0%
Info: 	              SB_I2C:       0/      2     0%
Info: 	              SB_SPI:       0/      2     0%
Info: 	              IO_I3C:       0/      2     0%
Info: 	         SB_LEDDA_IP:       0/      1     0%
Info: 	         SB_RGBA_DRV:       0/      1     0%
Info: 	      ICESTORM_SPRAM:       4/      4   100%

Info: Placed 24 cells based on constraints.
Info: Creating initial analytic placement for 4030 cells, random placement wirelen = 118216.
Info:     at initial placer iter 0, wirelen = 2027
Info:     at initial placer iter 1, wirelen = 2017
Info:     at initial placer iter 2, wirelen = 2033
Info:     at initial placer iter 3, wirelen = 2019
Info: Running main analytical placer, max placement attempts per cell = 2922153.
Info:     at iteration #1, type ALL: wirelen solved = 2031, spread = 49530, legal = 52393; time = 0.46s
Info:     at iteration #2, type ALL: wirelen solved = 2659, spread = 39853, legal = 51023; time = 1.74s
Info:     at iteration #3, type ALL: wirelen solved = 3383, spread = 37662, legal = 49483; time = 1.16s
Info:     at iteration #4, type ALL: wirelen solved = 5070, spread = 35251, legal = 43736; time = 0.64s
Info:     at iteration #5, type ALL: wirelen solved = 6372, spread = 34370, legal = 38870; time = 0.20s
Info:     at iteration #6, type ALL: wirelen solved = 7259, spread = 31932, legal = 35759; time = 0.18s
Info:     at iteration #7, type ALL: wirelen solved = 8220, spread = 30172, legal = 34331; time = 0.20s
Info:     at iteration #8, type ALL: wirelen solved = 9648, spread = 29794, legal = 33675; time = 0.17s
Info:     at iteration #9, type ALL: wirelen solved = 10252, spread = 27665, legal = 36696; time = 0.44s
Info:     at iteration #10, type ALL: wirelen solved = 10721, spread = 27363, legal = 37190; time = 0.41s
Info:     at iteration #11, type ALL: wirelen solved = 11387, spread = 28191, legal = 36556; time = 0.41s
Info:     at iteration #12, type ALL: wirelen solved = 12036, spread = 26589, legal = 30741; time = 0.18s
Info:     at iteration #13, type ALL: wirelen solved = 12852, spread = 25989, legal = 36536; time = 0.42s
Info:     at iteration #14, type ALL: wirelen solved = 12988, spread = 27151, legal = 32098; time = 0.13s
Info:     at iteration #15, type ALL: wirelen solved = 13495, spread = 26830, legal = 35048; time = 0.36s
Info:     at iteration #16, type ALL: wirelen solved = 13898, spread = 26409, legal = 30978; time = 0.13s
Info:     at iteration #17, type ALL: wirelen solved = 14262, spread = 25946, legal = 30410; time = 0.16s
Info:     at iteration #18, type ALL: wirelen solved = 14562, spread = 25796, legal = 30123; time = 0.15s
Info:     at iteration #19, type ALL: wirelen solved = 14894, spread = 25647, legal = 30481; time = 0.17s
Info:     at iteration #20, type ALL: wirelen solved = 15260, spread = 25726, legal = 35521; time = 0.48s
Info:     at iteration #21, type ALL: wirelen solved = 15398, spread = 26135, legal = 30683; time = 0.18s
Info:     at iteration #22, type ALL: wirelen solved = 15682, spread = 25972, legal = 30444; time = 0.15s
Info:     at iteration #23, type ALL: wirelen solved = 16007, spread = 25824, legal = 34652; time = 0.44s
Info: HeAP Placer Time: 10.94s
Info:   of which solving equations: 3.80s
Info:   of which spreading cells: 0.55s
Info:   of which strict legalisation: 5.30s

Info: Running simulated annealing placer for refinement.
Info:   at iteration #1: temp = 0.000000, timing cost = 3407, wirelen = 30123
Info:   at iteration #5: temp = 0.000000, timing cost = 2377, wirelen = 24537
Info:   at iteration #10: temp = 0.000000, timing cost = 2346, wirelen = 23421
Info:   at iteration #15: temp = 0.000000, timing cost = 2334, wirelen = 22824
Info:   at iteration #20: temp = 0.000000, timing cost = 2303, wirelen = 22380
Info:   at iteration #25: temp = 0.000000, timing cost = 2293, wirelen = 22276
Info:   at iteration #30: temp = 0.000000, timing cost = 2300, wirelen = 22200
Info:   at iteration #33: temp = 0.000000, timing cost = 2289, wirelen = 22175 
Info: SA placement time 10.55s

Info: Max frequency for clock 'clk_12mhz$SB_IO_IN_$glb_clk': 17.36 MHz (PASS at 12.00 MHz)

Info: Max delay <async>                             -> posedge clk_12mhz$SB_IO_IN_$glb_clk: 26.73 ns
Info: Max delay posedge clk_12mhz$SB_IO_IN_$glb_clk -> <async>                            : 19.53 ns
Info: Max delay negedge clk_12mhz$SB_IO_IN_$glb_clk -> <async>                            : 10.53 ns

Info: Slack histogram:
Info:  legend: * represents 13 endpoint(s)
Info:          + represents [1,13) endpoint(s)
Info: [ 25721,  28473) |**+
Info: [ 28473,  31225) |******+
Info: [ 31225,  33977) |*******+
Info: [ 33977,  36729) |*****+
Info: [ 36729,  39481) |******+
Info: [ 39481,  42233) |******************************+
Info: [ 42233,  44985) |*********************+
Info: [ 44985,  47737) |********+
Info: [ 47737,  50489) |****+
Info: [ 50489,  53241) |*****+
Info: [ 53241,  55993) |***+
Info: [ 55993,  58745) |**********+
Info: [ 58745,  61497) |**************+
Info: [ 61497,  64249) |***************************+
Info: [ 64249,  67001) |****************************+
Info: [ 67001,  69753) |********************************+
Info: [ 69753,  72505) |*************************************************+
Info: [ 72505,  75257) |************************************************+
Info: [ 75257,  78009) |******************************************+
Info: [ 78009,  80761) |************************************************************ 
Info: Checksum: 0xa4ae4ac9

Info: Routing..
Info: Setting up routing queue.
Info: Routing 15410 arcs.
Info:            |   (re-)routed arcs  |   delta    | remaining|       time spent     |
Info:    IterCnt |  w/ripup   wo/ripup |  w/r  wo/r |      arcs| batch(sec) total(sec)|
Info:       1000 |       67        932 |   67   932 |     14521|       1.71       1.71|
Info:       2000 |      230       1769 |  163   837 |     13854|       0.56       2.28|
Info:       3000 |      359       2640 |  129   871 |     13073|       0.58       2.85|
Info:       4000 |      515       3466 |  156   826 |     12304|       0.37       3.22|
Info:       5000 |      699       4282 |  184   816 |     11544|       0.31       3.54|
Info:       6000 |      993       4988 |  294   706 |     10905|       0.25       3.79|
Info:       7000 |     1248       5720 |  255   732 |     10295|       0.29       4.07|
Info:       8000 |     1578       6354 |  330   634 |      9836|       0.38       4.45|
Info:       9000 |     1864       7051 |  286   697 |      9344|       0.45       4.90|
Info:      10000 |     2188       7725 |  324   674 |      9079|       0.81       5.71|
Info:      11000 |     2518       8392 |  330   667 |      8721|       0.83       6.54|
Info:      12000 |     2890       9020 |  372   628 |      8380|       0.63       7.17|
Info:      13000 |     3206       9704 |  316   684 |      8047|       0.57       7.75|
Info:      14000 |     3553      10278 |  347   574 |      7701|       0.75       8.50|
Info:      15000 |     3940      10841 |  387   563 |      7415|       1.09       9.59|
Info:      16000 |     4292      11485 |  352   644 |      7176|       0.71      10.29|
Info:      17000 |     4732      12018 |  440   533 |      6935|       0.69      10.98|
Info:      18000 |     5193      12556 |  461   538 |      6823|       0.73      11.71|
Info:      19000 |     5582      13106 |  389   550 |      6552|       0.55      12.26|
Info:      20000 |     6057      13625 |  475   519 |      6317|       0.68      12.94|
Info:      21000 |     6495      14186 |  438   561 |      6090|       0.64      13.58|
Info:      22000 |     6980      14701 |  485   515 |      5950|       0.72      14.30|
Info:      23000 |     7473      15208 |  493   507 |      5809|       0.76      15.05|
Info:      24000 |     7868      15761 |  395   553 |      5471|       0.58      15.63|
Info:      25000 |     8314      16300 |  446   539 |      5229|       0.62      16.25|
Info:      26000 |     8824      16790 |  510   490 |      5093|       0.90      17.15|
Info:      27000 |     9347      17267 |  523   477 |      4975|       0.83      17.98|
Info:      28000 |     9769      17811 |  422   544 |      4690|       0.65      18.63|
Info:      29000 |    10283      18253 |  514   442 |      4529|       0.69      19.32|
Info:      30000 |    10756      18755 |  473   502 |      4301|       0.62      19.93|
Info:      31000 |    11241      19243 |  485   488 |      4124|       0.67      20.61|
Info:      32000 |    11778      19706 |  537   463 |      4005|       1.16      21.76|
Info:      33000 |    12283      20200 |  505   494 |      3863|       0.80      22.57|
Info:      34000 |    12759      20723 |  476   523 |      3636|       0.64      23.21|
Info:      35000 |    13228      21254 |  469   531 |      3585|       0.89      24.10|
Info:      36000 |    13726      21756 |  498   502 |      3448|       0.77      24.87|
Info:      37000 |    14223      22232 |  497   476 |      3300|       0.64      25.51|
Info:      38000 |    14741      22686 |  518   454 |      3188|       0.74      26.25|
Info:      39000 |    15202      23197 |  461   511 |      2983|       0.95      27.20|
Info:      40000 |    15684      23661 |  482   464 |      2803|       1.07      28.27|
Info:      41000 |    16171      24174 |  487   513 |      2658|       1.09      29.36|
Info:      42000 |    16647      24698 |  476   524 |      2492|       1.28      30.64|
Info:      43000 |    17130      25213 |  483   515 |      2241|       1.22      31.86|
Info:      44000 |    17611      25728 |  481   515 |      2093|       1.19      33.05|
Info:      45000 |    18048      26291 |  437   563 |      1973|       0.90      33.95|
Info:      46000 |    18542      26797 |  494   506 |      1824|       1.05      35.00|
Info:      47000 |    19117      27222 |  575   425 |      1742|       1.42      36.42|
Info:      48000 |    19705      27634 |  588   412 |      1703|       1.38      37.80|
Info:      49000 |    20202      28137 |  497   503 |      1669|       1.16      38.95|
Info:      50000 |    20711      28628 |  509   491 |      1485|       0.95      39.90|
Info:      51000 |    21203      29135 |  492   507 |      1237|       0.67      40.57|
Info:      52000 |    21715      29616 |  512   481 |      1139|       0.87      41.45|
Info:      53000 |    22208      30119 |  493   503 |       816|       0.55      42.00|
Info:      54000 |    22672      30655 |  464   536 |       625|       0.79      42.79|
Info:      55000 |    23142      31185 |  470   530 |       502|       0.92      43.71|
Info:      56000 |    23517      31809 |  375   624 |       124|       0.86      44.57|
Info:      57000 |    24128      32198 |  611   389 |        56|       1.12      45.69|
Info:      57208 |    24226      32309 |   98   111 |         0|       0.38      46.07|
Info: Routing complete.
Info: Router1 time 46.07s
Info: Checksum: 0xb044b087

Info: Critical path report for clock 'clk_12mhz$SB_IO_IN_$glb_clk' (posedge -> posedge):
Info:       type curr  total name
Info:   clk-to-q  1.39  1.39 Source soc.cpu.mem_addr_SB_DFFE_Q_28_D_SB_LUT4_O_LC.O
Info:    routing  2.95  4.34 Net flash_io1_di_SB_LUT4_I1_O_SB_LUT4_O_I3[1] (14,20) -> (17,19)
Info:                          Sink soc.spimem_cache.cache_tag[7]_SB_DFFE_Q_31_D_SB_LUT4_O_LC.I1
Info:                          Defined in:
Info:                               picosoc.v:1009.17-1009.30
Info:      logic  1.23  5.57 Source soc.spimem_cache.cache_tag[7]_SB_DFFE_Q_31_D_SB_LUT4_O_LC.O
Info:    routing  4.79  10.36 Net soc.spimem_cache.cache_tag[7]_SB_DFFE_Q_31_D[1] (17,19) -> (23,10)
Info:                          Sink soc.spimemio.rd_addr_SB_DFFE_Q_21_D_SB_LUT4_O_I3_SB_LUT4_O_LC.I1
Info:                          Defined in:
Info:                               picosoc.v:1035.35-1035.77
Info:                               /mnt/c/Users/cheis/Documents/home/oss-cad-suite/lib/../share/yosys/ice40/arith_map.v:62.5-70.4
Info:                               /mnt/c/Users/cheis/Documents/home/oss-cad-suite/lib/../share/yosys/ice40/cells_map.v:6.21-6.22
Info:      logic  0.68  11.04 Source soc.spimemio.rd_addr_SB_DFFE_Q_21_D_SB_LUT4_O_I3_SB_LUT4_O_LC.COUT
Info:    routing  0.00  11.04 Net soc.spimem_cache.cache_tag[7]_SB_DFFE_Q_30_D[3] (23,10) -> (23,10)
Info:                          Sink soc.spimemio.rd_addr_SB_DFFE_Q_20_D_SB_LUT4_O_I3_SB_LUT4_O_LC.CIN
Info:                          Defined in:
Info:                               picosoc.v:1035.35-1035.77
Info:                               /mnt/c/Users/cheis/Documents/home/oss-cad-suite/lib/../share/yosys/ice40/arith_map.v:62.5-70.4
Info:                               /mnt/c/Users/cheis/Documents/home/oss-cad-suite/lib/../share/yosys/ice40/abc9_model.v:4.9-4.11
Info:      logic  0.28  11.32 Source soc.spimemio.rd_addr_SB_DFFE_Q_20_D_SB_LUT4_O_I3_SB_LUT4_O_LC.COUT
Info:    routing  0.00  11.32 Net soc.spimem_cache.cache_tag[7]_SB_DFFE_Q_29_D[3] (23,10) -> (23,10)
Info:                          Sink soc.spimemio.rd_addr_SB_DFFE_Q_20_D_SB_LUT4_O_I3_SB_LUT4_O_I3_SB_CARRY_CI_CO_SB_LUT4_I3_LC.CIN
Info:                          Defined in:
Info:                               picosoc.v:1035.35-1035.77
Info:                               /mnt/c/Users/cheis/Documents/home/oss-cad-suite/lib/../share/yosys/ice40/arith_map.v:62.5-70.4
Info:                               /mnt/c/Users/cheis/Documents/home/oss-cad-suite/lib/../share/yosys/ice40/abc9_model.v:4.9-4.11
Info:      logic  0.28  11.60 Source soc.spimemio.rd_addr_SB_DFFE_Q_20_D_SB_LUT4_O_I3_SB_LUT4_O_I3_SB_CARRY_CI_CO_SB_LUT4_I3_LC.COUT
Info:    routing  0.00  11.60 Net soc.spimem_cache.cache_tag[7]_SB_DFFE_Q_28_D[3] (23,10) -> (23,10)
Info:                          Sink soc.spimemio.rd_addr_SB_DFFE_Q_20_D_SB_LUT4_O_I3_SB_LUT4_O_I3_SB_CARRY_CI_CO_SB_CARRY_CI_CO_SB_LUT4_I3_LC.CIN
Info:                          Defined in:
Info:                               picosoc.v:1035.35-1035.77
Info:                               /mnt/c/Users/cheis/Documents/home/oss-cad-suite/lib/../share/yosys/ice40/arith_map.v:62.5-70.4
Info:                               /mnt/c/Users/cheis/Documents/home/oss-cad-suite/lib/../share/yosys/ice40/abc9_model.v:4.9-4.11
Info:      logic  0.28  11.87 Source soc.spimemio.rd_addr_SB_DFFE_Q_20_D_SB_LUT4_O_I3_SB_LUT4_O_I3_SB_CARRY_CI_CO_SB_CARRY_CI_CO_SB_LUT4_I3_LC.COUT
Info:    routing  0.00  11.87 Net soc.spimem_cache.cache_tag[7]_SB_DFFE_Q_27_D[3] (23,10) -> (23,10)
Info:                          Sink soc.spimemio.rd_addr_SB_DFFE_Q_21_D_SB_LUT4_O_I3_SB_LUT4_I3_O_SB_LUT4_O_I3_SB_CARRY_CO_CI_SB_CARRY_CO_CI_SB_CARRY_CO_CI_SB_CARRY_CO_CI_SB_CARRY_CO_CI_SB_CARRY_CO_CI_SB_LUT4_I3_O_SB_LUT4_O_I3_SB_CARRY_CO_CI_SB_CARRY_CO_CI_SB_LUT4_I3_O_SB_LUT4_O_I3_SB_CARRY_CO_CI_SB_CARRY_CO_CI_SB_LUT4_I3_O_SB_LUT4_O_I3_SB_CARRY_CO_CI_SB_LUT4_I3_LC.CIN
Info:                          Defined in:
Info:                               picosoc.v:1035.35-1035.77
Info:                               /mnt/c/Users/cheis/Documents/home/oss-cad-suite/lib/../share/yosys/ice40/arith_map.v:62.5-70.4
Info:                               /mnt/c/Users/cheis/Documents/home/oss-cad-suite/lib/../share/yosys/ice40/abc9_model.v:4.9-4.11
Info:      logic  0.28  12.15 Source soc.spimemio.rd_addr_SB_DFFE_Q_21_D_SB_LUT4_O_I3_SB_LUT4_I3_O_SB_LUT4_O_I3_SB_CARRY_CO_CI_SB_CARRY_CO_CI_SB_CARRY_CO_CI_SB_CARRY_CO_CI_SB_CARRY_CO_CI_SB_CARRY_CO_CI_SB_LUT4_I3_O_SB_LUT4_O_I3_SB_CARRY_CO_CI_SB_CARRY_CO_CI_SB_LUT4_I3_O_SB_LUT4_O_I3_SB_CARRY_CO_CI_SB_CARRY_CO_CI_SB_LUT4_I3_O_SB_LUT4_O_I3_SB_CARRY_CO_CI_SB_LUT4_I3_LC.COUT
Info:    routing  0.00  12.15 Net soc.spimem_cache.cache_tag[7]_SB_DFFE_Q_26_D[3] (23,10) -> (23,10)
Info:                          Sink soc.spimemio.rd_addr_SB_DFFE_Q_21_D_SB_LUT4_O_I3_SB_LUT4_I3_O_SB_LUT4_O_I3_SB_CARRY_CO_CI_SB_CARRY_CO_CI_SB_CARRY_CO_CI_SB_CARRY_CO_CI_SB_CARRY_CO_CI_SB_CARRY_CO_CI_SB_LUT4_I3_O_SB_LUT4_O_I3_SB_CARRY_CO_CI_SB_CARRY_CO_CI_SB_LUT4_I3_O_SB_LUT4_O_I3_SB_CARRY_CO_CI_SB_CARRY_CO_CI_SB_LUT4_I3_O_SB_LUT4_O_LC.CIN
Info:                          Defined in:
Info:                               picosoc.v:1035.35-1035.77
Info:                               /mnt/c/Users/cheis/Documents/home/oss-cad-suite/lib/../share/yosys/ice40/arith_map.v:62.5-70.4
Info:                               /mnt/c/Users/cheis/Documents/home/oss-cad-suite/lib/../share/yosys/ice40/abc9_model.v:4.9-4.11
Info:      logic  0.28  12.43 Source soc.spimemio.rd_addr_SB_DFFE_Q_21_D_SB_LUT4_O_I3_SB_LUT4_I3_O_SB_LUT4_O_I3_SB_CARRY_CO_CI_SB_CARRY_CO_CI_SB_CARRY_CO_CI_SB_CARRY_CO_CI_SB_CARRY_CO_CI_SB_CARRY_CO_CI_SB_LUT4_I3_O_SB_LUT4_O_I3_SB_CARRY_CO_CI_SB_CARRY_CO_CI_SB_LUT4_I3_O_SB_LUT4_O_I3_SB_CARRY_CO_CI_SB_CARRY_CO_CI_SB_LUT4_I3_O_SB_LUT4_O_LC.COUT
Info:    routing  0.00  12.43 Net soc.spimem_cache.cache_tag[7]_SB_DFFE_Q_25_D[3] (23,10) -> (23,10)
Info:                          Sink soc.spimemio.rd_addr_SB_DFFE_Q_21_D_SB_LUT4_O_I3_SB_LUT4_I3_O_SB_LUT4_O_I3_SB_CARRY_CO_CI_SB_CARRY_CO_CI_SB_CARRY_CO_CI_SB_CARRY_CO_CI_SB_CARRY_CO_CI_SB_CARRY_CO_CI_SB_LUT4_I3_O_SB_LUT4_O_I3_SB_CARRY_CO_CI_SB_CARRY_CO_CI_SB_LUT4_I3_O_SB_LUT4_O_I3_SB_CARRY_CO_CI_SB_CARRY_CO_CI_SB_CARRY_CO_CI_SB_LUT4_I3_LC.CIN
Info:                          Defined in:
Info:                               picosoc.v:1035.35-1035.77
Info:                               /mnt/c/Users/cheis/Documents/home/oss-cad-suite/lib/../share/yosys/ice40/arith_map.v:62.5-70.4
Info:                               /mnt/c/Users/cheis/Documents/home/oss-cad-suite/lib/../share/yosys/ice40/abc9_model.v:4.9-4.11
Info:      logic  0.28  12.71 Source soc.spimemio.rd_addr_SB_DFFE_Q_21_D_SB_LUT4_O_I3_SB_LUT4_I3_O_SB_LUT4_O_I3_SB_CARRY_CO_CI_SB_CARRY_CO_CI_SB_CARRY_CO_CI_SB_CARRY_CO_CI_SB_CARRY_CO_CI_SB_CARRY_CO_CI_SB_LUT4_I3_O_SB_LUT4_O_I3_SB_CARRY_CO_CI_SB_CARRY_CO_CI_SB_LUT4_I3_O_SB_LUT4_O_I3_SB_CARRY_CO_CI_SB_CARRY_CO_CI_SB_CARRY_CO_CI_SB_LUT4_I3_LC.COUT
Info:    routing  0.00  12.71 Net soc.spimem_cache.cache_tag[7]_SB_DFFE_Q_24_D[3] (23,10) -> (23,10)
Info:                          Sink soc.spimemio.rd_addr_SB_DFFE_Q_21_D_SB_LUT4_O_I3_SB_LUT4_I3_O_SB_LUT4_O_I3_SB_CARRY_CO_CI_SB_CARRY_CO_CI_SB_CARRY_CO_CI_SB_CARRY_CO_CI_SB_CARRY_CO_CI_SB_CARRY_CO_CI_SB_LUT4_I3_O_SB_LUT4_O_I3_SB_CARRY_CO_CI_SB_CARRY_CO_CI_SB_LUT4_I3_O_SB_LUT4_O_I3_SB_CARRY_CO_CI_SB_CARRY_CO_CI_SB_LUT4_I3_LC.CIN
Info:                          Defined in:
Info:                               picosoc.v:1035.35-1035.77
Info:                               /mnt/c/Users/cheis/Documents/home/oss-cad-suite/lib/../share/yosys/ice40/arith_map.v:62.5-70.4
Info:                               /mnt/c/Users/cheis/Documents/home/oss-cad-suite/lib/../share/yosys/ice40/abc9_model.v:4.9-4.11
Info:      logic  0.28  12.98 Source soc.spimemio.rd_addr_SB_DFFE_Q_21_D_SB_LUT4_O_I3_SB_LUT4_I3_O_SB_LUT4_O_I3_SB_CARRY_CO_CI_SB_CARRY_CO_CI_SB_CARRY_CO_CI_SB_CARRY_CO_CI_SB_CARRY_CO_CI_SB_CARRY_CO_CI_SB_LUT4_I3_O_SB_LUT4_O_I3_SB_CARRY_CO_CI_SB_CARRY_CO_CI_SB_LUT4_I3_O_SB_LUT4_O_I3_SB_CARRY_CO_CI_SB_CARRY_CO_CI_SB_LUT4_I3_LC.COUT
Info:    routing  0.56  13.54 Net soc.spimem_cache.cache_tag[7]_SB_DFFE_Q_23_D[3] (23,10) -> (23,11)
Info:                          Sink soc.spimemio.rd_addr_SB_DFFE_Q_21_D_SB_LUT4_O_I3_SB_LUT4_I3_O_SB_LUT4_O_I3_SB_CARRY_CO_CI_SB_CARRY_CO_CI_SB_CARRY_CO_CI_SB_CARRY_CO_CI_SB_CARRY_CO_CI_SB_CARRY_CO_CI_SB_LUT4_I3_O_SB_LUT4_O_I3_SB_CARRY_CO_CI_SB_CARRY_CO_CI_SB_LUT4_I3_O_SB_LUT4_O_I3_SB_CARRY_CO_CI_SB_LUT4_I3_LC.CIN
Info:                          Defined in:
Info:                               picosoc.v:1035.35-1035.77
Info:                               /mnt/c/Users/cheis/Documents/home/oss-cad-suite/lib/../share/yosys/ice40/arith_map.v:62.5-70.4
Info:                               /mnt/c/Users/cheis/Documents/home/oss-cad-suite/lib/../share/yosys/ice40/abc9_model.v:4.9-4.11
Info:      logic  0.28  13.82 Source soc.spimemio.rd_addr_SB_DFFE_Q_21_D_SB_LUT4_O_I3_SB_LUT4_I3_O_SB_LUT4_O_I3_SB_CARRY_CO_CI_SB_CARRY_CO_CI_SB_CARRY_CO_CI_SB_CARRY_CO_CI_SB_CARRY_CO_CI_SB_CARRY_CO_CI_SB_LUT4_I3_O_SB_LUT4_O_I3_SB_CARRY_CO_CI_SB_CARRY_CO_CI_SB_LUT4_I3_O_SB_LUT4_O_I3_SB_CARRY_CO_CI_SB_LUT4_I3_LC.COUT
Info:    routing  0.00  13.82 Net soc.spimem_cache.cache_tag[7]_SB_DFFE_Q_22_D[3] (23,11) -> (23,11)
Info:                          Sink soc.spimemio.rd_addr_SB_DFFE_Q_21_D_SB_LUT4_O_I3_SB_LUT4_I3_O_SB_LUT4_O_I3_SB_CARRY_CO_CI_SB_CARRY_CO_CI_SB_CARRY_CO_CI_SB_CARRY_CO_CI_SB_CARRY_CO_CI_SB_CARRY_CO_CI_SB_LUT4_I3_O_SB_LUT4_O_I3_SB_CARRY_CO_CI_SB_CARRY_CO_CI_SB_LUT4_I3_O_SB_LUT4_O_LC.CIN
Info:                          Defined in:
Info:                               picosoc.v:1035.35-1035.77
Info:                               /mnt/c/Users/cheis/Documents/home/oss-cad-suite/lib/../share/yosys/ice40/arith_map.v:62.5-70.4
Info:                               /mnt/c/Users/cheis/Documents/home/oss-cad-suite/lib/../share/yosys/ice40/abc9_model.v:4.9-4.11
Info:      logic  0.28  14.10 Source soc.spimemio.rd_addr_SB_DFFE_Q_21_D_SB_LUT4_O_I3_SB_LUT4_I3_O_SB_LUT4_O_I3_SB_CARRY_CO_CI_SB_CARRY_CO_CI_SB_CARRY_CO_CI_SB_CARRY_CO_CI_SB_CARRY_CO_CI_SB_CARRY_CO_CI_SB_LUT4_I3_O_SB_LUT4_O_I3_SB_CARRY_CO_CI_SB_CARRY_CO_CI_SB_LUT4_I3_O_SB_LUT4_O_LC.COUT
Info:    routing  0.00  14.10 Net soc.spimem_cache.cache_tag[7]_SB_DFFE_Q_21_D[3] (23,11) -> (23,11)
Info:                          Sink soc.spimemio.rd_addr_SB_DFFE_Q_21_D_SB_LUT4_O_I3_SB_LUT4_I3_O_SB_LUT4_O_I3_SB_CARRY_CO_CI_SB_CARRY_CO_CI_SB_CARRY_CO_CI_SB_CARRY_CO_CI_SB_CARRY_CO_CI_SB_CARRY_CO_CI_SB_LUT4_I3_O_SB_LUT4_O_I3_SB_CARRY_CO_CI_SB_CARRY_CO_CI_SB_CARRY_CO_CI_SB_LUT4_I3_LC.CIN
Info:                          Defined in:
Info:                               picosoc.v:1035.35-1035.77
Info:                               /mnt/c/Users/cheis/Documents/home/oss-cad-suite/lib/../share/yosys/ice40/arith_map.v:62.5-70.4
Info:                               /mnt/c/Users/cheis/Documents/home/oss-cad-suite/lib/../share/yosys/ice40/abc9_model.v:4.9-4.11
Info:      logic  0.28  14.38 Source soc.spimemio.rd_addr_SB_DFFE_Q_21_D_SB_LUT4_O_I3_SB_LUT4_I3_O_SB_LUT4_O_I3_SB_CARRY_CO_CI_SB_CARRY_CO_CI_SB_CARRY_CO_CI_SB_CARRY_CO_CI_SB_CARRY_CO_CI_SB_CARRY_CO_CI_SB_LUT4_I3_O_SB_LUT4_O_I3_SB_CARRY_CO_CI_SB_CARRY_CO_CI_SB_CARRY_CO_CI_SB_LUT4_I3_LC.COUT
Info:    routing  0.00  14.38 Net soc.spimem_cache.cache_tag[7]_SB_DFFE_Q_20_D[3] (23,11) -> (23,11)
Info:                          Sink soc.spimemio.rd_addr_SB_DFFE_Q_21_D_SB_LUT4_O_I3_SB_LUT4_I3_O_SB_LUT4_O_I3_SB_CARRY_CO_CI_SB_CARRY_CO_CI_SB_CARRY_CO_CI_SB_CARRY_CO_CI_SB_CARRY_CO_CI_SB_CARRY_CO_CI_SB_LUT4_I3_O_SB_LUT4_O_I3_SB_CARRY_CO_CI_SB_CARRY_CO_CI_SB_LUT4_I3_LC.CIN
Info:                          Defined in:
Info:                               picosoc.v:1035.35-1035.77
Info:                               /mnt/c/Users/cheis/Documents/home/oss-cad-suite/lib/../share/yosys/ice40/arith_map.v:62.5-70.4
Info:                               /mnt/c/Users/cheis/Documents/home/oss-cad-suite/lib/../share/yosys/ice40/abc9_model.v:4.9-4.11
Info:      logic  0.28  14.65 Source soc.spimemio.rd_addr_SB_DFFE_Q_21_D_SB_LUT4_O_I3_SB_LUT4_I3_O_SB_LUT4_O_I3_SB_CARRY_CO_CI_SB_CARRY_CO_CI_SB_CARRY_CO_CI_SB_CARRY_CO_CI_SB_CARRY_CO_CI_SB_CARRY_CO_CI_SB_LUT4_I3_O_SB_LUT4_O_I3_SB_CARRY_CO_CI_SB_CARRY_CO_CI_SB_LUT4_I3_LC.COUT
Info:    routing  0.00  14.65 Net soc.spimem_cache.cache_tag[7]_SB_DFFE_Q_19_D[3] (23,11) -> (23,11)
Info:                          Sink soc.spimemio.rd_addr_SB_DFFE_Q_21_D_SB_LUT4_O_I3_SB_LUT4_I3_O_SB_LUT4_O_I3_SB_CARRY_CO_CI_SB_CARRY_CO_CI_SB_CARRY_CO_CI_SB_CARRY_CO_CI_SB_CARRY_CO_CI_SB_CARRY_CO_CI_SB_LUT4_I3_O_SB_LUT4_O_I3_SB_CARRY_CO_CI_SB_LUT4_I3_LC.CIN
Info:                          Defined in:
Info:                               picosoc.v:1035.35-1035.77
Info:                               /mnt/c/Users/cheis/Documents/home/oss-cad-suite/lib/../share/yosys/ice40/arith_map.v:62.5-70.4
Info:                               /mnt/c/Users/cheis/Documents/home/oss-cad-suite/lib/../share/yosys/ice40/abc9_model.v:4.9-4.11
Info:      logic  0.28  14.93 Source soc.spimemio.rd_addr_SB_DFFE_Q_21_D_SB_LUT4_O_I3_SB_LUT4_I3_O_SB_LUT4_O_I3_SB_CARRY_CO_CI_SB_CARRY_CO_CI_SB_CARRY_CO_CI_SB_CARRY_CO_CI_SB_CARRY_CO_CI_SB_CARRY_CO_CI_SB_LUT4_I3_O_SB_LUT4_O_I3_SB_CARRY_CO_CI_SB_LUT4_I3_LC.COUT
Info:    routing  0.00  14.93 Net soc.spimem_cache.cache_tag[7]_SB_DFFE_Q_18_D[3] (23,11) -> (23,11)
Info:                          Sink soc.spimemio.rd_addr_SB_DFFE_Q_21_D_SB_LUT4_O_I3_SB_LUT4_I3_O_SB_LUT4_O_I3_SB_CARRY_CO_CI_SB_CARRY_CO_CI_SB_CARRY_CO_CI_SB_CARRY_CO_CI_SB_CARRY_CO_CI_SB_CARRY_CO_CI_SB_LUT4_I3_O_SB_LUT4_O_LC.CIN
Info:                          Defined in:
Info:                               picosoc.v:1035.35-1035.77
Info:                               /mnt/c/Users/cheis/Documents/home/oss-cad-suite/lib/../share/yosys/ice40/arith_map.v:62.5-70.4
Info:                               /mnt/c/Users/cheis/Documents/home/oss-cad-suite/lib/../share/yosys/ice40/abc9_model.v:4.9-4.11
Info:      logic  0.28  15.21 Source soc.spimemio.rd_addr_SB_DFFE_Q_21_D_SB_LUT4_O_I3_SB_LUT4_I3_O_SB_LUT4_O_I3_SB_CARRY_CO_CI_SB_CARRY_CO_CI_SB_CARRY_CO_CI_SB_CARRY_CO_CI_SB_CARRY_CO_CI_SB_CARRY_CO_CI_SB_LUT4_I3_O_SB_LUT4_O_LC.COUT
Info:    routing  0.00  15.21 Net soc.spimem_cache.cache_tag[7]_SB_DFFE_Q_17_D[3] (23,11) -> (23,11)
Info:                          Sink soc.spimemio.rd_addr_SB_DFFE_Q_21_D_SB_LUT4_O_I3_SB_LUT4_I3_O_SB_LUT4_O_I3_SB_CARRY_CO_CI_SB_CARRY_CO_CI_SB_CARRY_CO_CI_SB_CARRY_CO_CI_SB_CARRY_CO_CI_SB_LUT4_I3_O_SB_LUT4_O_LC.CIN
Info:                          Defined in:
Info:                               picosoc.v:1035.35-1035.77
Info:                               /mnt/c/Users/cheis/Documents/home/oss-cad-suite/lib/../share/yosys/ice40/arith_map.v:62.5-70.4
Info:                               /mnt/c/Users/cheis/Documents/home/oss-cad-suite/lib/../share/yosys/ice40/abc9_model.v:4.9-4.11
Info:      logic  0.28  15.49 Source soc.spimemio.rd_addr_SB_DFFE_Q_21_D_SB_LUT4_O_I3_SB_LUT4_I3_O_SB_LUT4_O_I3_SB_CARRY_CO_CI_SB_CARRY_CO_CI_SB_CARRY_CO_CI_SB_CARRY_CO_CI_SB_CARRY_CO_CI_SB_LUT4_I3_O_SB_LUT4_O_LC.COUT
Info:    routing  0.00  15.49 Net soc.spimem_cache.cache_tag[7]_SB_DFFE_Q_16_D[3] (23,11) -> (23,11)
Info:                          Sink soc.spimemio.rd_addr_SB_DFFE_Q_21_D_SB_LUT4_O_I3_SB_LUT4_I3_O_SB_LUT4_O_I3_SB_CARRY_CO_CI_SB_CARRY_CO_CI_SB_CARRY_CO_CI_SB_CARRY_CO_CI_SB_CARRY_CO_CI_SB_CARRY_CO_CI_SB_LUT4_I3_LC.CIN
Info:                          Defined in:
Info:                               picosoc.v:1035.35-1035.77
Info:                               /mnt/c/Users/cheis/Documents/home/oss-cad-suite/lib/../share/yosys/ice40/arith_map.v:62.5-70.4
Info:                               /mnt/c/Users/cheis/Documents/home/oss-cad-suite/lib/../share/yosys/ice40/abc9_model.v:4.9-4.11
Info:      logic  0.28  15.77 Source soc.spimemio.rd_addr_SB_DFFE_Q_21_D_SB_LUT4_O_I3_SB_LUT4_I3_O_SB_LUT4_O_I3_SB_CARRY_CO_CI_SB_CARRY_CO_CI_SB_CARRY_CO_CI_SB_CARRY_CO_CI_SB_CARRY_CO_CI_SB_CARRY_CO_CI_SB_LUT4_I3_LC.COUT
Info:    routing  1.22  16.98 Net soc.spimem_cache.cache_tag[7]_SB_DFFE_Q_15_D[3] (23,11) -> (23,12)
Info:                          Sink soc.spimemio.rd_addr_SB_DFFE_Q_21_D_SB_LUT4_O_I3_SB_LUT4_I3_O_SB_LUT4_O_I3_SB_CARRY_CO_CI_SB_CARRY_CO_CI_SB_CARRY_CO_CI_SB_CARRY_CO_CI_SB_CARRY_CO_CI_SB_LUT4_I3_LC.I3
Info:                          Defined in:
Info:                               picosoc.v:1035.35-1035.77
Info:                               /mnt/c/Users/cheis/Documents/home/oss-cad-suite/lib/../share/yosys/ice40/arith_map.v:62.5-70.4
Info:                               /mnt/c/Users/cheis/Documents/home/oss-cad-suite/lib/../share/yosys/ice40/abc9_model.v:4.9-4.11
Info:      logic  0.87  17.86 Source soc.spimemio.rd_addr_SB_DFFE_Q_21_D_SB_LUT4_O_I3_SB_LUT4_I3_O_SB_LUT4_O_I3_SB_CARRY_CO_CI_SB_CARRY_CO_CI_SB_CARRY_CO_CI_SB_CARRY_CO_CI_SB_CARRY_CO_CI_SB_LUT4_I3_LC.O
Info:    routing  1.76  19.62 Net soc.spimemio.din_data_SB_DFFESS_Q_4_D_SB_LUT4_O_I3[1] (23,12) -> (24,12)
Info:                          Sink soc.spimemio.rd_valid_SB_LUT4_I2_O_SB_LUT4_O_1_I3_SB_LUT4_O_2_LC.I3
Info:                          Defined in:
Info:                               /mnt/c/Users/cheis/Documents/home/oss-cad-suite/lib/../share/yosys/ice40/cells_map.v:6.21-6.22
Info:      logic  0.87  20.49 Source soc.spimemio.rd_valid_SB_LUT4_I2_O_SB_LUT4_O_1_I3_SB_LUT4_O_2_LC.O
Info:    routing  1.76  22.25 Net soc.spimemio.rd_valid_SB_LUT4_I2_O_SB_LUT4_O_1_I3[2] (24,12) -> (24,12)
Info:                          Sink soc.spimemio.rd_valid_SB_LUT4_I2_O_SB_LUT4_O_1_LC.I3
Info:                          Defined in:
Info:                               /mnt/c/Users/cheis/Documents/home/oss-cad-suite/lib/../share/yosys/ice40/cells_map.v:6.21-6.22
Info:      logic  0.87  23.13 Source soc.spimemio.rd_valid_SB_LUT4_I2_O_SB_LUT4_O_1_LC.O
Info:    routing  1.76  24.89 Net soc.spimemio.rd_valid_SB_LUT4_I2_O[1] (24,12) -> (24,13)
Info:                          Sink soc.spimemio.rd_valid_SB_LUT4_I2_O_SB_LUT4_I3_LC.I2
Info:                          Defined in:
Info:                               /mnt/c/Users/cheis/Documents/home/oss-cad-suite/lib/../share/yosys/ice40/cells_map.v:6.21-6.22
Info:      logic  1.21  26.09 Source soc.spimemio.rd_valid_SB_LUT4_I2_O_SB_LUT4_I3_LC.O
Info:    routing  1.76  27.85 Net soc.spimemio.rd_valid_SB_LUT4_I2_O_SB_LUT4_I3_O[3] (24,13) -> (23,13)
Info:                          Sink soc.spimemio.rd_valid_SB_LUT4_I2_O_SB_LUT4_I3_O_SB_LUT4_I3_LC.I3
Info:                          Defined in:
Info:                               /mnt/c/Users/cheis/Documents/home/oss-cad-suite/lib/../share/yosys/ice40/cells_map.v:6.21-6.22
Info:      logic  0.87  28.73 Source soc.spimemio.rd_valid_SB_LUT4_I2_O_SB_LUT4_I3_O_SB_LUT4_I3_LC.O
Info:    routing  4.79  33.52 Net soc.spimemio.rd_valid_SB_LUT4_I2_O_SB_LUT4_I3_O_SB_LUT4_I3_O[1] (23,13) -> (14,23)
Info:                          Sink soc.spimemio.rd_valid_SB_LUT4_I2_O_SB_LUT4_I3_O_SB_LUT4_I3_O_SB_LUT4_I2_LC.I2
Info:                          Defined in:
Info:                               /mnt/c/Users/cheis/Documents/home/oss-cad-suite/lib/../share/yosys/ice40/cells_map.v:6.21-6.22
Info:      logic  1.21  34.72 Source soc.spimemio.rd_valid_SB_LUT4_I2_O_SB_LUT4_I3_O_SB_LUT4_I3_O_SB_LUT4_I2_LC.O
Info:    routing  3.70  38.43 Net soc.cpu.mem_xfer_SB_LUT4_O_I2[2] (14,23) -> (13,16)
Info:                          Sink soc.cpu.mem_valid_SB_DFFESR_Q_E_SB_LUT4_O_I2_SB_LUT4_I3_I2_SB_LUT4_I3_O_SB_LUT4_I1_LC.I3
Info:                          Defined in:
Info:                               /mnt/c/Users/cheis/Documents/home/oss-cad-suite/lib/../share/yosys/ice40/cells_map.v:6.21-6.22
Info:      logic  0.87  39.30 Source soc.cpu.mem_valid_SB_DFFESR_Q_E_SB_LUT4_O_I2_SB_LUT4_I3_I2_SB_LUT4_I3_O_SB_LUT4_I1_LC.O
Info:    routing  2.41  41.71 Net flash_clk_SB_LUT4_I1_O_SB_LUT4_I3_O_SB_LUT4_I3_O[3] (13,16) -> (13,19)
Info:                          Sink soc.simpleuart.recv_buf_data_SB_LUT4_I0_O_SB_LUT4_I3_O_SB_LUT4_I2_O_SB_LUT4_I3_O_SB_LUT4_O_I1_SB_LUT4_O_I3_SB_LUT4_O_3_LC.I3
Info:                          Defined in:
Info:                               /mnt/c/Users/cheis/Documents/home/oss-cad-suite/lib/../share/yosys/ice40/cells_map.v:6.21-6.22
Info:      logic  0.87  42.59 Source soc.simpleuart.recv_buf_data_SB_LUT4_I0_O_SB_LUT4_I3_O_SB_LUT4_I2_O_SB_LUT4_I3_O_SB_LUT4_O_I1_SB_LUT4_O_I3_SB_LUT4_O_3_LC.O
Info:    routing  1.76  44.35 Net soc.simpleuart.recv_buf_data_SB_LUT4_I0_O_SB_LUT4_I3_O_SB_LUT4_I2_O_SB_LUT4_I3_O_SB_LUT4_O_I1_SB_LUT4_O_I3[3] (13,19) -> (13,20)
Info:                          Sink soc.simpleuart.recv_buf_data_SB_LUT4_I0_O_SB_LUT4_I3_O_SB_LUT4_I2_O_SB_LUT4_I3_O_SB_LUT4_O_I1_SB_LUT4_O_LC.I3
Info:                          Defined in:
Info:                               /mnt/c/Users/cheis/Documents/home/oss-cad-suite/lib/../share/yosys/ice40/cells_map.v:6.21-6.22
Info:      logic  0.87  45.22 Source soc.simpleuart.recv_buf_data_SB_LUT4_I0_O_SB_LUT4_I3_O_SB_LUT4_I2_O_SB_LUT4_I3_O_SB_LUT4_O_I1_SB_LUT4_O_LC.O
Info:    routing  1.76  46.98 Net soc.simpleuart.recv_buf_data_SB_LUT4_I0_O_SB_LUT4_I3_O_SB_LUT4_I2_O_SB_LUT4_I3_O_SB_LUT4_O_I1[0] (13,20) -> (12,19)
Info:                          Sink soc.simpleuart.recv_buf_data_SB_LUT4_I0_O_SB_LUT4_I3_O_SB_LUT4_I2_O_SB_LUT4_I3_O_SB_LUT4_O_LC.I1
Info:                          Defined in:
Info:                               /mnt/c/Users/cheis/Documents/home/oss-cad-suite/lib/../share/yosys/ice40/cells_map.v:6.21-6.22
Info:      logic  1.23  48.21 Source soc.simpleuart.recv_buf_data_SB_LUT4_I0_O_SB_LUT4_I3_O_SB_LUT4_I2_O_SB_LUT4_I3_O_SB_LUT4_O_LC.O
Info:    routing  3.70  51.92 Net soc.simpleuart.recv_buf_data_SB_LUT4_I0_O_SB_LUT4_I3_O_SB_LUT4_I2_O_SB_LUT4_I3_O[3] (12,19) -> (12,11)
Info:                          Sink soc.cpu.reg_out_SB_DFFSR_Q_15_D_SB_LUT4_O_I3_SB_LUT4_O_1_I3_SB_LUT4_O_LC.I3
Info:                          Defined in:
Info:                               /mnt/c/Users/cheis/Documents/home/oss-cad-suite/lib/../share/yosys/ice40/cells_map.v:6.21-6.22
Info:      logic  0.87  52.79 Source soc.cpu.reg_out_SB_DFFSR_Q_15_D_SB_LUT4_O_I3_SB_LUT4_O_1_I3_SB_LUT4_O_LC.O
Info:    routing  2.95  55.74 Net soc.cpu.reg_out_SB_DFFSR_Q_15_D_SB_LUT4_O_I3_SB_LUT4_O_1_I1[2] (12,11) -> (11,15)
Info:                          Sink soc.cpu.reg_out_SB_DFFSR_Q_15_D_SB_LUT4_O_I3_SB_LUT4_O_1_I1_SB_LUT4_O_I2_SB_LUT4_I2_O_SB_LUT4_I1_LC.I2
Info:                          Defined in:
Info:                               /mnt/c/Users/cheis/Documents/home/oss-cad-suite/lib/../share/yosys/ice40/cells_map.v:6.21-6.22
Info:      logic  1.21  56.95 Source soc.cpu.reg_out_SB_DFFSR_Q_15_D_SB_LUT4_O_I3_SB_LUT4_O_1_I1_SB_LUT4_O_I2_SB_LUT4_I2_O_SB_LUT4_I1_LC.O
Info:    routing  4.25  61.20 Net soc.cpu.reg_out_SB_DFFSR_Q_10_D_SB_LUT4_O_I2[3] (11,15) -> (9,6)
Info:                          Sink soc.cpu.reg_out_SB_DFFSR_Q_10_D_SB_LUT4_O_LC.I3
Info:                          Defined in:
Info:                               /mnt/c/Users/cheis/Documents/home/oss-cad-suite/lib/../share/yosys/ice40/cells_map.v:6.21-6.22
Info:      setup  0.82  62.02 Source soc.cpu.reg_out_SB_DFFSR_Q_10_D_SB_LUT4_O_LC.I3
Info: 20.13 ns logic, 41.89 ns routing

Info: Critical path report for cross-domain path '<async>' -> 'posedge clk_12mhz$SB_IO_IN_$glb_clk':
Info:       type curr  total name
Info:     source  0.00  0.00 Source flash_io_buf[2].D_IN_0
Info:    routing  3.70  3.70 Net flash_io2_di (18,0) -> (18,10)
Info:                          Sink flash_io2_di_SB_LUT4_I1_LC.I1
Info:                          Defined in:
Info:                               picosoc.v:140.14-140.32
Info:      logic  1.23  4.94 Source flash_io2_di_SB_LUT4_I1_LC.O
Info:    routing  1.76  6.70 Net flash_io2_di_SB_LUT4_I1_O[3] (18,10) -> (18,10)
Info:                          Sink flash_io2_di_SB_LUT4_I1_O_SB_LUT4_I3_LC.I3
Info:                          Defined in:
Info:                               /mnt/c/Users/cheis/Documents/home/oss-cad-suite/lib/../share/yosys/ice40/cells_map.v:6.21-6.22
Info:      logic  0.87  7.57 Source flash_io2_di_SB_LUT4_I1_O_SB_LUT4_I3_LC.O
Info:    routing  1.76  9.33 Net flash_io2_di_SB_LUT4_I1_O_SB_LUT4_I3_O[2] (18,10) -> (18,11)
Info:                          Sink flash_io2_di_SB_LUT4_I1_O_SB_LUT4_I3_O_SB_LUT4_I3_LC.I3
Info:                          Defined in:
Info:                               /mnt/c/Users/cheis/Documents/home/oss-cad-suite/lib/../share/yosys/ice40/cells_map.v:6.21-6.22
Info:      logic  0.87  10.21 Source flash_io2_di_SB_LUT4_I1_O_SB_LUT4_I3_O_SB_LUT4_I3_LC.O
Info:    routing  1.76  11.97 Net flash_io2_di_SB_LUT4_I1_O_SB_LUT4_I3_O_SB_LUT4_I3_O[1] (18,11) -> (17,12)
Info:                          Sink flash_io2_di_SB_LUT4_I1_O_SB_LUT4_I3_O_SB_LUT4_I3_O_SB_LUT4_I2_LC.I1
Info:                          Defined in:
Info:                               /mnt/c/Users/cheis/Documents/home/oss-cad-suite/lib/../share/yosys/ice40/cells_map.v:6.21-6.22
Info:      logic  1.23  13.20 Source flash_io2_di_SB_LUT4_I1_O_SB_LUT4_I3_O_SB_LUT4_I3_O_SB_LUT4_I2_LC.O
Info:    routing  2.85  16.05 Net flash_io2_di_SB_LUT4_I1_O_SB_LUT4_I3_O_SB_LUT4_I3_O_SB_LUT4_I2_O[1] (17,12) -> (13,12)
Info:                          Sink flash_io2_di_SB_LUT4_I1_O_SB_LUT4_I3_O_SB_LUT4_I3_O_SB_LUT4_I2_O_SB_LUT4_I3_LC.I3
Info:                          Defined in:
Info:                               /mnt/c/Users/cheis/Documents/home/oss-cad-suite/lib/../share/yosys/ice40/cells_map.v:6.21-6.22
Info:      logic  0.87  16.92 Source flash_io2_di_SB_LUT4_I1_O_SB_LUT4_I3_O_SB_LUT4_I3_O_SB_LUT4_I2_O_SB_LUT4_I3_LC.O
Info:    routing  3.60  20.52 Net flash_io2_di_SB_LUT4_I1_O_SB_LUT4_I3_O_SB_LUT4_I3_O_SB_LUT4_I2_O_SB_LUT4_I3_O[2] (13,12) -> (11,7)
Info:                          Sink soc.cpu.mem_rdata_q_SB_DFFE_Q_31_D_SB_LUT4_O_I3_SB_LUT4_I3_O_SB_LUT4_I3_I2_SB_LUT4_O_LC.I3
Info:                          Defined in:
Info:                               /mnt/c/Users/cheis/Documents/home/oss-cad-suite/lib/../share/yosys/ice40/cells_map.v:6.21-6.22
Info:      logic  0.87  21.39 Source soc.cpu.mem_rdata_q_SB_DFFE_Q_31_D_SB_LUT4_O_I3_SB_LUT4_I3_O_SB_LUT4_I3_I2_SB_LUT4_O_LC.O
Info:    routing  1.76  23.15 Net soc.cpu.mem_rdata_q_SB_DFFE_Q_31_D_SB_LUT4_O_I3_SB_LUT4_I3_O_SB_LUT4_I3_I2[3] (11,7) -> (10,6)
Info:                          Sink soc.cpu.mem_rdata_q_SB_DFFE_Q_31_D_SB_LUT4_O_I3_SB_LUT4_I3_O_SB_LUT4_I3_1_O_SB_LUT4_O_LC.I3
Info:                          Defined in:
Info:                               /mnt/c/Users/cheis/Documents/home/oss-cad-suite/lib/../share/yosys/ice40/cells_map.v:6.21-6.22
Info:      logic  0.87  24.03 Source soc.cpu.mem_rdata_q_SB_DFFE_Q_31_D_SB_LUT4_O_I3_SB_LUT4_I3_O_SB_LUT4_I3_1_O_SB_LUT4_O_LC.O
Info:    routing  1.76  25.79 Net soc.cpu.is_sb_sh_sw_SB_DFFE_Q_D_SB_LUT4_O_I2[1] (10,6) -> (9,5)
Info:                          Sink soc.cpu.is_alu_reg_imm_SB_DFFE_Q_D_SB_LUT4_O_LC.I1
Info:                          Defined in:
Info:                               /mnt/c/Users/cheis/Documents/home/oss-cad-suite/lib/../share/yosys/ice40/cells_map.v:6.21-6.22
Info:      setup  1.18  26.97 Source soc.cpu.is_alu_reg_imm_SB_DFFE_Q_D_SB_LUT4_O_LC.I1
Info: 8.01 ns logic, 18.96 ns routing

Info: Critical path report for cross-domain path 'posedge clk_12mhz$SB_IO_IN_$glb_clk' -> '<async>':
Info:       type curr  total name
Info:   clk-to-q  1.39  1.39 Source soc.spimemio.xfer.dummy_count_SB_DFFESR_Q_1_D_SB_LUT4_O_LC.O
Info:    routing  1.76  3.15 Net soc.spimemio.xfer.dummy_count[3] (22,6) -> (21,6)
Info:                          Sink soc.spimemio.xfer.count_SB_DFFESR_Q_D_SB_LUT4_O_I3_SB_LUT4_O_I3_SB_LUT4_O_I2_SB_LUT4_I3_O_SB_LUT4_I3_O_SB_LUT4_I3_O_SB_LUT4_I3_O_SB_LUT4_O_LC.I0
Info:                          Defined in:
Info:                               spimemio.v:417.12-417.23
Info:      logic  1.28  4.43 Source soc.spimemio.xfer.count_SB_DFFESR_Q_D_SB_LUT4_O_I3_SB_LUT4_O_I3_SB_LUT4_O_I2_SB_LUT4_I3_O_SB_LUT4_I3_O_SB_LUT4_I3_O_SB_LUT4_I3_O_SB_LUT4_O_LC.O
Info:    routing  2.41  6.84 Net flash_io0_oe_SB_LUT4_O_I3[2] (21,6) -> (21,3)
Info:                          Sink flash_io2_oe_SB_LUT4_O_I3_SB_LUT4_O_LC.I3
Info:                          Defined in:
Info:                               /mnt/c/Users/cheis/Documents/home/oss-cad-suite/lib/../share/yosys/ice40/cells_map.v:6.21-6.22
Info:      logic  0.87  7.72 Source flash_io2_oe_SB_LUT4_O_I3_SB_LUT4_O_LC.O
Info:    routing  1.76  9.48 Net flash_io2_oe_SB_LUT4_O_I3[3] (21,3) -> (20,2)
Info:                          Sink soc.spimemio.xfer_io2_90_SB_DFFN_Q_D_SB_LUT4_O_LC.I3
Info:                          Defined in:
Info:                               /mnt/c/Users/cheis/Documents/home/oss-cad-suite/lib/../share/yosys/ice40/cells_map.v:6.21-6.22
Info:      logic  0.87  10.35 Source soc.spimemio.xfer_io2_90_SB_DFFN_Q_D_SB_LUT4_O_LC.O
Info:    routing  1.76  12.11 Net soc.spimemio.xfer_io2_90_SB_DFFN_Q_D[2] (20,2) -> (20,2)
Info:                          Sink soc.spimemio.xfer_io2_90_SB_LUT4_I2_LC.I3
Info:                          Defined in:
Info:                               /mnt/c/Users/cheis/Documents/home/oss-cad-suite/lib/../share/yosys/ice40/cells_map.v:6.21-6.22
Info:      logic  0.87  12.99 Source soc.spimemio.xfer_io2_90_SB_LUT4_I2_LC.O
Info:    routing  2.30  15.29 Net flash_io2_do_SB_LUT4_O_I3[2] (20,2) -> (18,2)
Info:                          Sink flash_io2_do_SB_LUT4_O_LC.I3
Info:                          Defined in:
Info:                               /mnt/c/Users/cheis/Documents/home/oss-cad-suite/lib/../share/yosys/ice40/cells_map.v:6.21-6.22
Info:      logic  0.87  16.17 Source flash_io2_do_SB_LUT4_O_LC.O
Info:    routing  2.41  18.58 Net flash_io2_do (18,2) -> (18,0)
Info:                          Sink flash_io_buf[2].D_OUT_0
Info:                          Defined in:
Info:                               spimemio.v:38.9-38.21
Info: 6.17 ns logic, 12.40 ns routing

Info: Critical path report for cross-domain path 'negedge clk_12mhz$SB_IO_IN_$glb_clk' -> '<async>':
Info:       type curr  total name
Info:   clk-to-q  1.39  1.39 Source soc.spimemio.xfer_io2_90_SB_DFFN_Q_DFFLC.O
Info:    routing  1.76  3.15 Net soc.spimemio.xfer_io2_90 (20,2) -> (20,2)
Info:                          Sink soc.spimemio.xfer_io2_90_SB_LUT4_I2_LC.I2
Info:                          Defined in:
Info:                               /mnt/c/Users/cheis/Documents/home/oss-cad-suite/lib/../share/yosys/ice40/cells_map.v:6.21-6.22
Info:      logic  1.21  4.36 Source soc.spimemio.xfer_io2_90_SB_LUT4_I2_LC.O
Info:    routing  2.30  6.66 Net flash_io2_do_SB_LUT4_O_I3[2] (20,2) -> (18,2)
Info:                          Sink flash_io2_do_SB_LUT4_O_LC.I3
Info:                          Defined in:
Info:                               /mnt/c/Users/cheis/Documents/home/oss-cad-suite/lib/../share/yosys/ice40/cells_map.v:6.21-6.22
Info:      logic  0.87  7.53 Source flash_io2_do_SB_LUT4_O_LC.O
Info:    routing  2.41  9.94 Net flash_io2_do (18,2) -> (18,0)
Info:                          Sink flash_io_buf[2].D_OUT_0
Info:                          Defined in:
Info:                               spimemio.v:38.9-38.21
Info: 3.47 ns logic, 6.47 ns routing

Info: Max frequency for clock 'clk_12mhz$SB_IO_IN_$glb_clk': 16.12 MHz (PASS at 12.00 MHz)

Info: Max delay <async>                             -> posedge clk_12mhz$SB_IO_IN_$glb_clk: 26.97 ns
Info: Max delay posedge clk_12mhz$SB_IO_IN_$glb_clk -> <async>                            : 18.58 ns
Info: Max delay negedge clk_12mhz$SB_IO_IN_$glb_clk -> <async>                            : 9.94 ns

Info: Slack histogram:
Info:  legend: * represents 13 endpoint(s)
Info:          + represents [1,13) endpoint(s)
Info: [ 21312,  24254) |*+
Info: [ 24254,  27196) |****+
Info: [ 27196,  30138) |******+
Info: [ 30138,  33080) |***+
Info: [ 33080,  36022) |**********+
Info: [ 36022,  38964) |******************+
Info: [ 38964,  41906) |***************************+
Info: [ 41906,  44848) |***********+
Info: [ 44848,  47790) |******+
Info: [ 47790,  50732) |***+
Info: [ 50732,  53674) |****+
Info: [ 53674,  56616) |*********+
Info: [ 56616,  59558) |************+
Info: [ 59558,  62500) |********************+
Info: [ 62500,  65442) |***********************+
Info: [ 65442,  68384) |*****************************************************+
Info: [ 68384,  71326) |*****************************+
Info: [ 71326,  74268) |**************************************************+
Info: [ 74268,  77210) |************************************************************ 
Info: [ 77210,  80152) |***********************************************************+

Info: Program finished normally.
