Start of benchmarks

Results for test_empty_loop
rdcycle:   1730454
rdinstret: 70019
CPI:       24.7
Hits:      0
Misses:    80034
Total:     80034
Miss rate: 100.00%

Results for test_single_loop
rdcycle:   2210470
rdinstret: 100020
CPI:       22.1
Hits:      0
Misses:    110035
Total:     110035
Miss rate: 100.00%

Results for test_bubble_sort
rdcycle:   2762440
rdinstret: 142361
CPI:       19.4
Hits:      0
Misses:    150160
Total:     150160
Miss rate: 100.00%

Results for test_transpose_nested
rdcycle:   5119150
rdinstret: 281125
CPI:       18.2
Hits:      0
Misses:    291240
Total:     291240
Miss rate: 100.00%

Results for test_recursive
rdcycle:   4130629
rdinstret: 179774
CPI:       22.9
Hits:      0
Misses:    183969
Total:     183969
Miss rate: 100.00%

Results for test_large_switch
rdcycle:   5680470
rdinstret: 210020
CPI:       27.0
Hits:      0
Misses:    240035
Total:     240035
Miss rate: 100.00%

