Info: constrained 'clk_12mhz' to bel 'X12/Y31/io1'
Info: constrained 'ser_rx' to bel 'X13/Y0/io1'
Info: constrained 'ser_tx' to bel 'X15/Y0/io0'
Info: constrained 'flash_clk' to bel 'X24/Y0/io0'
Info: constrained 'flash_csb' to bel 'X24/Y0/io1'
Info: constrained 'flash_io0' to bel 'X23/Y0/io0'
Info: constrained 'flash_io1' to bel 'X23/Y0/io1'
Info: constrained 'flash_io2' to bel 'X18/Y0/io0'
Info: constrained 'flash_io3' to bel 'X19/Y0/io0'
Info: constrained 'P1A1' to bel 'X9/Y0/io0'
Info: constrained 'P1A2' to bel 'X8/Y0/io0'
Info: constrained 'P1A3' to bel 'X6/Y0/io0'
Info: constrained 'P1A4' to bel 'X7/Y0/io1'
Info: constrained 'P1A7' to bel 'X9/Y0/io1'
Info: constrained 'P1A8' to bel 'X7/Y0/io0'
Info: constrained 'P1A9' to bel 'X5/Y0/io0'
Info: constrained 'P1A10' to bel 'X6/Y0/io1'
Info: constrained 'led1' to bel 'X18/Y31/io0'
Info: constrained 'led2' to bel 'X18/Y31/io1'
Info: constrained 'led3' to bel 'X19/Y31/io1'
Info: constrained 'led4' to bel 'X19/Y31/io0'
Info: constrained 'led5' to bel 'X18/Y0/io1'
Info: constrained 'ledr_n' to bel 'X17/Y0/io0'
Info: constrained 'ledg_n' to bel 'X13/Y31/io0'

Info: Packing constants..
Info: Packing IOs..
Info: flash_io3 feeds SB_IO flash_io_buf[3], removing $nextpnr_iobuf flash_io3.
Info: flash_io2 feeds SB_IO flash_io_buf[2], removing $nextpnr_iobuf flash_io2.
Info: flash_io1 feeds SB_IO flash_io_buf[1], removing $nextpnr_iobuf flash_io1.
Info: flash_io0 feeds SB_IO flash_io_buf[0], removing $nextpnr_iobuf flash_io0.
Info: Packing LUT-FFs..
Info:     3291 LCs used as LUT4 only
Info:      781 LCs used as LUT4 and DFF
Info: Packing non-LUT FFs..
Info:      746 LCs used as DFF only
Info: Packing carries..
Info:      128 LCs used as CARRY only
Info: Packing indirect carry+LUT pairs...
Info:       37 LUTs merged into carry LCs
Info: Packing RAMs..
Info: Placing PLLs..
Info:   constrained PLL 'pll' to X12/Y31/pll_3
Info: Packing special functions..
Info: Packing PLLs..
Info:   PLL 'pll' has LOCK output, need to pass all outputs via LUT
Info:   LUT strategy for LOCK: move all users to new LUT
Info:   constrained 'pll_PLL$nextpnr_LOCK_lut_through' to X1/Y30/lc0
Info: Promoting globals..
Info: promoting clk (fanout 1576)
Info: promoting iomem_ready_SB_LUT4_I1_1_O_SB_LUT4_I2_O[2] [reset] (fanout 340)
Info: promoting soc.simpleuart.send_dummy_SB_LUT4_I2_I3_SB_LUT4_I2_O_SB_LUT4_I2_O [reset] (fanout 32)
Info: promoting soc.cpu.genblk2.pcpi_div.dividquot_SB_DFFE_Q_10_D_SB_LUT4_O_I3[1] [reset] (fanout 32)
Info: promoting soc.cpu.instr_slt_SB_LUT4_I3_O_SB_LUT4_I2_O [reset] (fanout 31)
Info: promoting soc.cpu.genblk1.pcpi_mul.active_SB_LUT4_I2_O [cen] (fanout 66)
Info: promoting soc.cpu.decoder_pseudo_trigger_SB_LUT4_I2_O[0] [cen] (fanout 64)
Info: promoting soc.cpu.genblk2.pcpi_div.pcpi_ready_SB_DFFSR_Q_D_SB_LUT4_O_I3_SB_LUT4_I3_O_SB_LUT4_I2_O [cen] (fanout 64)
Info: Constraining chains...
Info:       29 LCs used to legalise carry chains.
Info: Checksum: 0x91710558

Info: Device utilisation:
Info: 	         ICESTORM_LC:    4942/   5280    93%
Info: 	        ICESTORM_RAM:      21/     30    70%
Info: 	               SB_IO:      24/     96    25%
Info: 	               SB_GB:       8/      8   100%
Info: 	        ICESTORM_PLL:       1/      1   100%
Info: 	         SB_WARMBOOT:       0/      1     0%
Info: 	        ICESTORM_DSP:       4/      8    50%
Info: 	      ICESTORM_HFOSC:       0/      1     0%
Info: 	      ICESTORM_LFOSC:       0/      1     0%
Info: 	              SB_I2C:       0/      2     0%
Info: 	              SB_SPI:       0/      2     0%
Info: 	              IO_I3C:       0/      2     0%
Info: 	         SB_LEDDA_IP:       0/      1     0%
Info: 	         SB_RGBA_DRV:       0/      1     0%
Info: 	      ICESTORM_SPRAM:       4/      4   100%

Info: Placed 26 cells based on constraints.
Info: Creating initial analytic placement for 4144 cells, random placement wirelen = 122535.
Info:     at initial placer iter 0, wirelen = 2322
Info:     at initial placer iter 1, wirelen = 2177
Info:     at initial placer iter 2, wirelen = 2196
Info:     at initial placer iter 3, wirelen = 2172
Info: Running main analytical placer, max placement attempts per cell = 3130002.
ERROR: Unable to find legal placement for all cells, design is probably at utilisation limit.
0 warnings, 1 error
