Info: constrained 'clk_12mhz' to bel 'X12/Y31/io1'
Info: constrained 'ser_rx' to bel 'X13/Y0/io1'
Info: constrained 'ser_tx' to bel 'X15/Y0/io0'
Info: constrained 'flash_clk' to bel 'X24/Y0/io0'
Info: constrained 'flash_csb' to bel 'X24/Y0/io1'
Info: constrained 'flash_io0' to bel 'X23/Y0/io0'
Info: constrained 'flash_io1' to bel 'X23/Y0/io1'
Info: constrained 'flash_io2' to bel 'X18/Y0/io0'
Info: constrained 'flash_io3' to bel 'X19/Y0/io0'
Info: constrained 'P1A1' to bel 'X9/Y0/io0'
Info: constrained 'P1A2' to bel 'X8/Y0/io0'
Info: constrained 'P1A3' to bel 'X6/Y0/io0'
Info: constrained 'P1A4' to bel 'X7/Y0/io1'
Info: constrained 'P1A7' to bel 'X9/Y0/io1'
Info: constrained 'P1A8' to bel 'X7/Y0/io0'
Info: constrained 'P1A9' to bel 'X5/Y0/io0'
Info: constrained 'P1A10' to bel 'X6/Y0/io1'
Info: constrained 'led1' to bel 'X18/Y31/io0'
Info: constrained 'led2' to bel 'X18/Y31/io1'
Info: constrained 'led3' to bel 'X19/Y31/io1'
Info: constrained 'led4' to bel 'X19/Y31/io0'
Info: constrained 'led5' to bel 'X18/Y0/io1'
Info: constrained 'ledr_n' to bel 'X17/Y0/io0'
Info: constrained 'ledg_n' to bel 'X13/Y31/io0'

Info: Packing constants..
Info: Packing IOs..
Info: flash_io3 feeds SB_IO flash_io_buf[3], removing $nextpnr_iobuf flash_io3.
Info: flash_io2 feeds SB_IO flash_io_buf[2], removing $nextpnr_iobuf flash_io2.
Info: flash_io1 feeds SB_IO flash_io_buf[1], removing $nextpnr_iobuf flash_io1.
Info: flash_io0 feeds SB_IO flash_io_buf[0], removing $nextpnr_iobuf flash_io0.
Info: Packing LUT-FFs..
Info:     3099 LCs used as LUT4 only
Info:      846 LCs used as LUT4 and DFF
Info: Packing non-LUT FFs..
Info:      668 LCs used as DFF only
Info: Packing carries..
Info:      121 LCs used as CARRY only
Info: Packing indirect carry+LUT pairs...
Info:       33 LUTs merged into carry LCs
Info: Packing RAMs..
Info: Placing PLLs..
Info:   constrained PLL 'pll' to X12/Y31/pll_3
Info: Packing special functions..
Info: Packing PLLs..
Info:   PLL 'pll' has LOCK output, need to pass all outputs via LUT
Info:   LUT strategy for LOCK: move all users to new LUT
Info:   constrained 'pll_PLL$nextpnr_LOCK_lut_through' to X1/Y30/lc0
Info: Promoting globals..
Info: promoting clk (fanout 1549)
Info: promoting iomem_ready_SB_LUT4_I1_O[1] [reset] (fanout 569)
Info: promoting soc.simpleuart.recv_buf_valid_SB_DFFSR_Q_D_SB_LUT4_O_I3_SB_LUT4_O_I3_SB_LUT4_O_I3_SB_CARRY_CO_I1_SB_CARRY_I1_CO_SB_LUT4_I3_O_SB_LUT4_I3_O [reset] (fanout 32)
Info: promoting soc.cpu.decoded_imm_SB_DFFESR_Q_20_D_SB_LUT4_O_I3_SB_LUT4_I3_O [reset] (fanout 31)
Info: promoting soc.cpu.decoder_pseudo_trigger_SB_LUT4_I3_O[0] [cen] (fanout 70)
Info: promoting soc.cpu.genblk1.pcpi_mul.active_SB_LUT4_I2_1_O [cen] (fanout 66)
Info: promoting soc.cpu.reg_next_pc_SB_DFFESR_Q_18_D_SB_LUT4_O_I2_SB_LUT4_O_I3_SB_LUT4_I3_O_SB_LUT4_I3_O [cen] (fanout 65)
Info: promoting soc.cpu.instr_sw_SB_LUT4_I2_O[1] [cen] (fanout 62)
Info: Constraining chains...
Info:       27 LCs used to legalise carry chains.
Info: Checksum: 0x7c3b788b

Info: Device utilisation:
Info: 	         ICESTORM_LC:    4731/   5280    89%
Info: 	        ICESTORM_RAM:      14/     30    46%
Info: 	               SB_IO:      24/     96    25%
Info: 	               SB_GB:       8/      8   100%
Info: 	        ICESTORM_PLL:       1/      1   100%
Info: 	         SB_WARMBOOT:       0/      1     0%
Info: 	        ICESTORM_DSP:       4/      8    50%
Info: 	      ICESTORM_HFOSC:       0/      1     0%
Info: 	      ICESTORM_LFOSC:       0/      1     0%
Info: 	              SB_I2C:       0/      2     0%
Info: 	              SB_SPI:       0/      2     0%
Info: 	              IO_I3C:       0/      2     0%
Info: 	         SB_LEDDA_IP:       0/      1     0%
Info: 	         SB_RGBA_DRV:       0/      1     0%
Info: 	      ICESTORM_SPRAM:       4/      4   100%

Info: Placed 26 cells based on constraints.
Info: Creating initial analytic placement for 3927 cells, random placement wirelen = 120542.
Info:     at initial placer iter 0, wirelen = 2457
Info:     at initial placer iter 1, wirelen = 2397
Info:     at initial placer iter 2, wirelen = 2400
Info:     at initial placer iter 3, wirelen = 2402
Info: Running main analytical placer, max placement attempts per cell = 2863224.
Info:     at iteration #1, type ALL: wirelen solved = 2403, spread = 49963, legal = 55218; time = 0.40s
Info:     at iteration #2, type ALL: wirelen solved = 2713, spread = 44552, legal = 54743; time = 0.48s
Info:     at iteration #3, type ALL: wirelen solved = 3649, spread = 41995, legal = 50172; time = 0.20s
Info:     at iteration #4, type ALL: wirelen solved = 4894, spread = 41791, legal = 51376; time = 0.26s
Info:     at iteration #5, type ALL: wirelen solved = 6036, spread = 40368, legal = 46071; time = 0.33s
Info:     at iteration #6, type ALL: wirelen solved = 7352, spread = 36781, legal = 43149; time = 0.33s
Info:     at iteration #7, type ALL: wirelen solved = 8068, spread = 36690, legal = 43009; time = 0.31s
Info:     at iteration #8, type ALL: wirelen solved = 9283, spread = 35558, legal = 41156; time = 0.31s
Info:     at iteration #9, type ALL: wirelen solved = 9987, spread = 34429, legal = 40590; time = 0.31s
Info:     at iteration #10, type ALL: wirelen solved = 11011, spread = 33832, legal = 39406; time = 0.30s
Info:     at iteration #11, type ALL: wirelen solved = 12160, spread = 32716, legal = 38755; time = 0.29s
Info:     at iteration #12, type ALL: wirelen solved = 12976, spread = 31945, legal = 38868; time = 0.31s
Info:     at iteration #13, type ALL: wirelen solved = 13861, spread = 31933, legal = 39254; time = 0.34s
Info:     at iteration #14, type ALL: wirelen solved = 14590, spread = 31218, legal = 39760; time = 0.19s
Info:     at iteration #15, type ALL: wirelen solved = 15556, spread = 31020, legal = 38103; time = 0.34s
Info:     at iteration #16, type ALL: wirelen solved = 16163, spread = 30586, legal = 37311; time = 0.31s
Info:     at iteration #17, type ALL: wirelen solved = 16688, spread = 30625, legal = 37866; time = 0.33s
Info:     at iteration #18, type ALL: wirelen solved = 17065, spread = 30348, legal = 37238; time = 0.33s
Info:     at iteration #19, type ALL: wirelen solved = 17392, spread = 30288, legal = 37321; time = 0.33s
Info:     at iteration #20, type ALL: wirelen solved = 17948, spread = 29986, legal = 38465; time = 0.18s
Info:     at iteration #21, type ALL: wirelen solved = 17814, spread = 30137, legal = 37235; time = 0.32s
Info:     at iteration #22, type ALL: wirelen solved = 18639, spread = 30277, legal = 36845; time = 0.29s
Info:     at iteration #23, type ALL: wirelen solved = 18476, spread = 30029, legal = 37252; time = 0.33s
Info:     at iteration #24, type ALL: wirelen solved = 18756, spread = 30283, legal = 37356; time = 0.38s
Info:     at iteration #25, type ALL: wirelen solved = 18943, spread = 30181, legal = 39300; time = 0.20s
Info:     at iteration #26, type ALL: wirelen solved = 19458, spread = 30590, legal = 39653; time = 0.20s
Info:     at iteration #27, type ALL: wirelen solved = 19635, spread = 30423, legal = 37432; time = 0.33s
Info: HeAP Placer Time: 9.01s
Info:   of which solving equations: 1.33s
Info:   of which spreading cells: 0.18s
Info:   of which strict legalisation: 6.86s

Info: Running simulated annealing placer for refinement.
Info:   at iteration #1: temp = 0.000000, timing cost = 2438, wirelen = 36845
Info:   at iteration #5: temp = 0.000000, timing cost = 2421, wirelen = 29220
Info:   at iteration #10: temp = 0.000000, timing cost = 2265, wirelen = 27650
Info:   at iteration #15: temp = 0.000000, timing cost = 2345, wirelen = 26953
Info:   at iteration #20: temp = 0.000000, timing cost = 2308, wirelen = 26390
Info:   at iteration #25: temp = 0.000000, timing cost = 2238, wirelen = 26213
Info:   at iteration #30: temp = 0.000000, timing cost = 2194, wirelen = 26152
Info:   at iteration #33: temp = 0.000000, timing cost = 2195, wirelen = 26134 
Info: SA placement time 4.26s

Info: Max frequency for clock     'clk_fast': 251.57 MHz (PASS at 15.00 MHz)
Info: Max frequency for clock 'clk_$glb_clk': 15.60 MHz (PASS at 15.00 MHz)

Info: Max delay <async>              -> posedge clk_$glb_clk: 36.39 ns
Info: Max delay posedge clk_$glb_clk -> <async>             : 18.64 ns
Info: Max delay negedge clk_$glb_clk -> <async>             : 9.77 ns

Info: Slack histogram:
Info:  legend: * represents 15 endpoint(s)
Info:          + represents [1,15) endpoint(s)
Info: [  2561,   5637) |+
Info: [  5637,   8713) |*+
Info: [  8713,  11789) |**********+
Info: [ 11789,  14865) |*********+
Info: [ 14865,  17941) |**********+
Info: [ 17941,  21017) |******+
Info: [ 21017,  24093) |******+
Info: [ 24093,  27169) |********+
Info: [ 27169,  30245) |****+
Info: [ 30245,  33321) |********+
Info: [ 33321,  36397) |**************+
Info: [ 36397,  39473) |***********+
Info: [ 39473,  42549) |****************** 
Info: [ 42549,  45625) |********************************+
Info: [ 45625,  48701) |*********************************************+
Info: [ 48701,  51777) |**********************+
Info: [ 51777,  54853) |********************+
Info: [ 54853,  57929) |**********************+
Info: [ 57929,  61005) |********************************************+
Info: [ 61005,  64081) |************************************************************ 
Info: Checksum: 0x42472d17

Info: Routing..
Info: Setting up routing queue.
Info: Routing 16116 arcs.
Info:            |   (re-)routed arcs  |   delta    | remaining|       time spent     |
Info:    IterCnt |  w/ripup   wo/ripup |  w/r  wo/r |      arcs| batch(sec) total(sec)|
Info:       1000 |       48        951 |   48   951 |     15238|       0.52       0.52|
Info:       2000 |      119       1880 |   71   929 |     14351|       0.40       0.91|
Info:       3000 |      202       2797 |   83   917 |     13485|       0.31       1.22|
Info:       4000 |      384       3615 |  182   818 |     12801|       0.36       1.58|
Info:       5000 |      757       4242 |  373   627 |     12252|       0.23       1.81|
Info:       6000 |     1061       4938 |  304   696 |     11695|       0.27       2.08|
Info:       7000 |     1473       5526 |  412   588 |     11319|       0.28       2.36|
Info:       8000 |     1743       6249 |  270   723 |     10764|       0.31       2.67|
Info:       9000 |     2085       6893 |  342   644 |     10303|       0.25       2.92|
Info:      10000 |     2430       7548 |  345   655 |      9864|       0.32       3.24|
Info:      11000 |     2775       8175 |  345   627 |      9443|       0.29       3.52|
Info:      12000 |     3256       8674 |  481   499 |      9211|       0.44       3.96|
Info:      13000 |     3727       9203 |  471   529 |      8960|       0.37       4.34|
Info:      14000 |     4146       9759 |  419   556 |      8658|       0.47       4.81|
Info:      15000 |     4593      10290 |  447   531 |      8471|       0.36       5.17|
Info:      16000 |     5024      10827 |  431   537 |      8215|       0.47       5.65|
Info:      17000 |     5461      11388 |  437   561 |      8014|       0.38       6.03|
Info:      18000 |     5942      11907 |  481   519 |      7850|       0.40       6.43|
Info:      19000 |     6434      12415 |  492   508 |      7716|       0.42       6.85|
Info:      20000 |     6906      12915 |  472   500 |      7558|       0.40       7.25|
Info:      21000 |     7445      13376 |  539   461 |      7433|       0.42       7.67|
Info:      22000 |     7947      13846 |  502   470 |      7265|       0.36       8.03|
Info:      23000 |     8515      14278 |  568   432 |      7163|       0.47       8.51|
Info:      24000 |     9059      14734 |  544   456 |      7041|       0.41       8.91|
Info:      25000 |     9625      15168 |  566   434 |      6916|       0.52       9.44|
Info:      26000 |    10153      15640 |  528   472 |      6846|       0.35       9.79|
Info:      27000 |    10702      16091 |  549   451 |      6725|       0.40      10.19|
Info:      28000 |    11238      16555 |  536   464 |      6654|       0.43      10.62|
Info:      29000 |    11638      17022 |  400   467 |      6282|       0.31      10.93|
Info:      30000 |    12156      17436 |  518   414 |      6147|       0.44      11.37|
Info:      31000 |    12600      17907 |  444   471 |      5828|       0.27      11.65|
Info:      32000 |    13196      18311 |  596   404 |      5742|       0.45      12.10|
Info:      33000 |    13796      18710 |  600   399 |      5689|       0.38      12.48|
Info:      34000 |    14420      19086 |  624   376 |      5632|       0.39      12.86|
Info:      35000 |    14992      19500 |  572   414 |      5530|       0.43      13.29|
Info:      36000 |    15534      19958 |  542   458 |      5453|       0.40      13.69|
Info:      37000 |    16124      20368 |  590   410 |      5357|       0.35      14.03|
Info:      38000 |    16618      20830 |  494   462 |      5148|       0.28      14.31|
Info:      39000 |    17172      21269 |  554   439 |      5016|       0.37      14.69|
Info:      40000 |    17749      21691 |  577   422 |      4908|       0.33      15.01|
Info:      41000 |    18228      22186 |  479   495 |      4831|       0.29      15.31|
Info:      42000 |    18813      22601 |  585   415 |      4803|       0.39      15.70|
Info:      43000 |    19399      23015 |  586   414 |      4701|       0.40      16.10|
Info:      44000 |    20016      23397 |  617   382 |      4646|       0.42      16.52|
Info:      45000 |    20680      23733 |  664   336 |      4678|       0.56      17.08|
Info:      46000 |    21253      24160 |  573   427 |      4645|       0.37      17.45|
Info:      47000 |    21827      24586 |  574   426 |      4503|       0.34      17.79|
Info:      48000 |    22424      24989 |  597   403 |      4443|       0.33      18.13|
Info:      49000 |    23037      25376 |  613   387 |      4393|       0.50      18.63|
Info:      50000 |    23618      25795 |  581   419 |      4374|       0.47      19.10|
Info:      51000 |    24183      26230 |  565   435 |      4320|       0.46      19.56|
Info:      52000 |    24777      26636 |  594   406 |      4259|       0.45      20.01|
Info:      53000 |    25305      27107 |  528   471 |      4118|       0.45      20.46|
Info:      54000 |    25923      27489 |  618   382 |      4012|       0.35      20.81|
Info:      55000 |    26471      27917 |  548   428 |      3870|       0.35      21.16|
Info:      56000 |    27096      28292 |  625   375 |      3832|       0.49      21.65|
Info:      57000 |    27744      28642 |  648   350 |      3754|       0.40      22.05|
Info:      58000 |    28342      29017 |  598   375 |      3661|       0.40      22.44|
Info:      59000 |    28876      29483 |  534   466 |      3573|       0.36      22.80|
Info:      60000 |    29473      29886 |  597   403 |      3490|       0.37      23.17|
Info:      61000 |    30131      30228 |  658   342 |      3464|       0.48      23.65|
Info:      62000 |    30665      30667 |  534   439 |      3316|       0.37      24.02|
Info:      63000 |    31301      31031 |  636   364 |      3276|       0.43      24.45|
Info:      64000 |    31852      31480 |  551   449 |      3218|       0.36      24.80|
Info:      65000 |    32443      31889 |  591   409 |      3150|       0.39      25.19|
Info:      66000 |    33051      32281 |  608   392 |      3123|       0.45      25.64|
Info:      67000 |    33716      32615 |  665   334 |      3085|       0.39      26.04|
Info:      68000 |    34282      33021 |  566   406 |      2951|       0.44      26.48|
Info:      69000 |    34887      33416 |  605   395 |      2927|       0.46      26.94|
Info:      70000 |    35445      33858 |  558   442 |      2854|       0.41      27.35|
Info:      71000 |    36082      34221 |  637   363 |      2797|       0.38      27.73|
Info:      72000 |    36668      34633 |  586   412 |      2633|       0.37      28.10|
Info:      73000 |    37256      35045 |  588   412 |      2589|       0.35      28.44|
Info:      74000 |    37824      35477 |  568   432 |      2467|       0.35      28.79|
Info:      75000 |    38381      35916 |  557   439 |      2341|       0.28      29.07|
Info:      76000 |    38971      36326 |  590   410 |      2279|       0.39      29.46|
Info:      77000 |    39607      36690 |  636   364 |      2156|       0.38      29.85|
Info:      78000 |    40211      37086 |  604   396 |      2144|       0.38      30.22|
Info:      79000 |    40736      37561 |  525   475 |      2148|       0.32      30.55|
Info:      80000 |    41319      37978 |  583   417 |      2127|       0.34      30.89|
Info:      81000 |    41895      38402 |  576   424 |      2035|       0.45      31.34|
Info:      82000 |    42424      38873 |  529   471 |      1848|       0.38      31.72|
Info:      83000 |    43016      39281 |  592   408 |      1712|       0.31      32.03|
Info:      84000 |    43618      39678 |  602   397 |      1600|       0.41      32.45|
Info:      85000 |    44244      40050 |  626   372 |      1443|       0.36      32.80|
Info:      86000 |    44732      40550 |  488   500 |      1101|       0.29      33.10|
Info:      87000 |    45226      41056 |  494   506 |       803|       0.33      33.42|
Info:      88000 |    45764      41517 |  538   461 |       620|       0.52      33.94|
Info:      89000 |    46226      42055 |  462   538 |       322|       0.50      34.44|
Info:      90000 |    46757      42524 |  531   469 |       171|       0.52      34.95|
Info:      91000 |    47364      42917 |  607   393 |       169|       0.52      35.47|
Info:      92000 |    48018      43263 |  654   346 |       135|       0.56      36.04|
Info:      93000 |    48599      43682 |  581   419 |        56|       0.74      36.77|
Info:      93392 |    48836      43838 |  237   156 |         0|       0.26      37.03|
Info: Routing complete.
Info: Router1 time 37.03s
Info: Checksum: 0xafefc1e7

Info: Critical path report for clock 'clk_fast' (posedge -> posedge):
Info:       type curr  total name
Info:   clk-to-q  1.39  1.39 Source clk_15mhz_SB_DFF_Q_D_SB_LUT4_O_LC.O
Info:    routing  1.76  3.15 Net clk (15,30) -> (15,30)
Info:                          Sink clk_15mhz_SB_DFF_Q_D_SB_LUT4_O_LC.I3
Info:                          Defined in:
Info:                               spimemio.v:379.8-379.11
Info:      setup  0.82  3.97 Source clk_15mhz_SB_DFF_Q_D_SB_LUT4_O_LC.I3
Info: 2.21 ns logic, 1.76 ns routing

Info: Critical path report for clock 'clk_$glb_clk' (posedge -> posedge):
Info:       type curr  total name
Info:   clk-to-q  1.39  1.39 Source soc.cpu.mem_addr_SB_DFFE_Q_24_D_SB_LUT4_I2_O_SB_DFF_D_DFFLC.O
Info:    routing  3.70  5.09 Net soc.cpu.mem_addr_SB_DFFE_Q_19_D_SB_LUT4_I2_O_SB_DFF_D_Q[0] (4,17) -> (4,27)
Info:                          Sink soc.spimem_cache.cache_valid[91]_SB_LUT4_I3_LC.I0
Info:                          Defined in:
Info:                               /homes/cl2033/oss-cad-suite/lib/../share/yosys/ice40/cells_map.v:6.21-6.22
Info:      logic  1.28  6.38 Source soc.spimem_cache.cache_valid[91]_SB_LUT4_I3_LC.O
Info:    routing  1.76  8.14 Net soc.spimem_cache.cache_valid[91]_SB_LUT4_I3_O[1] (4,27) -> (4,28)
Info:                          Sink soc.spimem_cache.cache_valid[91]_SB_LUT4_I3_O_SB_LUT4_I3_LC.I2
Info:                          Defined in:
Info:                               /homes/cl2033/oss-cad-suite/lib/../share/yosys/ice40/cells_map.v:6.21-6.22
Info:      logic  1.21  9.35 Source soc.spimem_cache.cache_valid[91]_SB_LUT4_I3_O_SB_LUT4_I3_LC.O
Info:    routing  1.76  11.11 Net soc.spimem_cache.cache_valid[91]_SB_LUT4_I3_O_SB_LUT4_I3_O[2] (4,28) -> (3,27)
Info:                          Sink soc.spimem_cache.cache_valid[84]_SB_LUT4_I2_O_SB_LUT4_I3_O_SB_LUT4_O_LC.I2
Info:                          Defined in:
Info:                               /homes/cl2033/oss-cad-suite/lib/../share/yosys/ice40/cells_map.v:6.21-6.22
Info:      logic  1.21  12.31 Source soc.spimem_cache.cache_valid[84]_SB_LUT4_I2_O_SB_LUT4_I3_O_SB_LUT4_O_LC.O
Info:    routing  1.76  14.07 Net soc.spimem_cache.cache_valid[84]_SB_LUT4_I2_O_SB_LUT4_I3_O[3] (3,27) -> (3,27)
Info:                          Sink soc.spimem_cache.cache_valid[84]_SB_LUT4_I2_O_SB_LUT4_I3_O_SB_LUT4_I3_LC.I3
Info:                          Defined in:
Info:                               /homes/cl2033/oss-cad-suite/lib/../share/yosys/ice40/cells_map.v:6.21-6.22
Info:      logic  0.87  14.95 Source soc.spimem_cache.cache_valid[84]_SB_LUT4_I2_O_SB_LUT4_I3_O_SB_LUT4_I3_LC.O
Info:    routing  2.95  17.90 Net soc.spimem_cache.cache_valid[64]_SB_LUT4_I2_O_SB_LUT4_I3_O_SB_LUT4_I3_O[2] (3,27) -> (3,23)
Info:                          Sink iomem_ready_SB_LUT4_I2_I3_SB_LUT4_I2_O_SB_LUT4_O_1_I3_SB_LUT4_O_1_LC.I3
Info:                          Defined in:
Info:                               /homes/cl2033/oss-cad-suite/lib/../share/yosys/ice40/cells_map.v:6.21-6.22
Info:      logic  0.87  18.77 Source iomem_ready_SB_LUT4_I2_I3_SB_LUT4_I2_O_SB_LUT4_O_1_I3_SB_LUT4_O_1_LC.O
Info:    routing  1.76  20.53 Net iomem_ready_SB_LUT4_I2_I3_SB_LUT4_I2_O_SB_LUT4_O_1_I3[0] (3,23) -> (4,22)
Info:                          Sink iomem_ready_SB_LUT4_I2_I3_SB_LUT4_I2_O_SB_LUT4_O_1_LC.I0
Info:                          Defined in:
Info:                               /homes/cl2033/oss-cad-suite/lib/../share/yosys/ice40/cells_map.v:6.21-6.22
Info:      logic  1.28  21.82 Source iomem_ready_SB_LUT4_I2_I3_SB_LUT4_I2_O_SB_LUT4_O_1_LC.O
Info:    routing  4.90  26.71 Net iomem_ready_SB_LUT4_I2_I3_SB_LUT4_I2_O[0] (4,22) -> (4,6)
Info:                          Sink soc.cpu.mem_xfer_SB_LUT4_O_I3_SB_LUT4_O_I3_SB_LUT4_O_I3_SB_LUT4_O_1_LC.I3
Info:                          Defined in:
Info:                               /homes/cl2033/oss-cad-suite/lib/../share/yosys/ice40/cells_map.v:6.21-6.22
Info:      logic  0.87  27.59 Source soc.cpu.mem_xfer_SB_LUT4_O_I3_SB_LUT4_O_I3_SB_LUT4_O_I3_SB_LUT4_O_1_LC.O
Info:    routing  1.76  29.35 Net soc.cpu.mem_xfer_SB_LUT4_O_I3_SB_LUT4_O_I3_SB_LUT4_O_I3[3] (4,6) -> (3,6)
Info:                          Sink soc.cpu.mem_xfer_SB_LUT4_O_I3_SB_LUT4_O_I3_SB_LUT4_O_LC.I3
Info:                          Defined in:
Info:                               /homes/cl2033/oss-cad-suite/lib/../share/yosys/ice40/cells_map.v:6.21-6.22
Info:      logic  0.87  30.22 Source soc.cpu.mem_xfer_SB_LUT4_O_I3_SB_LUT4_O_I3_SB_LUT4_O_LC.O
Info:    routing  4.69  34.91 Net soc.cpu.mem_xfer_SB_LUT4_O_I3_SB_LUT4_I3_O_SB_LUT4_O_I3[2] (3,6) -> (15,14)
Info:                          Sink soc.cpu.mem_xfer_SB_LUT4_O_I3_SB_LUT4_O_LC.I3
Info:                          Defined in:
Info:                               /homes/cl2033/oss-cad-suite/lib/../share/yosys/ice40/cells_map.v:6.21-6.22
Info:      logic  0.87  35.78 Source soc.cpu.mem_xfer_SB_LUT4_O_I3_SB_LUT4_O_LC.O
Info:    routing  4.14  39.92 Net soc.cpu.mem_xfer_SB_LUT4_O_I3[3] (15,14) -> (21,20)
Info:                          Sink soc.cpu.mem_xfer_SB_LUT4_O_LC.I3
Info:                          Defined in:
Info:                               /homes/cl2033/oss-cad-suite/lib/../share/yosys/ice40/cells_map.v:6.21-6.22
Info:      logic  0.87  40.80 Source soc.cpu.mem_xfer_SB_LUT4_O_LC.O
Info:    routing  3.60  44.40 Net flash_clk_SB_LUT4_I1_O_SB_LUT4_I2_O[2] (21,20) -> (16,16)
Info:                          Sink soc.cpu.instr_fence_SB_DFFESR_Q_D_SB_LUT4_O_I3_SB_LUT4_O_I2_SB_LUT4_I2_O_SB_LUT4_O_1_LC.I3
Info:                          Defined in:
Info:                               /homes/cl2033/oss-cad-suite/lib/../share/yosys/ice40/cells_map.v:6.21-6.22
Info:      logic  0.87  45.27 Source soc.cpu.instr_fence_SB_DFFESR_Q_D_SB_LUT4_O_I3_SB_LUT4_O_I2_SB_LUT4_I2_O_SB_LUT4_O_1_LC.O
Info:    routing  2.95  48.22 Net soc.cpu.instr_fence_SB_DFFESR_Q_D_SB_LUT4_O_I3_SB_LUT4_O_I2_SB_LUT4_I2_O[2] (16,16) -> (20,20)
Info:                          Sink soc.cpu.instr_jal_SB_DFFE_Q_D_SB_LUT4_O_I2_SB_LUT4_O_LC.I2
Info:                          Defined in:
Info:                               /homes/cl2033/oss-cad-suite/lib/../share/yosys/ice40/cells_map.v:6.21-6.22
Info:      logic  1.21  49.43 Source soc.cpu.instr_jal_SB_DFFE_Q_D_SB_LUT4_O_I2_SB_LUT4_O_LC.O
Info:    routing  1.76  51.19 Net soc.cpu.instr_jal_SB_DFFE_Q_D_SB_LUT4_O_I2[1] (20,20) -> (21,21)
Info:                          Sink soc.cpu.decoded_imm_j_SB_DFFE_Q_3_D_SB_LUT4_I3_O_SB_LUT4_O_1_LC.I2
Info:                          Defined in:
Info:                               /homes/cl2033/oss-cad-suite/lib/../share/yosys/ice40/cells_map.v:6.21-6.22
Info:      logic  1.21  52.40 Source soc.cpu.decoded_imm_j_SB_DFFE_Q_3_D_SB_LUT4_I3_O_SB_LUT4_O_1_LC.O
Info:    routing  1.76  54.16 Net soc.cpu.decoded_imm_j_SB_DFFE_Q_13_D[3] (21,21) -> (20,22)
Info:                          Sink soc.cpu.decoded_imm_j_SB_DFFE_Q_2_D_SB_LUT4_I3_O_SB_LUT4_O_LC.I2
Info:                          Defined in:
Info:                               /homes/cl2033/oss-cad-suite/lib/../share/yosys/ice40/cells_map.v:6.21-6.22
Info:      logic  1.21  55.36 Source soc.cpu.decoded_imm_j_SB_DFFE_Q_2_D_SB_LUT4_I3_O_SB_LUT4_O_LC.O
Info:    routing  1.76  57.12 Net soc.cpu.decoded_imm_j_SB_DFFE_Q_2_D_SB_LUT4_I3_O[2] (20,22) -> (20,23)
Info:                          Sink soc.cpu.cpuregs.regs.0.0_RADDR_SB_LUT4_O_LC.I3
Info:                          Defined in:
Info:                               /homes/cl2033/oss-cad-suite/lib/../share/yosys/ice40/cells_map.v:6.21-6.22
Info:      logic  0.87  58.00 Source soc.cpu.cpuregs.regs.0.0_RADDR_SB_LUT4_O_LC.O
Info:    routing  4.58  62.58 Net soc.cpu.cpuregs.regs.0.0_RADDR (20,23) -> (6,21)
Info:                          Sink soc.cpu.cpuregs.regs.0.0_RAM.RADDR_3
Info:      setup  0.10  62.68 Source soc.cpu.cpuregs.regs.0.0_RAM.RADDR_3
Info: 17.08 ns logic, 45.60 ns routing

Info: Critical path report for cross-domain path '<async>' -> 'posedge clk_$glb_clk':
Info:       type curr  total name
Info:     source  0.00  0.00 Source flash_io_buf[1].D_IN_0
Info:    routing  3.49  3.49 Net flash_io1_di (23,0) -> (15,4)
Info:                          Sink flash_io1_di_SB_LUT4_I0_LC.I0
Info:                          Defined in:
Info:                               picosoc.v:140.14-140.32
Info:      logic  1.28  4.78 Source flash_io1_di_SB_LUT4_I0_LC.O
Info:    routing  1.76  6.54 Net flash_io1_di_SB_LUT4_I0_O[3] (15,4) -> (15,4)
Info:                          Sink flash_io1_di_SB_LUT4_I0_O_SB_LUT4_I3_LC.I3
Info:                          Defined in:
Info:                               /homes/cl2033/oss-cad-suite/lib/../share/yosys/ice40/cells_map.v:6.21-6.22
Info:      logic  0.87  7.41 Source flash_io1_di_SB_LUT4_I0_O_SB_LUT4_I3_LC.O
Info:    routing  3.70  11.12 Net flash_io1_di_SB_LUT4_I0_O_SB_LUT4_I3_O[1] (15,4) -> (15,13)
Info:                          Sink flash_io1_di_SB_LUT4_I0_O_SB_LUT4_I3_O_SB_LUT4_I3_LC.I3
Info:                          Defined in:
Info:                               /homes/cl2033/oss-cad-suite/lib/../share/yosys/ice40/cells_map.v:6.21-6.22
Info:      logic  0.87  11.99 Source flash_io1_di_SB_LUT4_I0_O_SB_LUT4_I3_O_SB_LUT4_I3_LC.O
Info:    routing  1.76  13.75 Net flash_io1_di_SB_LUT4_I0_O_SB_LUT4_I3_O_SB_LUT4_I3_O[1] (15,13) -> (15,14)
Info:                          Sink flash_io1_di_SB_LUT4_I0_O_SB_LUT4_I3_O_SB_LUT4_I3_O_SB_LUT4_I1_LC.I1
Info:                          Defined in:
Info:                               /homes/cl2033/oss-cad-suite/lib/../share/yosys/ice40/cells_map.v:6.21-6.22
Info:      logic  1.23  14.98 Source flash_io1_di_SB_LUT4_I0_O_SB_LUT4_I3_O_SB_LUT4_I3_O_SB_LUT4_I1_LC.O
Info:    routing  1.76  16.75 Net flash_io1_di_SB_LUT4_I0_O_SB_LUT4_I3_O_SB_LUT4_I3_O_SB_LUT4_I1_O[2] (15,14) -> (16,14)
Info:                          Sink soc.cpu.instr_fence_SB_DFFESR_Q_D_SB_LUT4_O_I3_SB_LUT4_O_I2_SB_LUT4_I2_O_SB_LUT4_O_LC.I2
Info:                          Defined in:
Info:                               /homes/cl2033/oss-cad-suite/lib/../share/yosys/ice40/cells_map.v:6.21-6.22
Info:      logic  1.21  17.95 Source soc.cpu.instr_fence_SB_DFFESR_Q_D_SB_LUT4_O_I3_SB_LUT4_O_I2_SB_LUT4_I2_O_SB_LUT4_O_LC.O
Info:    routing  3.60  21.55 Net soc.cpu.instr_fence_SB_DFFESR_Q_D_SB_LUT4_O_I3_SB_LUT4_O_I2_SB_LUT4_I2_O[0] (16,14) -> (20,20)
Info:                          Sink soc.cpu.instr_jal_SB_DFFE_Q_D_SB_LUT4_O_I2_SB_LUT4_O_LC.I0
Info:                          Defined in:
Info:                               /homes/cl2033/oss-cad-suite/lib/../share/yosys/ice40/cells_map.v:6.21-6.22
Info:      logic  1.28  22.83 Source soc.cpu.instr_jal_SB_DFFE_Q_D_SB_LUT4_O_I2_SB_LUT4_O_LC.O
Info:    routing  1.76  24.60 Net soc.cpu.instr_jal_SB_DFFE_Q_D_SB_LUT4_O_I2[1] (20,20) -> (21,21)
Info:                          Sink soc.cpu.decoded_imm_j_SB_DFFE_Q_3_D_SB_LUT4_I3_O_SB_LUT4_O_1_LC.I2
Info:                          Defined in:
Info:                               /homes/cl2033/oss-cad-suite/lib/../share/yosys/ice40/cells_map.v:6.21-6.22
Info:      logic  1.21  25.80 Source soc.cpu.decoded_imm_j_SB_DFFE_Q_3_D_SB_LUT4_I3_O_SB_LUT4_O_1_LC.O
Info:    routing  1.76  27.56 Net soc.cpu.decoded_imm_j_SB_DFFE_Q_13_D[3] (21,21) -> (20,22)
Info:                          Sink soc.cpu.decoded_imm_j_SB_DFFE_Q_2_D_SB_LUT4_I3_O_SB_LUT4_O_LC.I2
Info:                          Defined in:
Info:                               /homes/cl2033/oss-cad-suite/lib/../share/yosys/ice40/cells_map.v:6.21-6.22
Info:      logic  1.21  28.77 Source soc.cpu.decoded_imm_j_SB_DFFE_Q_2_D_SB_LUT4_I3_O_SB_LUT4_O_LC.O
Info:    routing  1.76  30.53 Net soc.cpu.decoded_imm_j_SB_DFFE_Q_2_D_SB_LUT4_I3_O[2] (20,22) -> (20,23)
Info:                          Sink soc.cpu.cpuregs.regs.0.0_RADDR_SB_LUT4_O_LC.I3
Info:                          Defined in:
Info:                               /homes/cl2033/oss-cad-suite/lib/../share/yosys/ice40/cells_map.v:6.21-6.22
Info:      logic  0.87  31.40 Source soc.cpu.cpuregs.regs.0.0_RADDR_SB_LUT4_O_LC.O
Info:    routing  4.58  35.98 Net soc.cpu.cpuregs.regs.0.0_RADDR (20,23) -> (6,21)
Info:                          Sink soc.cpu.cpuregs.regs.0.0_RAM.RADDR_3
Info:      setup  0.10  36.08 Source soc.cpu.cpuregs.regs.0.0_RAM.RADDR_3
Info: 10.14 ns logic, 25.95 ns routing

Info: Critical path report for cross-domain path 'posedge clk_$glb_clk' -> '<async>':
Info:       type curr  total name
Info:   clk-to-q  1.39  1.39 Source soc.spimemio.xfer.dummy_count_SB_DFFESR_Q_D_SB_LUT4_O_LC.O
Info:    routing  1.76  3.15 Net soc.spimemio.xfer.dummy_count[3] (18,2) -> (18,3)
Info:                          Sink soc.spimemio.xfer.xfer_ddr_SB_LUT4_I3_O_SB_LUT4_I3_O_SB_LUT4_O_LC.I0
Info:                          Defined in:
Info:                               spimemio.v:417.12-417.23
Info:      logic  1.28  4.43 Source soc.spimemio.xfer.xfer_ddr_SB_LUT4_I3_O_SB_LUT4_I3_O_SB_LUT4_O_LC.O
Info:    routing  2.30  6.74 Net flash_io0_oe_SB_LUT4_O_I3[2] (18,3) -> (20,3)
Info:                          Sink flash_io2_oe_SB_LUT4_O_I3_SB_LUT4_O_LC.I3
Info:                          Defined in:
Info:                               /homes/cl2033/oss-cad-suite/lib/../share/yosys/ice40/cells_map.v:6.21-6.22
Info:      logic  0.87  7.61 Source flash_io2_oe_SB_LUT4_O_I3_SB_LUT4_O_LC.O
Info:    routing  1.76  9.37 Net flash_io2_oe_SB_LUT4_O_I3[3] (20,3) -> (20,3)
Info:                          Sink soc.spimemio.xfer_io2_90_SB_DFFN_Q_D_SB_LUT4_O_LC.I3
Info:                          Defined in:
Info:                               /homes/cl2033/oss-cad-suite/lib/../share/yosys/ice40/cells_map.v:6.21-6.22
Info:      logic  0.87  10.25 Source soc.spimemio.xfer_io2_90_SB_DFFN_Q_D_SB_LUT4_O_LC.O
Info:    routing  1.76  12.01 Net soc.spimemio.xfer_io2_90_SB_DFFN_Q_D[2] (20,3) -> (20,2)
Info:                          Sink soc.spimemio.xfer_io2_90_SB_LUT4_I2_LC.I3
Info:                          Defined in:
Info:                               /homes/cl2033/oss-cad-suite/lib/../share/yosys/ice40/cells_map.v:6.21-6.22
Info:      logic  0.87  12.88 Source soc.spimemio.xfer_io2_90_SB_LUT4_I2_LC.O
Info:    routing  1.76  14.64 Net flash_io2_do_SB_LUT4_O_I3[2] (20,2) -> (20,1)
Info:                          Sink flash_io2_do_SB_LUT4_O_LC.I3
Info:                          Defined in:
Info:                               /homes/cl2033/oss-cad-suite/lib/../share/yosys/ice40/cells_map.v:6.21-6.22
Info:      logic  0.87  15.52 Source flash_io2_do_SB_LUT4_O_LC.O
Info:    routing  2.95  18.47 Net flash_io2_do (20,1) -> (18,0)
Info:                          Sink flash_io_buf[2].D_OUT_0
Info:                          Defined in:
Info:                               spimemio.v:38.9-38.21
Info: 6.17 ns logic, 12.30 ns routing

Info: Critical path report for cross-domain path 'negedge clk_$glb_clk' -> '<async>':
Info:       type curr  total name
Info:   clk-to-q  1.39  1.39 Source soc.spimemio.xfer_io0_90_SB_DFFN_Q_DFFLC.O
Info:    routing  2.41  3.80 Net soc.spimemio.xfer_io0_90 (22,1) -> (22,2)
Info:                          Sink soc.spimemio.xfer_io0_90_SB_LUT4_I2_LC.I2
Info:                          Defined in:
Info:                               /homes/cl2033/oss-cad-suite/lib/../share/yosys/ice40/cells_map.v:6.21-6.22
Info:      logic  1.21  5.00 Source soc.spimemio.xfer_io0_90_SB_LUT4_I2_LC.O
Info:    routing  1.76  6.76 Net flash_io0_do_SB_LUT4_O_I3[2] (22,2) -> (22,2)
Info:                          Sink flash_io0_do_SB_LUT4_O_LC.I3
Info:                          Defined in:
Info:                               /homes/cl2033/oss-cad-suite/lib/../share/yosys/ice40/cells_map.v:6.21-6.22
Info:      logic  0.87  7.64 Source flash_io0_do_SB_LUT4_O_LC.O
Info:    routing  2.41  10.05 Net flash_io0_do (22,2) -> (23,0)
Info:                          Sink flash_io_buf[0].D_OUT_0
Info:                          Defined in:
Info:                               spimemio.v:36.9-36.21
Info: 3.47 ns logic, 6.58 ns routing

Info: Max frequency for clock     'clk_fast': 251.57 MHz (PASS at 15.00 MHz)
Info: Max frequency for clock 'clk_$glb_clk': 15.95 MHz (PASS at 15.00 MHz)

Info: Max delay <async>              -> posedge clk_$glb_clk: 36.08 ns
Info: Max delay posedge clk_$glb_clk -> <async>             : 18.47 ns
Info: Max delay negedge clk_$glb_clk -> <async>             : 10.05 ns

Info: Slack histogram:
Info:  legend: * represents 15 endpoint(s)
Info:          + represents [1,15) endpoint(s)
Info: [  3988,   6992) |*+
Info: [  6992,   9996) |*+
Info: [  9996,  13000) |***********+
Info: [ 13000,  16004) |*********+
Info: [ 16004,  19008) |******+
Info: [ 19008,  22012) |**********+
Info: [ 22012,  25016) |******+
Info: [ 25016,  28020) |***+
Info: [ 28020,  31024) |***+
Info: [ 31024,  34028) |************+
Info: [ 34028,  37032) |**************+
Info: [ 37032,  40036) |***************+
Info: [ 40036,  43040) |***********+
Info: [ 43040,  46044) |***********************+
Info: [ 46044,  49048) |***************************+
Info: [ 49048,  52052) |*****************+
Info: [ 52052,  55056) |*****************************************************+
Info: [ 55056,  58060) |*************************+
Info: [ 58060,  61064) |************************************************************ 
Info: [ 61064,  64068) |************************************+

Info: Program finished normally.
