Results for test_single_loop
rdcycle:   2637933
rdinstret: 100020
CPI:       26.3
Hits:      54425
Misses:    55610
Total:     110035
Miss rate: 50.53%

Results for test_bubble_sort
rdcycle:   2895812
rdinstret: 142361
CPI:       20.3
Hits:      5551
Misses:    144609
Total:     150160
Miss rate: 96.30%

Results for test_transpose_nested
rdcycle:   5351128
rdinstret: 281125
CPI:       19.0
Hits:      7410
Misses:    283830
Total:     291240
Miss rate: 97.45%

Results for test_recursive
rdcycle:   4436161
rdinstret: 179774
CPI:       24.6
Hits:      32371
Misses:    151598
Total:     183969
Miss rate: 82.40%

Results for test_large_switch
rdcycle:   5911094
rdinstret: 210020
CPI:       28.1
Hits:      12730
Misses:    227305
Total:     240035
Miss rate: 94.69%

Start of benchmarks

Results for test_empty_loop
rdcycle:   321284
rdinstret: 70019
CPI:       4.5
Hits:      79981
Misses:    53
Total:     80034
Miss rate: 0.06%

Results for test_single_loop
rdcycle:   2637933
rdinstret: 100020
CPI:       26.3
Hits:      54425
Misses:    55610
Total:     110035
Miss rate: 50.53%

Results for test_bubble_sort
rdcycle:   2895812
rdinstret: 142361
CPI:       20.3
Hits:      5551
Misses:    144609
Total:     150160
Miss rate: 96.30%

Results for test_transpose_nested
rdcycle:   5351128
rdinstret: 281125
CPI:       19.0
Hits:      7410
Misses:    283830
Total:     291240
Miss rate: 97.45%

Results for test_recursive
rdcycle:   4436161
rdinstret: 179774
CPI:       24.6
Hits:      32371
Misses:    151598
Total:     183969
Miss rate: 82.40%

Results for test_large_switch
rdcycle:   5911094
rdinstret: 210020
CPI:       28.1
Hits:      12730
Misses:    227305
Total:     240035
Miss rate: 94.69%

